Archive member included to satisfy reference by file (symbol)

/home/niks/stm32workspace/stm32f0308-disco_stdperiph_lib/Debug/libstm32f0308-disco_stdperiph_lib.a(stm32f0xx_exti.o)
                              src/main.o (EXTI_Init)
/home/niks/stm32workspace/stm32f0308-disco_stdperiph_lib/Debug/libstm32f0308-disco_stdperiph_lib.a(stm32f0xx_gpio.o)
                              src/main.o (GPIO_Init)
/home/niks/stm32workspace/stm32f0308-disco_stdperiph_lib/Debug/libstm32f0308-disco_stdperiph_lib.a(stm32f0xx_misc.o)
                              src/main.o (NVIC_Init)
/home/niks/stm32workspace/stm32f0308-disco_stdperiph_lib/Debug/libstm32f0308-disco_stdperiph_lib.a(stm32f0xx_rcc.o)
                              src/main.o (RCC_AHBPeriphClockCmd)
/home/niks/stm32workspace/stm32f0308-disco_stdperiph_lib/Debug/libstm32f0308-disco_stdperiph_lib.a(stm32f0xx_syscfg.o)
                              src/main.o (SYSCFG_EXTILineConfig)
/home/niks/stm32workspace/stm32f0308-disco_stdperiph_lib/Debug/libstm32f0308-disco_stdperiph_lib.a(stm32f0xx_tim.o)
                              src/main.o (TIM_TimeBaseInit)
/home/niks/SystemWorkbench/plugins/fr.ac6.mcu.externaltools.arm-none.linux64_1.11.0.201610101240/tools/gcc-arm-none-eabi-5_4-2016q2/bin/../lib/gcc/arm-none-eabi/5.4.1/armv6-m/libgcc.a(_udivsi3.o)
                              src/system_stm32f0xx.o (__aeabi_uidiv)
/home/niks/SystemWorkbench/plugins/fr.ac6.mcu.externaltools.arm-none.linux64_1.11.0.201610101240/tools/gcc-arm-none-eabi-5_4-2016q2/bin/../lib/gcc/arm-none-eabi/5.4.1/armv6-m/libgcc.a(_dvmd_tls.o)
                              /home/niks/SystemWorkbench/plugins/fr.ac6.mcu.externaltools.arm-none.linux64_1.11.0.201610101240/tools/gcc-arm-none-eabi-5_4-2016q2/bin/../lib/gcc/arm-none-eabi/5.4.1/armv6-m/libgcc.a(_udivsi3.o) (__aeabi_idiv0)
/home/niks/SystemWorkbench/plugins/fr.ac6.mcu.externaltools.arm-none.linux64_1.11.0.201610101240/tools/gcc-arm-none-eabi-5_4-2016q2/bin/../lib/gcc/arm-none-eabi/5.4.1/../../../../arm-none-eabi/lib/armv6-m/libc.a(lib_a-errno.o)
                              src/syscalls.o (__errno)
/home/niks/SystemWorkbench/plugins/fr.ac6.mcu.externaltools.arm-none.linux64_1.11.0.201610101240/tools/gcc-arm-none-eabi-5_4-2016q2/bin/../lib/gcc/arm-none-eabi/5.4.1/../../../../arm-none-eabi/lib/armv6-m/libc.a(lib_a-exit.o)
                              /home/niks/SystemWorkbench/plugins/fr.ac6.mcu.externaltools.arm-none.linux64_1.11.0.201610101240/tools/gcc-arm-none-eabi-5_4-2016q2/bin/../lib/gcc/arm-none-eabi/5.4.1/../../../../arm-none-eabi/lib/armv6-m/crt0.o (exit)
/home/niks/SystemWorkbench/plugins/fr.ac6.mcu.externaltools.arm-none.linux64_1.11.0.201610101240/tools/gcc-arm-none-eabi-5_4-2016q2/bin/../lib/gcc/arm-none-eabi/5.4.1/../../../../arm-none-eabi/lib/armv6-m/libc.a(lib_a-impure.o)
                              /home/niks/SystemWorkbench/plugins/fr.ac6.mcu.externaltools.arm-none.linux64_1.11.0.201610101240/tools/gcc-arm-none-eabi-5_4-2016q2/bin/../lib/gcc/arm-none-eabi/5.4.1/../../../../arm-none-eabi/lib/armv6-m/libc.a(lib_a-exit.o) (_global_impure_ptr)
/home/niks/SystemWorkbench/plugins/fr.ac6.mcu.externaltools.arm-none.linux64_1.11.0.201610101240/tools/gcc-arm-none-eabi-5_4-2016q2/bin/../lib/gcc/arm-none-eabi/5.4.1/../../../../arm-none-eabi/lib/armv6-m/libc.a(lib_a-init.o)
                              /home/niks/SystemWorkbench/plugins/fr.ac6.mcu.externaltools.arm-none.linux64_1.11.0.201610101240/tools/gcc-arm-none-eabi-5_4-2016q2/bin/../lib/gcc/arm-none-eabi/5.4.1/../../../../arm-none-eabi/lib/armv6-m/crt0.o (__libc_init_array)
/home/niks/SystemWorkbench/plugins/fr.ac6.mcu.externaltools.arm-none.linux64_1.11.0.201610101240/tools/gcc-arm-none-eabi-5_4-2016q2/bin/../lib/gcc/arm-none-eabi/5.4.1/../../../../arm-none-eabi/lib/armv6-m/libc.a(lib_a-memset.o)
                              /home/niks/SystemWorkbench/plugins/fr.ac6.mcu.externaltools.arm-none.linux64_1.11.0.201610101240/tools/gcc-arm-none-eabi-5_4-2016q2/bin/../lib/gcc/arm-none-eabi/5.4.1/../../../../arm-none-eabi/lib/armv6-m/crt0.o (memset)
/home/niks/SystemWorkbench/plugins/fr.ac6.mcu.externaltools.arm-none.linux64_1.11.0.201610101240/tools/gcc-arm-none-eabi-5_4-2016q2/bin/../lib/gcc/arm-none-eabi/5.4.1/../../../../arm-none-eabi/lib/armv6-m/libc.a(lib_a-__call_atexit.o)
                              /home/niks/SystemWorkbench/plugins/fr.ac6.mcu.externaltools.arm-none.linux64_1.11.0.201610101240/tools/gcc-arm-none-eabi-5_4-2016q2/bin/../lib/gcc/arm-none-eabi/5.4.1/../../../../arm-none-eabi/lib/armv6-m/libc.a(lib_a-exit.o) (__call_exitprocs)
/home/niks/SystemWorkbench/plugins/fr.ac6.mcu.externaltools.arm-none.linux64_1.11.0.201610101240/tools/gcc-arm-none-eabi-5_4-2016q2/bin/../lib/gcc/arm-none-eabi/5.4.1/../../../../arm-none-eabi/lib/armv6-m/libc.a(lib_a-atexit.o)
[...]
Memory Configuration

Name             Origin             Length             Attributes
FLASH            0x08000000         0x00010000         xr
RAM              0x20000000         0x00002000         xrw
MEMORY_B1        0x60000000         0x00000000         xr
*default*        0x00000000         0xffffffff

Linker script and memory map

LOAD /home/niks/SystemWorkbench/plugins/fr.ac6.mcu.externaltools.arm-none.linux64_1.11.0.201610101240/tools/gcc-arm-none-eabi-5_4-2016q2/bin/../lib/gcc/arm-none-eabi/5.4.1/armv6-m/crti.o
LOAD /home/niks/SystemWorkbench/plugins/fr.ac6.mcu.externaltools.arm-none.linux64_1.11.0.201610101240/tools/gcc-arm-none-eabi-5_4-2016q2/bin/../lib/gcc/arm-none-eabi/5.4.1/armv6-m/crtbegin.o
LOAD /home/niks/SystemWorkbench/plugins/fr.ac6.mcu.externaltools.arm-none.linux64_1.11.0.201610101240/tools/gcc-arm-none-eabi-5_4-2016q2/bin/../lib/gcc/arm-none-eabi/5.4.1/../../../../arm-none-eabi/lib/armv6-m/crt0.o
LOAD /home/niks/SystemWorkbench/plugins/fr.ac6.mcu.externaltools.arm-none.linux64_1.11.0.201610101240/tools/gcc-arm-none-eabi-5_4-2016q2/bin/../lib/gcc/arm-none-eabi/5.4.1/../../../../arm-none-eabi/lib/armv6-m/libm.a
LOAD src/main.o
LOAD src/syscalls.o
LOAD src/system_stm32f0xx.o
LOAD startup/startup_stm32f030x8.o
LOAD /home/niks/stm32workspace/stm32f0308-disco_stdperiph_lib/Debug/libstm32f0308-disco_stdperiph_lib.a
START GROUP
LOAD /home/niks/SystemWorkbench/plugins/fr.ac6.mcu.externaltools.arm-none.linux64_1.11.0.201610101240/tools/gcc-arm-none-eabi-5_4-2016q2/bin/../lib/gcc/arm-none-eabi/5.4.1/armv6-m/libgcc.a
LOAD /home/niks/SystemWorkbench/plugins/fr.ac6.mcu.externaltools.arm-none.linux64_1.11.0.201610101240/tools/gcc-arm-none-eabi-5_4-2016q2/bin/../lib/gcc/arm-none-eabi/5.4.1/../../../../arm-none-eabi/lib/armv6-m/libc.a
END GROUP
LOAD /home/niks/SystemWorkbench/plugins/fr.ac6.mcu.externaltools.arm-none.linux64_1.11.0.201610101240/tools/gcc-arm-none-eabi-5_4-2016q2/bin/../lib/gcc/arm-none-eabi/5.4.1/armv6-m/crtend.o
LOAD /home/niks/SystemWorkbench/plugins/fr.ac6.mcu.externaltools.arm-none.linux64_1.11.0.201610101240/tools/gcc-arm-none-eabi-5_4-2016q2/bin/../lib/gcc/arm-none-eabi/5.4.1/armv6-m/crtn.o
                0x20002000                _estack = 0x20002000
                0x00000200                _Min_Heap_Size = 0x200
                0x00000400                _Min_Stack_Size = 0x400

.isr_vector     0x08000000       0xc4
                0x08000000                . = ALIGN (0x4)
 *(.isr_vector)
 .isr_vector    0x08000000       0xc4 startup/startup_stm32f030x8.o
                0x08000000                g_pfnVectors
                0x080000c4                . = ALIGN (0x4)

.text           0x080000c4      0xdec
                0x080000c4                . = ALIGN (0x4)
 *(.text)
 .text          0x080000c4       0x60 /home/niks/SystemWorkbench/plugins/fr.ac6.mcu.externaltools.arm-none.linux64_1.11.0.201610101240/tools/gcc-arm-none-eabi-5_4-2016q2/bin/../lib/gcc/arm-none-eabi/5.4.1/armv6-m/crtbegin.o
 *(.text*)
 .text.main     0x08000124       0x2c src/main.o
                0x08000124                main
 .text.EXTI0_1_IRQHandler
                0x08000150       0x78 src/main.o
                0x08000150                EXTI0_1_IRQHandler
 .text.initializeDiscoveryLeds
                0x080001c8       0x4c src/main.o
                0x080001c8                initializeDiscoveryLeds
 .text.initializeUserButton
                0x08000214       0x98 src/main.o
                0x08000214                initializeUserButton
 .text.InitializePwm
                0x080002ac       0x48 src/main.o
                0x080002ac                InitializePwm
 .text.InitializeTimer
                0x080002f4       0x4c src/main.o
                0x080002f4                InitializeTimer
 .text.InitializePwmPin
                0x08000340       0x48 src/main.o
                0x08000340                InitializePwmPin
 .text.SystemInit
                0x08000388       0x8c src/system_stm32f0xx.o
                0x08000388                SystemInit
 .text.SetSysClock
                0x08000414       0x94 src/system_stm32f0xx.o
 .text.Reset_Handler
                0x080004a8       0x50 startup/startup_stm32f030x8.o
                0x080004a8                Reset_Handler
 .text.Default_Handler
                0x080004f8        0x2 startup/startup_stm32f030x8.o
                0x080004f8                TIM1_CC_IRQHandler
                0x080004f8                HardFault_Handler
                0x080004f8                ADC1_COMP_IRQHandler
                0x080004f8                SysTick_Handler
                0x080004f8                PVD_IRQHandler
                0x080004f8                PendSV_Handler
                0x080004f8                NMI_Handler
                0x080004f8                I2C1_IRQHandler
                0x080004f8                SPI1_IRQHandler
                0x080004f8                TIM6_DAC_IRQHandler
                0x080004f8                EXTI2_3_IRQHandler
                0x080004f8                I2C2_IRQHandler
                0x080004f8                TIM17_IRQHandler
                0x080004f8                RTC_IRQHandler
                0x080004f8                TIM16_IRQHandler
                0x080004f8                TIM3_IRQHandler
                0x080004f8                EXTI4_15_IRQHandler
                0x080004f8                RCC_IRQHandler
                0x080004f8                DMA1_Channel1_IRQHandler
                0x080004f8                Default_Handler
                0x080004f8                CEC_IRQHandler
                0x080004f8                TIM14_IRQHandler
                0x080004f8                DMA1_Channel4_5_IRQHandler
                0x080004f8                TIM15_IRQHandler
                0x080004f8                SPI2_IRQHandler
                0x080004f8                SVC_Handler
                0x080004f8                TS_IRQHandler
                0x080004f8                WWDG_IRQHandler
                0x080004f8                TIM2_IRQHandler
                0x080004f8                DMA1_Channel2_3_IRQHandler
                0x080004f8                USART2_IRQHandler
                0x080004f8                FLASH_IRQHandler
                0x080004f8                USART1_IRQHandler
                0x080004f8                TIM1_BRK_UP_TRG_COM_IRQHandler
 *fill*         0x080004fa        0x2 
 .text.EXTI_Init
                0x080004fc       0xe0 /home/niks/stm32workspace/stm32f0308-disco_stdperiph_lib/Debug/libstm32f0308-disco_stdperiph_lib.a(stm32f0xx_exti.o)
                0x080004fc                EXTI_Init
 .text.EXTI_GetITStatus
                0x080005dc       0x40 /home/niks/stm32workspace/stm32f0308-disco_stdperiph_lib/Debug/libstm32f0308-disco_stdperiph_lib.a(stm32f0xx_exti.o)
                0x080005dc                EXTI_GetITStatus
 .text.EXTI_ClearITPendingBit
                0x0800061c       0x1c /home/niks/stm32workspace/stm32f0308-disco_stdperiph_lib/Debug/libstm32f0308-disco_stdperiph_lib.a(stm32f0xx_exti.o)
                0x0800061c                EXTI_ClearITPendingBit
 .text.GPIO_Init
                0x08000638      0x130 /home/niks/stm32workspace/stm32f0308-disco_stdperiph_lib/Debug/libstm32f0308-disco_stdperiph_lib.a(stm32f0xx_gpio.o)
                0x08000638                GPIO_Init
 .text.GPIO_SetBits
                0x08000768       0x20 /home/niks/stm32workspace/stm32f0308-disco_stdperiph_lib/Debug/libstm32f0308-disco_stdperiph_lib.a(stm32f0xx_gpio.o)
                0x08000768                GPIO_SetBits
 .text.GPIO_ResetBits
                0x08000788       0x20 /home/niks/stm32workspace/stm32f0308-disco_stdperiph_lib/Debug/libstm32f0308-disco_stdperiph_lib.a(stm32f0xx_gpio.o)
                0x08000788                GPIO_ResetBits
 .text.GPIO_PinAFConfig
                0x080007a8       0xa4 /home/niks/stm32workspace/stm32f0308-disco_stdperiph_lib/Debug/libstm32f0308-disco_stdperiph_lib.a(stm32f0xx_gpio.o)
                0x080007a8                GPIO_PinAFConfig
 .text.NVIC_Init
                0x0800084c       0xac /home/niks/stm32workspace/stm32f0308-disco_stdperiph_lib/Debug/libstm32f0308-disco_stdperiph_lib.a(stm32f0xx_misc.o)
                0x0800084c                NVIC_Init
 .text.RCC_AHBPeriphClockCmd
                0x080008f8       0x40 /home/niks/stm32workspace/stm32f0308-disco_stdperiph_lib/Debug/libstm32f0308-disco_stdperiph_lib.a(stm32f0xx_rcc.o)
                0x080008f8                RCC_AHBPeriphClockCmd
 .text.RCC_APB2PeriphClockCmd
                0x08000938       0x40 /home/niks/stm32workspace/stm32f0308-disco_stdperiph_lib/Debug/libstm32f0308-disco_stdperiph_lib.a(stm32f0xx_rcc.o)
                0x08000938                RCC_APB2PeriphClockCmd
 .text.RCC_APB1PeriphClockCmd
                0x08000978       0x40 /home/niks/stm32workspace/stm32f0308-disco_stdperiph_lib/Debug/libstm32f0308-disco_stdperiph_lib.a(stm32f0xx_rcc.o)
                0x08000978                RCC_APB1PeriphClockCmd
 .text.SYSCFG_EXTILineConfig
                0x080009b8       0x94 /home/niks/stm32workspace/stm32f0308-disco_stdperiph_lib/Debug/libstm32f0308-disco_stdperiph_lib.a(stm32f0xx_syscfg.o)
                0x080009b8                SYSCFG_EXTILineConfig
 .text.TIM_TimeBaseInit
                0x08000a4c       0xf0 /home/niks/stm32workspace/stm32f0308-disco_stdperiph_lib/Debug/libstm32f0308-disco_stdperiph_lib.a(stm32f0xx_tim.o)
                0x08000a4c                TIM_TimeBaseInit
 .text.TIM_Cmd  0x08000b3c       0x40 /home/niks/stm32workspace/stm32f0308-disco_stdperiph_lib/Debug/libstm32f0308-disco_stdperiph_lib.a(stm32f0xx_tim.o)
                0x08000b3c                TIM_Cmd
 .text.TIM_OC1Init
                0x08000b7c      0x1a4 /home/niks/stm32workspace/stm32f0308-disco_stdperiph_lib/Debug/libstm32f0308-disco_stdperiph_lib.a(stm32f0xx_tim.o)
                0x08000b7c                TIM_OC1Init
 .text.__libc_init_array
                0x08000d20       0x48 /home/niks/SystemWorkbench/plugins/fr.ac6.mcu.externaltools.arm-none.linux64_1.11.0.201610101240/tools/gcc-arm-none-eabi-5_4-2016q2/bin/../lib/gcc/arm-none-eabi/5.4.1/../../../../arm-none-eabi/lib/armv6-m/libc.a(lib_a-init.o)
                0x08000d20                __libc_init_array
 .text.startup.register_fini
                0x08000d68       0x18 /home/niks/SystemWorkbench/plugins/fr.ac6.mcu.externaltools.arm-none.linux64_1.11.0.201610101240/tools/gcc-arm-none-eabi-5_4-2016q2/bin/../lib/gcc/arm-none-eabi/5.4.1/../../../../arm-none-eabi/lib/armv6-m/libc.a(lib_a-__call_atexit.o)
 .text.atexit   0x08000d80       0x10 /home/niks/SystemWorkbench/plugins/fr.ac6.mcu.externaltools.arm-none.linux64_1.11.0.201610101240/tools/gcc-arm-none-eabi-5_4-2016q2/bin/../lib/gcc/arm-none-eabi/5.4.1/../../../../arm-none-eabi/lib/armv6-m/libc.a(lib_a-atexit.o)
                0x08000d80                atexit
 .text.__libc_fini_array
                0x08000d90       0x34 /home/niks/SystemWorkbench/plugins/fr.ac6.mcu.externaltools.arm-none.linux64_1.11.0.201610101240/tools/gcc-arm-none-eabi-5_4-2016q2/bin/../lib/gcc/arm-none-eabi/5.4.1/../../../../arm-none-eabi/lib/armv6-m/libc.a(lib_a-fini.o)
                0x08000d90                __libc_fini_array
 .text.__register_exitproc
                0x08000dc4       0xd4 /home/niks/SystemWorkbench/plugins/fr.ac6.mcu.externaltools.arm-none.linux64_1.11.0.201610101240/tools/gcc-arm-none-eabi-5_4-2016q2/bin/../lib/gcc/arm-none-eabi/5.4.1/../../../../arm-none-eabi/lib/armv6-m/libc.a(lib_a-__atexit.o)
                0x08000dc4                __register_exitproc
 *(.glue_7)
 .glue_7        0x08000e98        0x0 linker stubs
 *(.glue_7t)
 .glue_7t       0x08000e98        0x0 linker stubs
 *(.eh_frame)
 .eh_frame      0x08000e98        0x0 /home/niks/SystemWorkbench/plugins/fr.ac6.mcu.externaltools.arm-none.linux64_1.11.0.201610101240/tools/gcc-arm-none-eabi-5_4-2016q2/bin/../lib/gcc/arm-none-eabi/5.4.1/armv6-m/crtbegin.o
 *(.init)
 .init          0x08000e98        0x4 /home/niks/SystemWorkbench/plugins/fr.ac6.mcu.externaltools.arm-none.linux64_1.11.0.201610101240/tools/gcc-arm-none-eabi-5_4-2016q2/bin/../lib/gcc/arm-none-eabi/5.4.1/armv6-m/crti.o
                0x08000e98                _init
 .init          0x08000e9c        0x8 /home/niks/SystemWorkbench/plugins/fr.ac6.mcu.externaltools.arm-none.linux64_1.11.0.201610101240/tools/gcc-arm-none-eabi-5_4-2016q2/bin/../lib/gcc/arm-none-eabi/5.4.1/armv6-m/crtn.o
 *(.fini)
 .fini          0x08000ea4        0x4 /home/niks/SystemWorkbench/plugins/fr.ac6.mcu.externaltools.arm-none.linux64_1.11.0.201610101240/tools/gcc-arm-none-eabi-5_4-2016q2/bin/../lib/gcc/arm-none-eabi/5.4.1/armv6-m/crti.o
                0x08000ea4                _fini
 .fini          0x08000ea8        0x8 /home/niks/SystemWorkbench/plugins/fr.ac6.mcu.externaltools.arm-none.linux64_1.11.0.201610101240/tools/gcc-arm-none-eabi-5_4-2016q2/bin/../lib/gcc/arm-none-eabi/5.4.1/armv6-m/crtn.o
                0x08000eb0                . = ALIGN (0x4)
                0x08000eb0                _etext = .

.vfp11_veneer   0x08000eb0        0x0
 .vfp11_veneer  0x08000eb0        0x0 linker stubs

.v4_bx          0x08000eb0        0x0
 .v4_bx         0x08000eb0        0x0 linker stubs

.iplt           0x08000eb0        0x0
 .iplt          0x08000eb0        0x0 /home/niks/SystemWorkbench/plugins/fr.ac6.mcu.externaltools.arm-none.linux64_1.11.0.201610101240/tools/gcc-arm-none-eabi-5_4-2016q2/bin/../lib/gcc/arm-none-eabi/5.4.1/armv6-m/crtbegin.o

.rodata         0x08000eb0        0x8
                0x08000eb0                . = ALIGN (0x4)
 *(.rodata)
 *(.rodata*)
 .rodata.str1.4
                0x08000eb0        0x4 /home/niks/SystemWorkbench/plugins/fr.ac6.mcu.externaltools.arm-none.linux64_1.11.0.201610101240/tools/gcc-arm-none-eabi-5_4-2016q2/bin/../lib/gcc/arm-none-eabi/5.4.1/../../../../arm-none-eabi/lib/armv6-m/libc.a(lib_a-impure.o)
                                  0x2 (size before relaxing)
 .rodata._global_impure_ptr
                0x08000eb4        0x4 /home/niks/SystemWorkbench/plugins/fr.ac6.mcu.externaltools.arm-none.linux64_1.11.0.201610101240/tools/gcc-arm-none-eabi-5_4-2016q2/bin/../lib/gcc/arm-none-eabi/5.4.1/../../../../arm-none-eabi/lib/armv6-m/libc.a(lib_a-impure.o)
                0x08000eb4                _global_impure_ptr
                0x08000eb8                . = ALIGN (0x4)

.rel.dyn        0x08000eb8        0x0
 .rel.iplt      0x08000eb8        0x0 /home/niks/SystemWorkbench/plugins/fr.ac6.mcu.externaltools.arm-none.linux64_1.11.0.201610101240/tools/gcc-arm-none-eabi-5_4-2016q2/bin/../lib/gcc/arm-none-eabi/5.4.1/armv6-m/crtbegin.o

.ARM.extab
 *(.ARM.extab* .gnu.linkonce.armextab.*)

.ARM            0x08000eb8        0x0
                0x08000eb8                __exidx_start = .
 *(.ARM.exidx*)
                0x08000eb8                __exidx_end = .

.preinit_array  0x08000eb8        0x0
                0x08000eb8                PROVIDE (__preinit_array_start, .)
 *(.preinit_array*)
                0x08000eb8                PROVIDE (__preinit_array_end, .)

.init_array     0x08000eb8        0x8
                0x08000eb8                PROVIDE (__init_array_start, .)
 *(SORT(.init_array.*))
 .init_array.00000
                0x08000eb8        0x4 /home/niks/SystemWorkbench/plugins/fr.ac6.mcu.externaltools.arm-none.linux64_1.11.0.201610101240/tools/gcc-arm-none-eabi-5_4-2016q2/bin/../lib/gcc/arm-none-eabi/5.4.1/../../../../arm-none-eabi/lib/armv6-m/libc.a(lib_a-__call_atexit.o)
 *(.init_array*)
 .init_array    0x08000ebc        0x4 /home/niks/SystemWorkbench/plugins/fr.ac6.mcu.externaltools.arm-none.linux64_1.11.0.201610101240/tools/gcc-arm-none-eabi-5_4-2016q2/bin/../lib/gcc/arm-none-eabi/5.4.1/armv6-m/crtbegin.o
                0x08000ec0                PROVIDE (__init_array_end, .)

.fini_array     0x08000ec0        0x4
                0x08000ec0                PROVIDE (__fini_array_start, .)
 *(SORT(.fini_array.*))
 *(.fini_array*)
 .fini_array    0x08000ec0        0x4 /home/niks/SystemWorkbench/plugins/fr.ac6.mcu.externaltools.arm-none.linux64_1.11.0.201610101240/tools/gcc-arm-none-eabi-5_4-2016q2/bin/../lib/gcc/arm-none-eabi/5.4.1/armv6-m/crtbegin.o
                0x08000ec4                PROVIDE (__fini_array_end, .)
                0x08000ec4                _sidata = LOADADDR (.data)

.data           0x20000000      0x428 load address 0x08000ec4
                0x20000000                . = ALIGN (0x4)
                0x20000000                _sdata = .
 *(.data)
 *(.data*)
 .data.impure_data
                0x20000000      0x428 /home/niks/SystemWorkbench/plugins/fr.ac6.mcu.externaltools.arm-none.linux64_1.11.0.201610101240/tools/gcc-arm-none-eabi-5_4-2016q2/bin/../lib/gcc/arm-none-eabi/5.4.1/../../../../arm-none-eabi/lib/armv6-m/libc.a(lib_a-impure.o)
                0x20000428                . = ALIGN (0x4)
                0x20000428                _edata = .

.jcr            0x20000428        0x0 load address 0x080012ec
 .jcr           0x20000428        0x0 /home/niks/SystemWorkbench/plugins/fr.ac6.mcu.externaltools.arm-none.linux64_1.11.0.201610101240/tools/gcc-arm-none-eabi-5_4-2016q2/bin/../lib/gcc/arm-none-eabi/5.4.1/armv6-m/crtbegin.o

.igot.plt       0x20000428        0x0 load address 0x080012ec
 .igot.plt      0x20000428        0x0 /home/niks/SystemWorkbench/plugins/fr.ac6.mcu.externaltools.arm-none.linux64_1.11.0.201610101240/tools/gcc-arm-none-eabi-5_4-2016q2/bin/../lib/gcc/arm-none-eabi/5.4.1/armv6-m/crtbegin.o
                0x20000428                . = ALIGN (0x4)

.bss            0x20000428       0x20 load address 0x080012ec
                0x20000428                _sbss = .
                0x20000428                __bss_start__ = _sbss
 *(.bss)
 .bss           0x20000428       0x1c /home/niks/SystemWorkbench/plugins/fr.ac6.mcu.externaltools.arm-none.linux64_1.11.0.201610101240/tools/gcc-arm-none-eabi-5_4-2016q2/bin/../lib/gcc/arm-none-eabi/5.4.1/armv6-m/crtbegin.o
 .bss           0x20000444        0x1 src/main.o
                0x20000444                throttleLow
 *(.bss*)
 *(COMMON)
                0x20000448                . = ALIGN (0x4)
 *fill*         0x20000445        0x3 
                0x20000448                _ebss = .
                0x20000448                __bss_end__ = _ebss

._user_heap_stack
                0x20000448      0x600 load address 0x080012ec
                0x20000448                . = ALIGN (0x8)
                0x20000448                PROVIDE (end, .)
                [!provide]                PROVIDE (_end, .)
                0x20000648                . = (. + _Min_Heap_Size)
 *fill*         0x20000448      0x200 
                0x20000a48                . = (. + _Min_Stack_Size)
 *fill*         0x20000648      0x400 
                0x20000a48                . = ALIGN (0x8)

.memory_b1_text
 *(.mb1text)
 *(.mb1text*)
 *(.mb1rodata)
 *(.mb1rodata*)

/DISCARD/
 libc.a(*)
 libm.a(*)
 libgcc.a(*)

.ARM.attributes
                0x00000000       0x28
 *(.ARM.attributes)
 .ARM.attributes
                0x00000000       0x1e /home/niks/SystemWorkbench/plugins/fr.ac6.mcu.externaltools.arm-none.linux64_1.11.0.201610101240/tools/gcc-arm-none-eabi-5_4-2016q2/bin/../lib/gcc/arm-none-eabi/5.4.1/armv6-m/crti.o
 .ARM.attributes
                0x0000001e       0x2c /home/niks/SystemWorkbench/plugins/fr.ac6.mcu.externaltools.arm-none.linux64_1.11.0.201610101240/tools/gcc-arm-none-eabi-5_4-2016q2/bin/../lib/gcc/arm-none-eabi/5.4.1/armv6-m/crtbegin.o
 .ARM.attributes
                0x0000004a       0x31 src/main.o
 .ARM.attributes
                0x0000007b       0x31 src/system_stm32f0xx.o
 .ARM.attributes
                0x000000ac       0x21 startup/startup_stm32f030x8.o
 .ARM.attributes
                0x000000cd       0x31 /home/niks/stm32workspace/stm32f0308-disco_stdperiph_lib/Debug/libstm32f0308-disco_stdperiph_lib.a(stm32f0xx_exti.o)
 .ARM.attributes
                0x000000fe       0x31 /home/niks/stm32workspace/stm32f0308-disco_stdperiph_lib/Debug/libstm32f0308-disco_stdperiph_lib.a(stm32f0xx_gpio.o)
 .ARM.attributes
                0x0000012f       0x31 /home/niks/stm32workspace/stm32f0308-disco_stdperiph_lib/Debug/libstm32f0308-disco_stdperiph_lib.a(stm32f0xx_misc.o)
 .ARM.attributes
                0x00000160       0x31 /home/niks/stm32workspace/stm32f0308-disco_stdperiph_lib/Debug/libstm32f0308-disco_stdperiph_lib.a(stm32f0xx_rcc.o)
 .ARM.attributes
                0x00000191       0x31 /home/niks/stm32workspace/stm32f0308-disco_stdperiph_lib/Debug/libstm32f0308-disco_stdperiph_lib.a(stm32f0xx_syscfg.o)
 .ARM.attributes
                0x000001c2       0x31 /home/niks/stm32workspace/stm32f0308-disco_stdperiph_lib/Debug/libstm32f0308-disco_stdperiph_lib.a(stm32f0xx_tim.o)
 .ARM.attributes
                0x000001f3       0x2c /home/niks/SystemWorkbench/plugins/fr.ac6.mcu.externaltools.arm-none.linux64_1.11.0.201610101240/tools/gcc-arm-none-eabi-5_4-2016q2/bin/../lib/gcc/arm-none-eabi/5.4.1/../../../../arm-none-eabi/lib/armv6-m/libc.a(lib_a-impure.o)
 .ARM.attributes
                0x0000021f       0x2c /home/niks/SystemWorkbench/plugins/fr.ac6.mcu.externaltools.arm-none.linux64_1.11.0.201610101240/tools/gcc-arm-none-eabi-5_4-2016q2/bin/../lib/gcc/arm-none-eabi/5.4.1/../../../../arm-none-eabi/lib/armv6-m/libc.a(lib_a-init.o)
 .ARM.attributes
                0x0000024b       0x2c /home/niks/SystemWorkbench/plugins/fr.ac6.mcu.externaltools.arm-none.linux64_1.11.0.201610101240/tools/gcc-arm-none-eabi-5_4-2016q2/bin/../lib/gcc/arm-none-eabi/5.4.1/../../../../arm-none-eabi/lib/armv6-m/libc.a(lib_a-__call_atexit.o)
 .ARM.attributes
                0x00000277       0x2c /home/niks/SystemWorkbench/plugins/fr.ac6.mcu.externaltools.arm-none.linux64_1.11.0.201610101240/tools/gcc-arm-none-eabi-5_4-2016q2/bin/../lib/gcc/arm-none-eabi/5.4.1/../../../../arm-none-eabi/lib/armv6-m/libc.a(lib_a-atexit.o)
 .ARM.attributes
                0x000002a3       0x2c /home/niks/SystemWorkbench/plugins/fr.ac6.mcu.externaltools.arm-none.linux64_1.11.0.201610101240/tools/gcc-arm-none-eabi-5_4-2016q2/bin/../lib/gcc/arm-none-eabi/5.4.1/../../../../arm-none-eabi/lib/armv6-m/libc.a(lib_a-fini.o)
 .ARM.attributes
                0x000002cf       0x2c /home/niks/SystemWorkbench/plugins/fr.ac6.mcu.externaltools.arm-none.linux64_1.11.0.201610101240/tools/gcc-arm-none-eabi-5_4-2016q2/bin/../lib/gcc/arm-none-eabi/5.4.1/../../../../arm-none-eabi/lib/armv6-m/libc.a(lib_a-__atexit.o)
 .ARM.attributes
                0x000002fb       0x1e /home/niks/SystemWorkbench/plugins/fr.ac6.mcu.externaltools.arm-none.linux64_1.11.0.201610101240/tools/gcc-arm-none-eabi-5_4-2016q2/bin/../lib/gcc/arm-none-eabi/5.4.1/armv6-m/crtn.o
OUTPUT(brushlessControl.elf elf32-littlearm)

.debug_info     0x00000000     0x40f8
 .debug_info    0x00000000      0x83d src/main.o
 .debug_info    0x0000083d      0x2d5 src/system_stm32f0xx.o
 .debug_info    0x00000b12       0x76 startup/startup_stm32f030x8.o
 .debug_info    0x00000b88      0x325 /home/niks/stm32workspace/stm32f0308-disco_stdperiph_lib/Debug/libstm32f0308-disco_stdperiph_lib.a(stm32f0xx_exti.o)
 .debug_info    0x00000ead      0x5ef /home/niks/stm32workspace/stm32f0308-disco_stdperiph_lib/Debug/libstm32f0308-disco_stdperiph_lib.a(stm32f0xx_gpio.o)
 .debug_info    0x0000149c      0x376 /home/niks/stm32workspace/stm32f0308-disco_stdperiph_lib/Debug/libstm32f0308-disco_stdperiph_lib.a(stm32f0xx_misc.o)
 .debug_info    0x00001812      0x9b8 /home/niks/stm32workspace/stm32f0308-disco_stdperiph_lib/Debug/libstm32f0308-disco_stdperiph_lib.a(stm32f0xx_rcc.o)
 .debug_info    0x000021ca      0x2b7 /home/niks/stm32workspace/stm32f0308-disco_stdperiph_lib/Debug/libstm32f0308-disco_stdperiph_lib.a(stm32f0xx_syscfg.o)
 .debug_info    0x00002481     0x1c77 /home/niks/stm32workspace/stm32f0308-disco_stdperiph_lib/Debug/libstm32f0308-disco_stdperiph_lib.a(stm32f0xx_tim.o)

.debug_abbrev   0x00000000      0xc0f
 .debug_abbrev  0x00000000      0x15d src/main.o
 .debug_abbrev  0x0000015d      0x11a src/system_stm32f0xx.o
 .debug_abbrev  0x00000277       0x12 startup/startup_stm32f030x8.o
 .debug_abbrev  0x00000289      0x19b /home/niks/stm32workspace/stm32f0308-disco_stdperiph_lib/Debug/libstm32f0308-disco_stdperiph_lib.a(stm32f0xx_exti.o)
 .debug_abbrev  0x00000424      0x1a4 /home/niks/stm32workspace/stm32f0308-disco_stdperiph_lib/Debug/libstm32f0308-disco_stdperiph_lib.a(stm32f0xx_gpio.o)
 .debug_abbrev  0x000005c8      0x14a /home/niks/stm32workspace/stm32f0308-disco_stdperiph_lib/Debug/libstm32f0308-disco_stdperiph_lib.a(stm32f0xx_misc.o)
 .debug_abbrev  0x00000712      0x1f3 /home/niks/stm32workspace/stm32f0308-disco_stdperiph_lib/Debug/libstm32f0308-disco_stdperiph_lib.a(stm32f0xx_rcc.o)
 .debug_abbrev  0x00000905      0x14e /home/niks/stm32workspace/stm32f0308-disco_stdperiph_lib/Debug/libstm32f0308-disco_stdperiph_lib.a(stm32f0xx_syscfg.o)
 .debug_abbrev  0x00000a53      0x1bc /home/niks/stm32workspace/stm32f0308-disco_stdperiph_lib/Debug/libstm32f0308-disco_stdperiph_lib.a(stm32f0xx_tim.o)

.debug_aranges  0x00000000      0x658
 .debug_aranges
                0x00000000       0x50 src/main.o
 .debug_aranges
                0x00000050       0x30 src/system_stm32f0xx.o
 .debug_aranges
                0x00000080       0x28 startup/startup_stm32f030x8.o
 .debug_aranges
                0x000000a8       0x58 /home/niks/stm32workspace/stm32f0308-disco_stdperiph_lib/Debug/libstm32f0308-disco_stdperiph_lib.a(stm32f0xx_exti.o)
 .debug_aranges
                0x00000100       0x80 /home/niks/stm32workspace/stm32f0308-disco_stdperiph_lib/Debug/libstm32f0308-disco_stdperiph_lib.a(stm32f0xx_gpio.o)
 .debug_aranges
                0x00000180       0x30 /home/niks/stm32workspace/stm32f0308-disco_stdperiph_lib/Debug/libstm32f0308-disco_stdperiph_lib.a(stm32f0xx_misc.o)
 .debug_aranges
                0x000001b0      0x150 /home/niks/stm32workspace/stm32f0308-disco_stdperiph_lib/Debug/libstm32f0308-disco_stdperiph_lib.a(stm32f0xx_rcc.o)
 .debug_aranges
                0x00000300       0x58 /home/niks/stm32workspace/stm32f0308-disco_stdperiph_lib/Debug/libstm32f0308-disco_stdperiph_lib.a(stm32f0xx_syscfg.o)
 .debug_aranges
                0x00000358      0x300 /home/niks/stm32workspace/stm32f0308-disco_stdperiph_lib/Debug/libstm32f0308-disco_stdperiph_lib.a(stm32f0xx_tim.o)

.debug_ranges   0x00000000      0x5d0
 .debug_ranges  0x00000000       0x40 src/main.o
 .debug_ranges  0x00000040       0x20 src/system_stm32f0xx.o
 .debug_ranges  0x00000060       0x20 startup/startup_stm32f030x8.o
 .debug_ranges  0x00000080       0x48 /home/niks/stm32workspace/stm32f0308-disco_stdperiph_lib/Debug/libstm32f0308-disco_stdperiph_lib.a(stm32f0xx_exti.o)
 .debug_ranges  0x000000c8       0x70 /home/niks/stm32workspace/stm32f0308-disco_stdperiph_lib/Debug/libstm32f0308-disco_stdperiph_lib.a(stm32f0xx_gpio.o)
 .debug_ranges  0x00000138       0x20 /home/niks/stm32workspace/stm32f0308-disco_stdperiph_lib/Debug/libstm32f0308-disco_stdperiph_lib.a(stm32f0xx_misc.o)
 .debug_ranges  0x00000158      0x140 /home/niks/stm32workspace/stm32f0308-disco_stdperiph_lib/Debug/libstm32f0308-disco_stdperiph_lib.a(stm32f0xx_rcc.o)
 .debug_ranges  0x00000298       0x48 /home/niks/stm32workspace/stm32f0308-disco_stdperiph_lib/Debug/libstm32f0308-disco_stdperiph_lib.a(stm32f0xx_syscfg.o)
 .debug_ranges  0x000002e0      0x2f0 /home/niks/stm32workspace/stm32f0308-disco_stdperiph_lib/Debug/libstm32f0308-disco_stdperiph_lib.a(stm32f0xx_tim.o)

.debug_macro    0x00000000     0x8cf5
 .debug_macro   0x00000000      0x195 src/main.o
 .debug_macro   0x00000195      0x844 src/main.o
 .debug_macro   0x000009d9       0x82 src/main.o
 .debug_macro   0x00000a5b       0x3a src/main.o
 .debug_macro   0x00000a95       0x22 src/main.o
 .debug_macro   0x00000ab7       0x87 src/main.o
 .debug_macro   0x00000b3e       0x44 src/main.o
 .debug_macro   0x00000b82       0xfd src/main.o
 .debug_macro   0x00000c7f       0x5e src/main.o
 .debug_macro   0x00000cdd      0x1df src/main.o
 .debug_macro   0x00000ebc       0x1f src/main.o
 .debug_macro   0x00000edb      0x242 src/main.o
 .debug_macro   0x0000111d     0x337a src/main.o
 .debug_macro   0x00004497      0x18b src/main.o
 .debug_macro   0x00004622       0x28 src/main.o
 .debug_macro   0x0000464a       0xe7 src/main.o
 .debug_macro   0x00004731       0x93 src/main.o
 .debug_macro   0x000047c4       0x70 src/main.o
 .debug_macro   0x00004834      0x225 src/main.o
 .debug_macro   0x00004a59       0xb8 src/main.o
 .debug_macro   0x00004b11      0x210 src/main.o
 .debug_macro   0x00004d21      0x185 src/main.o
 .debug_macro   0x00004ea6      0x138 src/main.o
 .debug_macro   0x00004fde      0x2a0 src/main.o
 .debug_macro   0x0000527e       0x70 src/main.o
 .debug_macro   0x000052ee       0xb2 src/main.o
 .debug_macro   0x000053a0      0x44c src/main.o
 .debug_macro   0x000057ec      0x455 src/main.o
 .debug_macro   0x00005c41      0x396 src/main.o
 .debug_macro   0x00005fd7      0x750 src/main.o
 .debug_macro   0x00006727      0x34d src/main.o
 .debug_macro   0x00006a74       0x34 src/main.o
 .debug_macro   0x00006aa8       0x3a src/main.o
 .debug_macro   0x00006ae2       0x22 src/main.o
 .debug_macro   0x00006b04      0x174 src/system_stm32f0xx.o
 .debug_macro   0x00006c78      0x17e /home/niks/stm32workspace/stm32f0308-disco_stdperiph_lib/Debug/libstm32f0308-disco_stdperiph_lib.a(stm32f0xx_exti.o)
 .debug_macro   0x00006df6      0x83e /home/niks/stm32workspace/stm32f0308-disco_stdperiph_lib/Debug/libstm32f0308-disco_stdperiph_lib.a(stm32f0xx_exti.o)
 .debug_macro   0x00007634       0xb2 /home/niks/stm32workspace/stm32f0308-disco_stdperiph_lib/Debug/libstm32f0308-disco_stdperiph_lib.a(stm32f0xx_exti.o)
 .debug_macro   0x000076e6      0x17c /home/niks/stm32workspace/stm32f0308-disco_stdperiph_lib/Debug/libstm32f0308-disco_stdperiph_lib.a(stm32f0xx_gpio.o)
 .debug_macro   0x00007862      0x17f /home/niks/stm32workspace/stm32f0308-disco_stdperiph_lib/Debug/libstm32f0308-disco_stdperiph_lib.a(stm32f0xx_gpio.o)
 .debug_macro   0x000079e1      0x178 /home/niks/stm32workspace/stm32f0308-disco_stdperiph_lib/Debug/libstm32f0308-disco_stdperiph_lib.a(stm32f0xx_misc.o)
 .debug_macro   0x00007b59       0x34 /home/niks/stm32workspace/stm32f0308-disco_stdperiph_lib/Debug/libstm32f0308-disco_stdperiph_lib.a(stm32f0xx_misc.o)
 .debug_macro   0x00007b8d      0x196 /home/niks/stm32workspace/stm32f0308-disco_stdperiph_lib/Debug/libstm32f0308-disco_stdperiph_lib.a(stm32f0xx_rcc.o)
 .debug_macro   0x00007d23      0x446 /home/niks/stm32workspace/stm32f0308-disco_stdperiph_lib/Debug/libstm32f0308-disco_stdperiph_lib.a(stm32f0xx_rcc.o)
 .debug_macro   0x00008169      0x178 /home/niks/stm32workspace/stm32f0308-disco_stdperiph_lib/Debug/libstm32f0308-disco_stdperiph_lib.a(stm32f0xx_syscfg.o)
 .debug_macro   0x000082e1      0x132 /home/niks/stm32workspace/stm32f0308-disco_stdperiph_lib/Debug/libstm32f0308-disco_stdperiph_lib.a(stm32f0xx_syscfg.o)
 .debug_macro   0x00008413      0x198 /home/niks/stm32workspace/stm32f0308-disco_stdperiph_lib/Debug/libstm32f0308-disco_stdperiph_lib.a(stm32f0xx_tim.o)
 .debug_macro   0x000085ab      0x74a /home/niks/stm32workspace/stm32f0308-disco_stdperiph_lib/Debug/libstm32f0308-disco_stdperiph_lib.a(stm32f0xx_tim.o)

.debug_line     0x00000000     0x40bf
 .debug_line    0x00000000      0x6a6 src/main.o
 .debug_line    0x000006a6      0x660 src/system_stm32f0xx.o
 .debug_line    0x00000d06       0x83 startup/startup_stm32f030x8.o
 .debug_line    0x00000d89      0x6b9 /home/niks/stm32workspace/stm32f0308-disco_stdperiph_lib/Debug/libstm32f0308-disco_stdperiph_lib.a(stm32f0xx_exti.o)
 .debug_line    0x00001442      0x750 /home/niks/stm32workspace/stm32f0308-disco_stdperiph_lib/Debug/libstm32f0308-disco_stdperiph_lib.a(stm32f0xx_gpio.o)
 .debug_line    0x00001b92      0x646 /home/niks/stm32workspace/stm32f0308-disco_stdperiph_lib/Debug/libstm32f0308-disco_stdperiph_lib.a(stm32f0xx_misc.o)
 .debug_line    0x000021d8      0x97c /home/niks/stm32workspace/stm32f0308-disco_stdperiph_lib/Debug/libstm32f0308-disco_stdperiph_lib.a(stm32f0xx_rcc.o)
 .debug_line    0x00002b54      0x6ac /home/niks/stm32workspace/stm32f0308-disco_stdperiph_lib/Debug/libstm32f0308-disco_stdperiph_lib.a(stm32f0xx_syscfg.o)
 .debug_line    0x00003200      0xebf /home/niks/stm32workspace/stm32f0308-disco_stdperiph_lib/Debug/libstm32f0308-disco_stdperiph_lib.a(stm32f0xx_tim.o)

.debug_str      0x00000000    0x2d589
 .debug_str     0x00000000    0x2bf47 src/main.o
                              0x2c10b (size before relaxing)
 .debug_str     0x0002bf47      0x117 src/system_stm32f0xx.o
                              0x2ba4f (size before relaxing)
 .debug_str     0x0002c05e      0x14a /home/niks/stm32workspace/stm32f0308-disco_stdperiph_lib/Debug/libstm32f0308-disco_stdperiph_lib.a(stm32f0xx_exti.o)
                              0x2bb2a (size before relaxing)
 .debug_str     0x0002c1a8      0x16c /home/niks/stm32workspace/stm32f0308-disco_stdperiph_lib/Debug/libstm32f0308-disco_stdperiph_lib.a(stm32f0xx_gpio.o)
                              0x2bc65 (size before relaxing)
 .debug_str     0x0002c314      0x102 /home/niks/stm32workspace/stm32f0308-disco_stdperiph_lib/Debug/libstm32f0308-disco_stdperiph_lib.a(stm32f0xx_misc.o)
                              0x2bacf (size before relaxing)
 .debug_str     0x0002c416      0x574 /home/niks/stm32workspace/stm32f0308-disco_stdperiph_lib/Debug/libstm32f0308-disco_stdperiph_lib.a(stm32f0xx_rcc.o)
                              0x2bfbc (size before relaxing)
 .debug_str     0x0002c98a      0x177 /home/niks/stm32workspace/stm32f0308-disco_stdperiph_lib/Debug/libstm32f0308-disco_stdperiph_lib.a(stm32f0xx_syscfg.o)
                              0x2baf4 (size before relaxing)
 .debug_str     0x0002cb01      0xa88 /home/niks/stm32workspace/stm32f0308-disco_stdperiph_lib/Debug/libstm32f0308-disco_stdperiph_lib.a(stm32f0xx_tim.o)
                              0x2c638 (size before relaxing)

.comment        0x00000000       0x6e
 .comment       0x00000000       0x6e src/main.o
                                 0x6f (size before relaxing)
 .comment       0x0000006e       0x6f src/system_stm32f0xx.o
 .comment       0x0000006e       0x6f /home/niks/stm32workspace/stm32f0308-disco_stdperiph_lib/Debug/libstm32f0308-disco_stdperiph_lib.a(stm32f0xx_exti.o)
 .comment       0x0000006e       0x6f /home/niks/stm32workspace/stm32f0308-disco_stdperiph_lib/Debug/libstm32f0308-disco_stdperiph_lib.a(stm32f0xx_gpio.o)
 .comment       0x0000006e       0x6f /home/niks/stm32workspace/stm32f0308-disco_stdperiph_lib/Debug/libstm32f0308-disco_stdperiph_lib.a(stm32f0xx_misc.o)
 .comment       0x0000006e       0x6f /home/niks/stm32workspace/stm32f0308-disco_stdperiph_lib/Debug/libstm32f0308-disco_stdperiph_lib.a(stm32f0xx_rcc.o)
 .comment       0x0000006e       0x6f /home/niks/stm32workspace/stm32f0308-disco_stdperiph_lib/Debug/libstm32f0308-disco_stdperiph_lib.a(stm32f0xx_syscfg.o)
 .comment       0x0000006e       0x6f /home/niks/stm32workspace/stm32f0308-disco_stdperiph_lib/Debug/libstm32f0308-disco_stdperiph_lib.a(stm32f0xx_tim.o)

.debug_frame    0x00000000     0x1734
 .debug_frame   0x00000000       0xe8 src/main.o
 .debug_frame   0x000000e8       0x6c src/system_stm32f0xx.o
 .debug_frame   0x00000154      0x10c /home/niks/stm32workspace/stm32f0308-disco_stdperiph_lib/Debug/libstm32f0308-disco_stdperiph_lib.a(stm32f0xx_exti.o)
 .debug_frame   0x00000260      0x1b0 /home/niks/stm32workspace/stm32f0308-disco_stdperiph_lib/Debug/libstm32f0308-disco_stdperiph_lib.a(stm32f0xx_gpio.o)
 .debug_frame   0x00000410       0x70 /home/niks/stm32workspace/stm32f0308-disco_stdperiph_lib/Debug/libstm32f0308-disco_stdperiph_lib.a(stm32f0xx_misc.o)
 .debug_frame   0x00000480      0x4e4 /home/niks/stm32workspace/stm32f0308-disco_stdperiph_lib/Debug/libstm32f0308-disco_stdperiph_lib.a(stm32f0xx_rcc.o)
 .debug_frame   0x00000964      0x110 /home/niks/stm32workspace/stm32f0308-disco_stdperiph_lib/Debug/libstm32f0308-disco_stdperiph_lib.a(stm32f0xx_syscfg.o)
 .debug_frame   0x00000a74      0xbb0 /home/niks/stm32workspace/stm32f0308-disco_stdperiph_lib/Debug/libstm32f0308-disco_stdperiph_lib.a(stm32f0xx_tim.o)
 .debug_frame   0x00001624       0x2c /home/niks/SystemWorkbench/plugins/fr.ac6.mcu.externaltools.arm-none.linux64_1.11.0.201610101240/tools/gcc-arm-none-eabi-5_4-2016q2/bin/../lib/gcc/arm-none-eabi/5.4.1/../../../../arm-none-eabi/lib/armv6-m/libc.a(lib_a-init.o)
 .debug_frame   0x00001650       0x54 /home/niks/SystemWorkbench/plugins/fr.ac6.mcu.externaltools.arm-none.linux64_1.11.0.201610101240/tools/gcc-arm-none-eabi-5_4-2016q2/bin/../lib/gcc/arm-none-eabi/5.4.1/../../../../arm-none-eabi/lib/armv6-m/libc.a(lib_a-__call_atexit.o)
 .debug_frame   0x000016a4       0x28 /home/niks/SystemWorkbench/plugins/fr.ac6.mcu.externaltools.arm-none.linux64_1.11.0.201610101240/tools/gcc-arm-none-eabi-5_4-2016q2/bin/../lib/gcc/arm-none-eabi/5.4.1/../../../../arm-none-eabi/lib/armv6-m/libc.a(lib_a-atexit.o)
 .debug_frame   0x000016cc       0x2c /home/niks/SystemWorkbench/plugins/fr.ac6.mcu.externaltools.arm-none.linux64_1.11.0.201610101240/tools/gcc-arm-none-eabi-5_4-2016q2/bin/../lib/gcc/arm-none-eabi/5.4.1/../../../../arm-none-eabi/lib/armv6-m/libc.a(lib_a-fini.o)
 .debug_frame   0x000016f8       0x3c /home/niks/SystemWorkbench/plugins/fr.ac6.mcu.externaltools.arm-none.linux64_1.11.0.201610101240/tools/gcc-arm-none-eabi-5_4-2016q2/bin/../lib/gcc/arm-none-eabi/5.4.1/../../../../arm-none-eabi/lib/armv6-m/libc.a(lib_a-__atexit.o)
