Archive member included to satisfy reference by file (symbol)

/home/niks/stm32workspace/stm32f0discovery_stdperiph_lib/Debug/libstm32f0discovery_stdperiph_lib.a(stm32f0xx_gpio.o)
                              inc/IndicationGPIOs.o (GPIO_Init)
/home/niks/stm32workspace/stm32f0discovery_stdperiph_lib/Debug/libstm32f0discovery_stdperiph_lib.a(stm32f0xx_misc.o)
                              inc/SPI1.o (NVIC_Init)
/home/niks/stm32workspace/stm32f0discovery_stdperiph_lib/Debug/libstm32f0discovery_stdperiph_lib.a(stm32f0xx_rcc.o)
                              inc/SysTickDelay.o (RCC_GetClocksFreq)
/home/niks/stm32workspace/stm32f0discovery_stdperiph_lib/Debug/libstm32f0discovery_stdperiph_lib.a(stm32f0xx_spi.o)
                              inc/SPI1.o (SPI_Init)
/home/niks/SystemWorkbench/plugins/fr.ac6.mcu.externaltools.arm-none.linux64_1.11.0.201610101240/tools/gcc-arm-none-eabi-5_4-2016q2/bin/../lib/gcc/arm-none-eabi/5.4.1/armv6-m/libgcc.a(_udivsi3.o)
                              inc/SysTickDelay.o (__aeabi_uidiv)
/home/niks/SystemWorkbench/plugins/fr.ac6.mcu.externaltools.arm-none.linux64_1.11.0.201610101240/tools/gcc-arm-none-eabi-5_4-2016q2/bin/../lib/gcc/arm-none-eabi/5.4.1/armv6-m/libgcc.a(_dvmd_tls.o)
                              /home/niks/SystemWorkbench/plugins/fr.ac6.mcu.externaltools.arm-none.linux64_1.11.0.201610101240/tools/gcc-arm-none-eabi-5_4-2016q2/bin/../lib/gcc/arm-none-eabi/5.4.1/armv6-m/libgcc.a(_udivsi3.o) (__aeabi_idiv0)
/home/niks/SystemWorkbench/plugins/fr.ac6.mcu.externaltools.arm-none.linux64_1.11.0.201610101240/tools/gcc-arm-none-eabi-5_4-2016q2/bin/../lib/gcc/arm-none-eabi/5.4.1/../../../../arm-none-eabi/lib/armv6-m/libc.a(lib_a-errno.o)
                              src/syscalls.o (__errno)
/home/niks/SystemWorkbench/plugins/fr.ac6.mcu.externaltools.arm-none.linux64_1.11.0.201610101240/tools/gcc-arm-none-eabi-5_4-2016q2/bin/../lib/gcc/arm-none-eabi/5.4.1/../../../../arm-none-eabi/lib/armv6-m/libc.a(lib_a-exit.o)
                              /home/niks/SystemWorkbench/plugins/fr.ac6.mcu.externaltools.arm-none.linux64_1.11.0.201610101240/tools/gcc-arm-none-eabi-5_4-2016q2/bin/../lib/gcc/arm-none-eabi/5.4.1/../../../../arm-none-eabi/lib/armv6-m/crt0.o (exit)
/home/niks/SystemWorkbench/plugins/fr.ac6.mcu.externaltools.arm-none.linux64_1.11.0.201610101240/tools/gcc-arm-none-eabi-5_4-2016q2/bin/../lib/gcc/arm-none-eabi/5.4.1/../../../../arm-none-eabi/lib/armv6-m/libc.a(lib_a-impure.o)
                              /home/niks/SystemWorkbench/plugins/fr.ac6.mcu.externaltools.arm-none.linux64_1.11.0.201610101240/tools/gcc-arm-none-eabi-5_4-2016q2/bin/../lib/gcc/arm-none-eabi/5.4.1/../../../../arm-none-eabi/lib/armv6-m/libc.a(lib_a-exit.o) (_global_impure_ptr)
/home/niks/SystemWorkbench/plugins/fr.ac6.mcu.externaltools.arm-none.linux64_1.11.0.201610101240/tools/gcc-arm-none-eabi-5_4-2016q2/bin/../lib/gcc/arm-none-eabi/5.4.1/../../../../arm-none-eabi/lib/armv6-m/libc.a(lib_a-init.o)
                              /home/niks/SystemWorkbench/plugins/fr.ac6.mcu.externaltools.arm-none.linux64_1.11.0.201610101240/tools/gcc-arm-none-eabi-5_4-2016q2/bin/../lib/gcc/arm-none-eabi/5.4.1/../../../../arm-none-eabi/lib/armv6-m/crt0.o (__libc_init_array)
/home/niks/SystemWorkbench/plugins/fr.ac6.mcu.externaltools.arm-none.linux64_1.11.0.201610101240/tools/gcc-arm-none-eabi-5_4-2016q2/bin/../lib/gcc/arm-none-eabi/5.4.1/../../../../arm-none-eabi/lib/armv6-m/libc.a(lib_a-itoa.o)
                              src/main.o (itoa)
/home/niks/SystemWorkbench/plugins/fr.ac6.mcu.externaltools.arm-none.linux64_1.11.0.201610101240/tools/gcc-arm-none-eabi-5_4-2016q2/bin/../lib/gcc/arm-none-eabi/5.4.1/../../../../arm-none-eabi/lib/armv6-m/libc.a(lib_a-memcpy-stub.o)
                              inc/sdCard.o (memcpy)
/home/niks/SystemWorkbench/plugins/fr.ac6.mcu.externaltools.arm-none.linux64_1.11.0.201610101240/tools/gcc-arm-none-eabi-5_4-2016q2/bin/../lib/gcc/arm-none-eabi/5.4.1/../../../../arm-none-eabi/lib/armv6-m/libc.a(lib_a-memset.o)
                              /home/niks/SystemWorkbench/plugins/fr.ac6.mcu.externaltools.arm-none.linux64_1.11.0.201610101240/tools/gcc-arm-none-eabi-5_4-2016q2/bin/../lib/gcc/arm-none-eabi/5.4.1/../../../../arm-none-eabi/lib/armv6-m/crt0.o (memset)
/home/niks/SystemWorkbench/plugins/fr.ac6.mcu.externaltools.arm-none.linux64_1.11.0.201610101240/tools/gcc-arm-none-eabi-5_4-2016q2/bin/../lib/gcc/arm-none-eabi/5.4.1/../../../../arm-none-eabi/lib/armv6-m/libc.a(lib_a-strcpy.o)
                              inc/sdCard.o (strcpy)
/home/niks/SystemWorkbench/plugins/fr.ac6.mcu.externaltools.arm-none.linux64_1.11.0.201610101240/tools/gcc-arm-none-eabi-5_4-2016q2/bin/../lib/gcc/arm-none-eabi/5.4.1/../../../../arm-none-eabi/lib/armv6-m/libc.a(lib_a-strlen-stub.o)
                              inc/sdCard.o (strlen)
[...]
Memory Configuration

Name             Origin             Length             Attributes
FLASH            0x08000000         0x00010000         xr
RAM              0x20000000         0x00002000         xrw
*default*        0x00000000         0xffffffff

Linker script and memory map

LOAD /home/niks/SystemWorkbench/plugins/fr.ac6.mcu.externaltools.arm-none.linux64_1.11.0.201610101240/tools/gcc-arm-none-eabi-5_4-2016q2/bin/../lib/gcc/arm-none-eabi/5.4.1/armv6-m/crti.o
LOAD /home/niks/SystemWorkbench/plugins/fr.ac6.mcu.externaltools.arm-none.linux64_1.11.0.201610101240/tools/gcc-arm-none-eabi-5_4-2016q2/bin/../lib/gcc/arm-none-eabi/5.4.1/armv6-m/crtbegin.o
LOAD /home/niks/SystemWorkbench/plugins/fr.ac6.mcu.externaltools.arm-none.linux64_1.11.0.201610101240/tools/gcc-arm-none-eabi-5_4-2016q2/bin/../lib/gcc/arm-none-eabi/5.4.1/../../../../arm-none-eabi/lib/armv6-m/crt0.o
LOAD /home/niks/SystemWorkbench/plugins/fr.ac6.mcu.externaltools.arm-none.linux64_1.11.0.201610101240/tools/gcc-arm-none-eabi-5_4-2016q2/bin/../lib/gcc/arm-none-eabi/5.4.1/../../../../arm-none-eabi/lib/armv6-m/libm.a
LOAD inc/IndicationGPIOs.o
LOAD inc/SPI1.o
LOAD inc/SysTickDelay.o
LOAD inc/sdCard.o
LOAD src/main.o
LOAD src/syscalls.o
LOAD src/system_stm32f0xx.o
LOAD startup/startup_stm32f0xx.o
LOAD /home/niks/stm32workspace/stm32f0discovery_stdperiph_lib/Debug/libstm32f0discovery_stdperiph_lib.a
START GROUP
LOAD /home/niks/SystemWorkbench/plugins/fr.ac6.mcu.externaltools.arm-none.linux64_1.11.0.201610101240/tools/gcc-arm-none-eabi-5_4-2016q2/bin/../lib/gcc/arm-none-eabi/5.4.1/armv6-m/libgcc.a
LOAD /home/niks/SystemWorkbench/plugins/fr.ac6.mcu.externaltools.arm-none.linux64_1.11.0.201610101240/tools/gcc-arm-none-eabi-5_4-2016q2/bin/../lib/gcc/arm-none-eabi/5.4.1/../../../../arm-none-eabi/lib/armv6-m/libc.a
END GROUP
LOAD /home/niks/SystemWorkbench/plugins/fr.ac6.mcu.externaltools.arm-none.linux64_1.11.0.201610101240/tools/gcc-arm-none-eabi-5_4-2016q2/bin/../lib/gcc/arm-none-eabi/5.4.1/armv6-m/crtend.o
LOAD /home/niks/SystemWorkbench/plugins/fr.ac6.mcu.externaltools.arm-none.linux64_1.11.0.201610101240/tools/gcc-arm-none-eabi-5_4-2016q2/bin/../lib/gcc/arm-none-eabi/5.4.1/armv6-m/crtn.o
                0x20002000                _estack = 0x20002000
                0x00000000                _Min_Heap_Size = 0x0
                0x00000080                _Min_Stack_Size = 0x80

.isr_vector     0x08000000       0xc4
                0x08000000                . = ALIGN (0x4)
 *(.isr_vector)
 .isr_vector    0x08000000       0xc4 startup/startup_stm32f0xx.o
                0x08000000                g_pfnVectors
                0x080000c4                . = ALIGN (0x4)

.text           0x080000c4     0x22ac
                0x080000c4                . = ALIGN (0x4)
 *(.text)
 .text          0x080000c4       0x60 /home/niks/SystemWorkbench/plugins/fr.ac6.mcu.externaltools.arm-none.linux64_1.11.0.201610101240/tools/gcc-arm-none-eabi-5_4-2016q2/bin/../lib/gcc/arm-none-eabi/5.4.1/armv6-m/crtbegin.o
 .text          0x08000124      0x114 /home/niks/SystemWorkbench/plugins/fr.ac6.mcu.externaltools.arm-none.linux64_1.11.0.201610101240/tools/gcc-arm-none-eabi-5_4-2016q2/bin/../lib/gcc/arm-none-eabi/5.4.1/armv6-m/libgcc.a(_udivsi3.o)
                0x08000124                __udivsi3
                0x08000124                __aeabi_uidiv
                0x08000230                __aeabi_uidivmod
 .text          0x08000238        0x4 /home/niks/SystemWorkbench/plugins/fr.ac6.mcu.externaltools.arm-none.linux64_1.11.0.201610101240/tools/gcc-arm-none-eabi-5_4-2016q2/bin/../lib/gcc/arm-none-eabi/5.4.1/armv6-m/libgcc.a(_dvmd_tls.o)
                0x08000238                __aeabi_ldiv0
                0x08000238                __aeabi_idiv0
 *(.text*)
 .text.initializeGreenLed1
                0x0800023c       0x48 inc/IndicationGPIOs.o
                0x0800023c                initializeGreenLed1
 .text.xorGreenLed1
                0x08000284       0x20 inc/IndicationGPIOs.o
                0x08000284                xorGreenLed1
 .text.initializeRedLed1
                0x080002a4       0x48 inc/IndicationGPIOs.o
                0x080002a4                initializeRedLed1
 .text.xorRedLed1
                0x080002ec       0x20 inc/IndicationGPIOs.o
                0x080002ec                xorRedLed1
 .text.blinkGreenLed1
                0x0800030c       0x3c inc/IndicationGPIOs.o
                0x0800030c                blinkGreenLed1
 .text.InitialiseSPI1_GPIO
                0x08000348       0xac inc/SPI1.o
                0x08000348                InitialiseSPI1_GPIO
 .text.InitialiseSPI1
                0x080003f4       0xb8 inc/SPI1.o
                0x080003f4                InitialiseSPI1
 .text.spi_rw   0x080004ac       0x54 inc/SPI1.o
                0x080004ac                spi_rw
 .text.spi_r    0x08000500       0x58 inc/SPI1.o
                0x08000500                spi_r
 .text.release_spi
                0x08000558       0x18 inc/SPI1.o
                0x08000558                release_spi
 .text.spi_r_m  0x08000570       0x50 inc/SPI1.o
                0x08000570                spi_r_m
 .text.NVIC_SetPriority
                0x080005c0       0xdc inc/SysTickDelay.o
 .text.SysTick_Config
                0x0800069c       0x4c inc/SysTickDelay.o
 .text.initialiseSysTick
                0x080006e8       0x30 inc/SysTickDelay.o
                0x080006e8                initialiseSysTick
 .text.delayMs  0x08000718       0x2c inc/SysTickDelay.o
                0x08000718                delayMs
 .text.SysTick_Handler
                0x08000744       0x20 inc/SysTickDelay.o
                0x08000744                SysTick_Handler
 .text.initializeSD
                0x08000764      0x108 inc/sdCard.o
                0x08000764                initializeSD
 .text.wait_ready
                0x0800086c       0x38 inc/sdCard.o
 .text.send_cmd
                0x080008a4      0x11c inc/sdCard.o
                0x080008a4                send_cmd
 .text.goToIdleState
                0x080009c0       0x28 inc/sdCard.o
                0x080009c0                goToIdleState
 .text.xmit_datablock
                0x080009e8       0xb4 inc/sdCard.o
                0x080009e8                xmit_datablock
 .text.read_datablock
                0x08000a9c       0xb4 inc/sdCard.o
                0x08000a9c                read_datablock
 .text.findDetailsOfFAT
                0x08000b50       0x9c inc/sdCard.o
                0x08000b50                findDetailsOfFAT
 .text.findDetailsOfFile
                0x08000bec       0xe4 inc/sdCard.o
                0x08000bec                findDetailsOfFile
 .text.findLastClusterOfFile
                0x08000cd0       0xd4 inc/sdCard.o
                0x08000cd0                findLastClusterOfFile
 .text.findNextFreeCluster
                0x08000da4       0x5c inc/sdCard.o
                0x08000da4                findNextFreeCluster
 .text.update_fsInfo
                0x08000e00      0x114 inc/sdCard.o
                0x08000e00                update_fsInfo
 .text.writeFileSize
                0x08000f14       0xf8 inc/sdCard.o
                0x08000f14                writeFileSize
 .text.writeNextSectorOfFile
                0x0800100c       0xa8 inc/sdCard.o
                0x0800100c                writeNextSectorOfFile
 .text.appendTextToTheSD
                0x080010b4      0x168 inc/sdCard.o
                0x080010b4                appendTextToTheSD
 .text.allocateNewCluster
                0x0800121c      0x1c4 inc/sdCard.o
                0x0800121c                allocateNewCluster
 .text.startsWith
                0x080013e0       0x60 inc/sdCard.o
                0x080013e0                startsWith
 .text.main     0x08001440      0x290 src/main.o
                0x08001440                main
 .text.SystemInit
                0x080016d0       0x8c src/system_stm32f0xx.o
                0x080016d0                SystemInit
 .text.SetSysClock
                0x0800175c       0x94 src/system_stm32f0xx.o
 .text.Reset_Handler
                0x080017f0       0x50 startup/startup_stm32f0xx.o
                0x080017f0                Reset_Handler
 .text.Default_Handler
                0x08001840        0x2 startup/startup_stm32f0xx.o
                0x08001840                TIM1_CC_IRQHandler
                0x08001840                HardFault_Handler
                0x08001840                ADC1_COMP_IRQHandler
                0x08001840                PVD_IRQHandler
                0x08001840                PendSV_Handler
                0x08001840                NMI_Handler
                0x08001840                I2C1_IRQHandler
                0x08001840                SPI1_IRQHandler
                0x08001840                TIM6_DAC_IRQHandler
                0x08001840                EXTI2_3_IRQHandler
                0x08001840                I2C2_IRQHandler
                0x08001840                TIM17_IRQHandler
                0x08001840                RTC_IRQHandler
                0x08001840                TIM16_IRQHandler
                0x08001840                TIM3_IRQHandler
                0x08001840                EXTI4_15_IRQHandler
                0x08001840                RCC_IRQHandler
                0x08001840                DMA1_Channel1_IRQHandler
                0x08001840                Default_Handler
                0x08001840                CEC_IRQHandler
                0x08001840                TIM14_IRQHandler
                0x08001840                DMA1_Channel4_5_IRQHandler
                0x08001840                TIM15_IRQHandler
                0x08001840                EXTI0_1_IRQHandler
                0x08001840                SPI2_IRQHandler
                0x08001840                SVC_Handler
                0x08001840                TS_IRQHandler
                0x08001840                WWDG_IRQHandler
                0x08001840                TIM2_IRQHandler
                0x08001840                DMA1_Channel2_3_IRQHandler
                0x08001840                USART2_IRQHandler
                0x08001840                FLASH_IRQHandler
                0x08001840                USART1_IRQHandler
                0x08001840                TIM1_BRK_UP_TRG_COM_IRQHandler
 *fill*         0x08001842        0x2 
 .text.GPIO_Init
                0x08001844      0x130 /home/niks/stm32workspace/stm32f0discovery_stdperiph_lib/Debug/libstm32f0discovery_stdperiph_lib.a(stm32f0xx_gpio.o)
                0x08001844                GPIO_Init
 .text.GPIO_SetBits
                0x08001974       0x20 /home/niks/stm32workspace/stm32f0discovery_stdperiph_lib/Debug/libstm32f0discovery_stdperiph_lib.a(stm32f0xx_gpio.o)
                0x08001974                GPIO_SetBits
 .text.GPIO_PinAFConfig
                0x08001994       0xa4 /home/niks/stm32workspace/stm32f0discovery_stdperiph_lib/Debug/libstm32f0discovery_stdperiph_lib.a(stm32f0xx_gpio.o)
                0x08001994                GPIO_PinAFConfig
 .text.RCC_GetClocksFreq
                0x08001a38      0x1d0 /home/niks/stm32workspace/stm32f0discovery_stdperiph_lib/Debug/libstm32f0discovery_stdperiph_lib.a(stm32f0xx_rcc.o)
                0x08001a38                RCC_GetClocksFreq
 .text.RCC_AHBPeriphClockCmd
                0x08001c08       0x40 /home/niks/stm32workspace/stm32f0discovery_stdperiph_lib/Debug/libstm32f0discovery_stdperiph_lib.a(stm32f0xx_rcc.o)
                0x08001c08                RCC_AHBPeriphClockCmd
 .text.RCC_APB2PeriphClockCmd
                0x08001c48       0x40 /home/niks/stm32workspace/stm32f0discovery_stdperiph_lib/Debug/libstm32f0discovery_stdperiph_lib.a(stm32f0xx_rcc.o)
                0x08001c48                RCC_APB2PeriphClockCmd
 .text.SPI_Init
                0x08001c88      0x108 /home/niks/stm32workspace/stm32f0discovery_stdperiph_lib/Debug/libstm32f0discovery_stdperiph_lib.a(stm32f0xx_spi.o)
                0x08001c88                SPI_Init
 .text.SPI_Cmd  0x08001d90       0x40 /home/niks/stm32workspace/stm32f0discovery_stdperiph_lib/Debug/libstm32f0discovery_stdperiph_lib.a(stm32f0xx_spi.o)
                0x08001d90                SPI_Cmd
 .text.SPI_SSOutputCmd
                0x08001dd0       0x40 /home/niks/stm32workspace/stm32f0discovery_stdperiph_lib/Debug/libstm32f0discovery_stdperiph_lib.a(stm32f0xx_spi.o)
                0x08001dd0                SPI_SSOutputCmd
 .text.SPI_SendData8
                0x08001e10       0x2c /home/niks/stm32workspace/stm32f0discovery_stdperiph_lib/Debug/libstm32f0discovery_stdperiph_lib.a(stm32f0xx_spi.o)
                0x08001e10                SPI_SendData8
 .text.SPI_ReceiveData8
                0x08001e3c       0x24 /home/niks/stm32workspace/stm32f0discovery_stdperiph_lib/Debug/libstm32f0discovery_stdperiph_lib.a(stm32f0xx_spi.o)
                0x08001e3c                SPI_ReceiveData8
 .text.SPI_I2S_GetFlagStatus
                0x08001e60       0x48 /home/niks/stm32workspace/stm32f0discovery_stdperiph_lib/Debug/libstm32f0discovery_stdperiph_lib.a(stm32f0xx_spi.o)
                0x08001e60                SPI_I2S_GetFlagStatus
 .text.__libc_init_array
                0x08001ea8       0x48 /home/niks/SystemWorkbench/plugins/fr.ac6.mcu.externaltools.arm-none.linux64_1.11.0.201610101240/tools/gcc-arm-none-eabi-5_4-2016q2/bin/../lib/gcc/arm-none-eabi/5.4.1/../../../../arm-none-eabi/lib/armv6-m/libc.a(lib_a-init.o)
                0x08001ea8                __libc_init_array
 .text.__itoa   0x08001ef0       0x30 /home/niks/SystemWorkbench/plugins/fr.ac6.mcu.externaltools.arm-none.linux64_1.11.0.201610101240/tools/gcc-arm-none-eabi-5_4-2016q2/bin/../lib/gcc/arm-none-eabi/5.4.1/../../../../arm-none-eabi/lib/armv6-m/libc.a(lib_a-itoa.o)
                0x08001ef0                __itoa
 .text.itoa     0x08001f20        0x8 /home/niks/SystemWorkbench/plugins/fr.ac6.mcu.externaltools.arm-none.linux64_1.11.0.201610101240/tools/gcc-arm-none-eabi-5_4-2016q2/bin/../lib/gcc/arm-none-eabi/5.4.1/../../../../arm-none-eabi/lib/armv6-m/libc.a(lib_a-itoa.o)
                0x08001f20                itoa
 .text.memcpy   0x08001f28       0x7c /home/niks/SystemWorkbench/plugins/fr.ac6.mcu.externaltools.arm-none.linux64_1.11.0.201610101240/tools/gcc-arm-none-eabi-5_4-2016q2/bin/../lib/gcc/arm-none-eabi/5.4.1/../../../../arm-none-eabi/lib/armv6-m/libc.a(lib_a-memcpy-stub.o)
                0x08001f28                memcpy
 .text.memset   0x08001fa4       0x8c /home/niks/SystemWorkbench/plugins/fr.ac6.mcu.externaltools.arm-none.linux64_1.11.0.201610101240/tools/gcc-arm-none-eabi-5_4-2016q2/bin/../lib/gcc/arm-none-eabi/5.4.1/../../../../arm-none-eabi/lib/armv6-m/libc.a(lib_a-memset.o)
                0x08001fa4                memset
 .text.strcpy   0x08002030       0x10 /home/niks/SystemWorkbench/plugins/fr.ac6.mcu.externaltools.arm-none.linux64_1.11.0.201610101240/tools/gcc-arm-none-eabi-5_4-2016q2/bin/../lib/gcc/arm-none-eabi/5.4.1/../../../../arm-none-eabi/lib/armv6-m/libc.a(lib_a-strcpy.o)
                0x08002030                strcpy
 .text.strlen   0x08002040       0x68 /home/niks/SystemWorkbench/plugins/fr.ac6.mcu.externaltools.arm-none.linux64_1.11.0.201610101240/tools/gcc-arm-none-eabi-5_4-2016q2/bin/../lib/gcc/arm-none-eabi/5.4.1/../../../../arm-none-eabi/lib/armv6-m/libc.a(lib_a-strlen-stub.o)
                0x08002040                strlen
 .text.strncmp  0x080020a8       0x98 /home/niks/SystemWorkbench/plugins/fr.ac6.mcu.externaltools.arm-none.linux64_1.11.0.201610101240/tools/gcc-arm-none-eabi-5_4-2016q2/bin/../lib/gcc/arm-none-eabi/5.4.1/../../../../arm-none-eabi/lib/armv6-m/libc.a(lib_a-strncmp.o)
                0x080020a8                strncmp
 .text.__utoa   0x08002140       0x8c /home/niks/SystemWorkbench/plugins/fr.ac6.mcu.externaltools.arm-none.linux64_1.11.0.201610101240/tools/gcc-arm-none-eabi-5_4-2016q2/bin/../lib/gcc/arm-none-eabi/5.4.1/../../../../arm-none-eabi/lib/armv6-m/libc.a(lib_a-utoa.o)
                0x08002140                __utoa
 .text.startup.register_fini
                0x080021cc       0x18 /home/niks/SystemWorkbench/plugins/fr.ac6.mcu.externaltools.arm-none.linux64_1.11.0.201610101240/tools/gcc-arm-none-eabi-5_4-2016q2/bin/../lib/gcc/arm-none-eabi/5.4.1/../../../../arm-none-eabi/lib/armv6-m/libc.a(lib_a-__call_atexit.o)
 .text.atexit   0x080021e4       0x10 /home/niks/SystemWorkbench/plugins/fr.ac6.mcu.externaltools.arm-none.linux64_1.11.0.201610101240/tools/gcc-arm-none-eabi-5_4-2016q2/bin/../lib/gcc/arm-none-eabi/5.4.1/../../../../arm-none-eabi/lib/armv6-m/libc.a(lib_a-atexit.o)
                0x080021e4                atexit
 .text.__libc_fini_array
                0x080021f4       0x34 /home/niks/SystemWorkbench/plugins/fr.ac6.mcu.externaltools.arm-none.linux64_1.11.0.201610101240/tools/gcc-arm-none-eabi-5_4-2016q2/bin/../lib/gcc/arm-none-eabi/5.4.1/../../../../arm-none-eabi/lib/armv6-m/libc.a(lib_a-fini.o)
                0x080021f4                __libc_fini_array
 .text.__register_exitproc
                0x08002228       0xd4 /home/niks/SystemWorkbench/plugins/fr.ac6.mcu.externaltools.arm-none.linux64_1.11.0.201610101240/tools/gcc-arm-none-eabi-5_4-2016q2/bin/../lib/gcc/arm-none-eabi/5.4.1/../../../../arm-none-eabi/lib/armv6-m/libc.a(lib_a-__atexit.o)
                0x08002228                __register_exitproc
 *(.rodata)
 .rodata        0x080022fc       0x2a src/main.o
 *(.rodata*)
 *fill*         0x08002326        0x2 
 .rodata.str1.4
                0x08002328        0x2 /home/niks/SystemWorkbench/plugins/fr.ac6.mcu.externaltools.arm-none.linux64_1.11.0.201610101240/tools/gcc-arm-none-eabi-5_4-2016q2/bin/../lib/gcc/arm-none-eabi/5.4.1/../../../../arm-none-eabi/lib/armv6-m/libc.a(lib_a-impure.o)
 *fill*         0x0800232a        0x2 
 .rodata._global_impure_ptr
                0x0800232c        0x4 /home/niks/SystemWorkbench/plugins/fr.ac6.mcu.externaltools.arm-none.linux64_1.11.0.201610101240/tools/gcc-arm-none-eabi-5_4-2016q2/bin/../lib/gcc/arm-none-eabi/5.4.1/../../../../arm-none-eabi/lib/armv6-m/libc.a(lib_a-impure.o)
                0x0800232c                _global_impure_ptr
 .rodata.str1.4
                0x08002330       0x28 /home/niks/SystemWorkbench/plugins/fr.ac6.mcu.externaltools.arm-none.linux64_1.11.0.201610101240/tools/gcc-arm-none-eabi-5_4-2016q2/bin/../lib/gcc/arm-none-eabi/5.4.1/../../../../arm-none-eabi/lib/armv6-m/libc.a(lib_a-utoa.o)
                                 0x25 (size before relaxing)
 *(.glue_7)
 .glue_7        0x08002358        0x0 linker stubs
 *(.glue_7t)
 .glue_7t       0x08002358        0x0 linker stubs
 *(.eh_frame)
 .eh_frame      0x08002358        0x0 /home/niks/SystemWorkbench/plugins/fr.ac6.mcu.externaltools.arm-none.linux64_1.11.0.201610101240/tools/gcc-arm-none-eabi-5_4-2016q2/bin/../lib/gcc/arm-none-eabi/5.4.1/armv6-m/crtbegin.o
 *(.init)
 .init          0x08002358        0x4 /home/niks/SystemWorkbench/plugins/fr.ac6.mcu.externaltools.arm-none.linux64_1.11.0.201610101240/tools/gcc-arm-none-eabi-5_4-2016q2/bin/../lib/gcc/arm-none-eabi/5.4.1/armv6-m/crti.o
                0x08002358                _init
 .init          0x0800235c        0x8 /home/niks/SystemWorkbench/plugins/fr.ac6.mcu.externaltools.arm-none.linux64_1.11.0.201610101240/tools/gcc-arm-none-eabi-5_4-2016q2/bin/../lib/gcc/arm-none-eabi/5.4.1/armv6-m/crtn.o
 *(.fini)
 .fini          0x08002364        0x4 /home/niks/SystemWorkbench/plugins/fr.ac6.mcu.externaltools.arm-none.linux64_1.11.0.201610101240/tools/gcc-arm-none-eabi-5_4-2016q2/bin/../lib/gcc/arm-none-eabi/5.4.1/armv6-m/crti.o
                0x08002364                _fini
 .fini          0x08002368        0x8 /home/niks/SystemWorkbench/plugins/fr.ac6.mcu.externaltools.arm-none.linux64_1.11.0.201610101240/tools/gcc-arm-none-eabi-5_4-2016q2/bin/../lib/gcc/arm-none-eabi/5.4.1/armv6-m/crtn.o
                0x08002370                . = ALIGN (0x4)
                0x08002370                _etext = .

.vfp11_veneer   0x08002370        0x0
 .vfp11_veneer  0x08002370        0x0 linker stubs

.v4_bx          0x08002370        0x0
 .v4_bx         0x08002370        0x0 linker stubs

.iplt           0x08002370        0x0
 .iplt          0x08002370        0x0 /home/niks/SystemWorkbench/plugins/fr.ac6.mcu.externaltools.arm-none.linux64_1.11.0.201610101240/tools/gcc-arm-none-eabi-5_4-2016q2/bin/../lib/gcc/arm-none-eabi/5.4.1/armv6-m/crtbegin.o

.rel.dyn        0x08002370        0x0
 .rel.iplt      0x08002370        0x0 /home/niks/SystemWorkbench/plugins/fr.ac6.mcu.externaltools.arm-none.linux64_1.11.0.201610101240/tools/gcc-arm-none-eabi-5_4-2016q2/bin/../lib/gcc/arm-none-eabi/5.4.1/armv6-m/crtbegin.o

.ARM.extab
 *(.ARM.extab* .gnu.linkonce.armextab.*)

.ARM            0x08002370        0x0
                0x08002370                __exidx_start = .
 *(.ARM.exidx*)
                0x08002370                __exidx_end = .

.preinit_array  0x08002370        0x0
                0x08002370                PROVIDE (__preinit_array_start, .)
 *(.preinit_array*)
                0x08002370                PROVIDE (__preinit_array_end, .)

.init_array     0x08002370        0x8
                0x08002370                PROVIDE (__init_array_start, .)
 *(SORT(.init_array.*))
 .init_array.00000
                0x08002370        0x4 /home/niks/SystemWorkbench/plugins/fr.ac6.mcu.externaltools.arm-none.linux64_1.11.0.201610101240/tools/gcc-arm-none-eabi-5_4-2016q2/bin/../lib/gcc/arm-none-eabi/5.4.1/../../../../arm-none-eabi/lib/armv6-m/libc.a(lib_a-__call_atexit.o)
 *(.init_array*)
 .init_array    0x08002374        0x4 /home/niks/SystemWorkbench/plugins/fr.ac6.mcu.externaltools.arm-none.linux64_1.11.0.201610101240/tools/gcc-arm-none-eabi-5_4-2016q2/bin/../lib/gcc/arm-none-eabi/5.4.1/armv6-m/crtbegin.o
                0x08002378                PROVIDE (__init_array_end, .)

.fini_array     0x08002378        0x4
                0x08002378                PROVIDE (__fini_array_start, .)
 *(SORT(.fini_array.*))
 *(.fini_array*)
 .fini_array    0x08002378        0x4 /home/niks/SystemWorkbench/plugins/fr.ac6.mcu.externaltools.arm-none.linux64_1.11.0.201610101240/tools/gcc-arm-none-eabi-5_4-2016q2/bin/../lib/gcc/arm-none-eabi/5.4.1/armv6-m/crtbegin.o
                0x0800237c                PROVIDE (__fini_array_end, .)
                0x0800237c                _sidata = LOADADDR (.data)

.data           0x20000000      0x438 load address 0x0800237c
                0x20000000                . = ALIGN (0x4)
                0x20000000                _sdata = .
 *(.data)
 .data          0x20000000       0x10 /home/niks/stm32workspace/stm32f0discovery_stdperiph_lib/Debug/libstm32f0discovery_stdperiph_lib.a(stm32f0xx_rcc.o)
 *(.data*)
 .data.impure_data
                0x20000010      0x428 /home/niks/SystemWorkbench/plugins/fr.ac6.mcu.externaltools.arm-none.linux64_1.11.0.201610101240/tools/gcc-arm-none-eabi-5_4-2016q2/bin/../lib/gcc/arm-none-eabi/5.4.1/../../../../arm-none-eabi/lib/armv6-m/libc.a(lib_a-impure.o)
                0x20000438                . = ALIGN (0x4)
                0x20000438                _edata = .

.jcr            0x20000438        0x0 load address 0x080027b4
 .jcr           0x20000438        0x0 /home/niks/SystemWorkbench/plugins/fr.ac6.mcu.externaltools.arm-none.linux64_1.11.0.201610101240/tools/gcc-arm-none-eabi-5_4-2016q2/bin/../lib/gcc/arm-none-eabi/5.4.1/armv6-m/crtbegin.o

.igot.plt       0x20000438        0x0 load address 0x080027b4
 .igot.plt      0x20000438        0x0 /home/niks/SystemWorkbench/plugins/fr.ac6.mcu.externaltools.arm-none.linux64_1.11.0.201610101240/tools/gcc-arm-none-eabi-5_4-2016q2/bin/../lib/gcc/arm-none-eabi/5.4.1/armv6-m/crtbegin.o
                0x20000438                . = ALIGN (0x4)

.bss            0x20000438       0x20 load address 0x080027b4
                0x20000438                _sbss = .
                0x20000438                __bss_start__ = _sbss
 *(.bss)
 .bss           0x20000438       0x1c /home/niks/SystemWorkbench/plugins/fr.ac6.mcu.externaltools.arm-none.linux64_1.11.0.201610101240/tools/gcc-arm-none-eabi-5_4-2016q2/bin/../lib/gcc/arm-none-eabi/5.4.1/armv6-m/crtbegin.o
 .bss           0x20000454        0x4 inc/SysTickDelay.o
 *(.bss*)
 *(COMMON)
                0x20000458                . = ALIGN (0x4)
                0x20000458                _ebss = .
                0x20000458                __bss_end__ = _ebss

._user_heap_stack
                0x20000458       0x80 load address 0x080027b4
                0x20000458                . = ALIGN (0x8)
                0x20000458                PROVIDE (end, .)
                [!provide]                PROVIDE (_end, .)
                0x20000458                . = (. + _Min_Heap_Size)
                0x200004d8                . = (. + _Min_Stack_Size)
 *fill*         0x20000458       0x80 
                0x200004d8                . = ALIGN (0x8)

.ARM.attributes
                0x00000000       0x28
 *(.ARM.attributes)
 .ARM.attributes
                0x00000000       0x1e /home/niks/SystemWorkbench/plugins/fr.ac6.mcu.externaltools.arm-none.linux64_1.11.0.201610101240/tools/gcc-arm-none-eabi-5_4-2016q2/bin/../lib/gcc/arm-none-eabi/5.4.1/armv6-m/crti.o
 .ARM.attributes
                0x0000001e       0x2c /home/niks/SystemWorkbench/plugins/fr.ac6.mcu.externaltools.arm-none.linux64_1.11.0.201610101240/tools/gcc-arm-none-eabi-5_4-2016q2/bin/../lib/gcc/arm-none-eabi/5.4.1/armv6-m/crtbegin.o
 .ARM.attributes
                0x0000004a       0x31 inc/IndicationGPIOs.o
 .ARM.attributes
                0x0000007b       0x31 inc/SPI1.o
 .ARM.attributes
                0x000000ac       0x31 inc/SysTickDelay.o
 .ARM.attributes
                0x000000dd       0x31 inc/sdCard.o
 .ARM.attributes
                0x0000010e       0x31 src/main.o
 .ARM.attributes
                0x0000013f       0x31 src/system_stm32f0xx.o
 .ARM.attributes
                0x00000170       0x21 startup/startup_stm32f0xx.o
 .ARM.attributes
                0x00000191       0x31 /home/niks/stm32workspace/stm32f0discovery_stdperiph_lib/Debug/libstm32f0discovery_stdperiph_lib.a(stm32f0xx_gpio.o)
 .ARM.attributes
                0x000001c2       0x31 /home/niks/stm32workspace/stm32f0discovery_stdperiph_lib/Debug/libstm32f0discovery_stdperiph_lib.a(stm32f0xx_rcc.o)
 .ARM.attributes
                0x000001f3       0x31 /home/niks/stm32workspace/stm32f0discovery_stdperiph_lib/Debug/libstm32f0discovery_stdperiph_lib.a(stm32f0xx_spi.o)
 .ARM.attributes
                0x00000224       0x1e /home/niks/SystemWorkbench/plugins/fr.ac6.mcu.externaltools.arm-none.linux64_1.11.0.201610101240/tools/gcc-arm-none-eabi-5_4-2016q2/bin/../lib/gcc/arm-none-eabi/5.4.1/armv6-m/libgcc.a(_udivsi3.o)
 .ARM.attributes
                0x00000242       0x1e /home/niks/SystemWorkbench/plugins/fr.ac6.mcu.externaltools.arm-none.linux64_1.11.0.201610101240/tools/gcc-arm-none-eabi-5_4-2016q2/bin/../lib/gcc/arm-none-eabi/5.4.1/armv6-m/libgcc.a(_dvmd_tls.o)
 .ARM.attributes
                0x00000260       0x2c /home/niks/SystemWorkbench/plugins/fr.ac6.mcu.externaltools.arm-none.linux64_1.11.0.201610101240/tools/gcc-arm-none-eabi-5_4-2016q2/bin/../lib/gcc/arm-none-eabi/5.4.1/../../../../arm-none-eabi/lib/armv6-m/libc.a(lib_a-impure.o)
 .ARM.attributes
                0x0000028c       0x2c /home/niks/SystemWorkbench/plugins/fr.ac6.mcu.externaltools.arm-none.linux64_1.11.0.201610101240/tools/gcc-arm-none-eabi-5_4-2016q2/bin/../lib/gcc/arm-none-eabi/5.4.1/../../../../arm-none-eabi/lib/armv6-m/libc.a(lib_a-init.o)
 .ARM.attributes
                0x000002b8       0x2c /home/niks/SystemWorkbench/plugins/fr.ac6.mcu.externaltools.arm-none.linux64_1.11.0.201610101240/tools/gcc-arm-none-eabi-5_4-2016q2/bin/../lib/gcc/arm-none-eabi/5.4.1/../../../../arm-none-eabi/lib/armv6-m/libc.a(lib_a-itoa.o)
 .ARM.attributes
                0x000002e4       0x2c /home/niks/SystemWorkbench/plugins/fr.ac6.mcu.externaltools.arm-none.linux64_1.11.0.201610101240/tools/gcc-arm-none-eabi-5_4-2016q2/bin/../lib/gcc/arm-none-eabi/5.4.1/../../../../arm-none-eabi/lib/armv6-m/libc.a(lib_a-memcpy-stub.o)
 .ARM.attributes
                0x00000310       0x2c /home/niks/SystemWorkbench/plugins/fr.ac6.mcu.externaltools.arm-none.linux64_1.11.0.201610101240/tools/gcc-arm-none-eabi-5_4-2016q2/bin/../lib/gcc/arm-none-eabi/5.4.1/../../../../arm-none-eabi/lib/armv6-m/libc.a(lib_a-memset.o)
 .ARM.attributes
                0x0000033c       0x2c /home/niks/SystemWorkbench/plugins/fr.ac6.mcu.externaltools.arm-none.linux64_1.11.0.201610101240/tools/gcc-arm-none-eabi-5_4-2016q2/bin/../lib/gcc/arm-none-eabi/5.4.1/../../../../arm-none-eabi/lib/armv6-m/libc.a(lib_a-strcpy.o)
 .ARM.attributes
                0x00000368       0x2c /home/niks/SystemWorkbench/plugins/fr.ac6.mcu.externaltools.arm-none.linux64_1.11.0.201610101240/tools/gcc-arm-none-eabi-5_4-2016q2/bin/../lib/gcc/arm-none-eabi/5.4.1/../../../../arm-none-eabi/lib/armv6-m/libc.a(lib_a-strlen-stub.o)
 .ARM.attributes
                0x00000394       0x2c /home/niks/SystemWorkbench/plugins/fr.ac6.mcu.externaltools.arm-none.linux64_1.11.0.201610101240/tools/gcc-arm-none-eabi-5_4-2016q2/bin/../lib/gcc/arm-none-eabi/5.4.1/../../../../arm-none-eabi/lib/armv6-m/libc.a(lib_a-strncmp.o)
 .ARM.attributes
                0x000003c0       0x2c /home/niks/SystemWorkbench/plugins/fr.ac6.mcu.externaltools.arm-none.linux64_1.11.0.201610101240/tools/gcc-arm-none-eabi-5_4-2016q2/bin/../lib/gcc/arm-none-eabi/5.4.1/../../../../arm-none-eabi/lib/armv6-m/libc.a(lib_a-utoa.o)
 .ARM.attributes
                0x000003ec       0x2c /home/niks/SystemWorkbench/plugins/fr.ac6.mcu.externaltools.arm-none.linux64_1.11.0.201610101240/tools/gcc-arm-none-eabi-5_4-2016q2/bin/../lib/gcc/arm-none-eabi/5.4.1/../../../../arm-none-eabi/lib/armv6-m/libc.a(lib_a-__call_atexit.o)
 .ARM.attributes
                0x00000418       0x2c /home/niks/SystemWorkbench/plugins/fr.ac6.mcu.externaltools.arm-none.linux64_1.11.0.201610101240/tools/gcc-arm-none-eabi-5_4-2016q2/bin/../lib/gcc/arm-none-eabi/5.4.1/../../../../arm-none-eabi/lib/armv6-m/libc.a(lib_a-atexit.o)
 .ARM.attributes
                0x00000444       0x2c /home/niks/SystemWorkbench/plugins/fr.ac6.mcu.externaltools.arm-none.linux64_1.11.0.201610101240/tools/gcc-arm-none-eabi-5_4-2016q2/bin/../lib/gcc/arm-none-eabi/5.4.1/../../../../arm-none-eabi/lib/armv6-m/libc.a(lib_a-fini.o)
 .ARM.attributes
                0x00000470       0x2c /home/niks/SystemWorkbench/plugins/fr.ac6.mcu.externaltools.arm-none.linux64_1.11.0.201610101240/tools/gcc-arm-none-eabi-5_4-2016q2/bin/../lib/gcc/arm-none-eabi/5.4.1/../../../../arm-none-eabi/lib/armv6-m/libc.a(lib_a-__atexit.o)
 .ARM.attributes
                0x0000049c       0x1e /home/niks/SystemWorkbench/plugins/fr.ac6.mcu.externaltools.arm-none.linux64_1.11.0.201610101240/tools/gcc-arm-none-eabi-5_4-2016q2/bin/../lib/gcc/arm-none-eabi/5.4.1/armv6-m/crtn.o
OUTPUT(FileSyst.elf elf32-littlearm)

.debug_info     0x00000000     0x39da
 .debug_info    0x00000000      0x56a inc/IndicationGPIOs.o
 .debug_info    0x0000056a      0x6b2 inc/SPI1.o
 .debug_info    0x00000c1c      0x490 inc/SysTickDelay.o
 .debug_info    0x000010ac      0x9de inc/sdCard.o
 .debug_info    0x00001a8a      0x1d8 src/main.o
 .debug_info    0x00001c62      0x2d5 src/system_stm32f0xx.o
 .debug_info    0x00001f37       0x6c startup/startup_stm32f0xx.o
 .debug_info    0x00001fa3      0x5ee /home/niks/stm32workspace/stm32f0discovery_stdperiph_lib/Debug/libstm32f0discovery_stdperiph_lib.a(stm32f0xx_gpio.o)
 .debug_info    0x00002591      0x9b1 /home/niks/stm32workspace/stm32f0discovery_stdperiph_lib/Debug/libstm32f0discovery_stdperiph_lib.a(stm32f0xx_rcc.o)
 .debug_info    0x00002f42      0xa98 /home/niks/stm32workspace/stm32f0discovery_stdperiph_lib/Debug/libstm32f0discovery_stdperiph_lib.a(stm32f0xx_spi.o)

.debug_abbrev   0x00000000      0xd00
 .debug_abbrev  0x00000000      0x118 inc/IndicationGPIOs.o
 .debug_abbrev  0x00000118      0x18f inc/SPI1.o
 .debug_abbrev  0x000002a7      0x1a7 inc/SysTickDelay.o
 .debug_abbrev  0x0000044e      0x1c0 inc/sdCard.o
 .debug_abbrev  0x0000060e       0x96 src/main.o
 .debug_abbrev  0x000006a4      0x11a src/system_stm32f0xx.o
 .debug_abbrev  0x000007be       0x12 startup/startup_stm32f0xx.o
 .debug_abbrev  0x000007d0      0x195 /home/niks/stm32workspace/stm32f0discovery_stdperiph_lib/Debug/libstm32f0discovery_stdperiph_lib.a(stm32f0xx_gpio.o)
 .debug_abbrev  0x00000965      0x1f3 /home/niks/stm32workspace/stm32f0discovery_stdperiph_lib/Debug/libstm32f0discovery_stdperiph_lib.a(stm32f0xx_rcc.o)
 .debug_abbrev  0x00000b58      0x1a8 /home/niks/stm32workspace/stm32f0discovery_stdperiph_lib/Debug/libstm32f0discovery_stdperiph_lib.a(stm32f0xx_spi.o)

.debug_aranges  0x00000000      0x5d8
 .debug_aranges
                0x00000000      0x110 inc/IndicationGPIOs.o
 .debug_aranges
                0x00000110       0x58 inc/SPI1.o
 .debug_aranges
                0x00000168       0x40 inc/SysTickDelay.o
 .debug_aranges
                0x000001a8       0xd8 inc/sdCard.o
 .debug_aranges
                0x00000280       0x20 src/main.o
 .debug_aranges
                0x000002a0       0x30 src/system_stm32f0xx.o
 .debug_aranges
                0x000002d0       0x28 startup/startup_stm32f0xx.o
 .debug_aranges
                0x000002f8       0x80 /home/niks/stm32workspace/stm32f0discovery_stdperiph_lib/Debug/libstm32f0discovery_stdperiph_lib.a(stm32f0xx_gpio.o)
 .debug_aranges
                0x00000378      0x150 /home/niks/stm32workspace/stm32f0discovery_stdperiph_lib/Debug/libstm32f0discovery_stdperiph_lib.a(stm32f0xx_rcc.o)
 .debug_aranges
                0x000004c8      0x110 /home/niks/stm32workspace/stm32f0discovery_stdperiph_lib/Debug/libstm32f0discovery_stdperiph_lib.a(stm32f0xx_spi.o)

.debug_ranges   0x00000000      0x540
 .debug_ranges  0x00000000      0x100 inc/IndicationGPIOs.o
 .debug_ranges  0x00000100       0x48 inc/SPI1.o
 .debug_ranges  0x00000148       0x30 inc/SysTickDelay.o
 .debug_ranges  0x00000178       0xc8 inc/sdCard.o
 .debug_ranges  0x00000240       0x10 src/main.o
 .debug_ranges  0x00000250       0x20 src/system_stm32f0xx.o
 .debug_ranges  0x00000270       0x20 startup/startup_stm32f0xx.o
 .debug_ranges  0x00000290       0x70 /home/niks/stm32workspace/stm32f0discovery_stdperiph_lib/Debug/libstm32f0discovery_stdperiph_lib.a(stm32f0xx_gpio.o)
 .debug_ranges  0x00000300      0x140 /home/niks/stm32workspace/stm32f0discovery_stdperiph_lib/Debug/libstm32f0discovery_stdperiph_lib.a(stm32f0xx_rcc.o)
 .debug_ranges  0x00000440      0x100 /home/niks/stm32workspace/stm32f0discovery_stdperiph_lib/Debug/libstm32f0discovery_stdperiph_lib.a(stm32f0xx_spi.o)

.debug_macro    0x00000000     0x936a
 .debug_macro   0x00000000      0x19a inc/IndicationGPIOs.o
 .debug_macro   0x0000019a      0x844 inc/IndicationGPIOs.o
 .debug_macro   0x000009de       0x7b inc/IndicationGPIOs.o
 .debug_macro   0x00000a59       0x34 inc/IndicationGPIOs.o
 .debug_macro   0x00000a8d       0x22 inc/IndicationGPIOs.o
 .debug_macro   0x00000aaf       0x87 inc/IndicationGPIOs.o
 .debug_macro   0x00000b36       0x44 inc/IndicationGPIOs.o
 .debug_macro   0x00000b7a       0xfd inc/IndicationGPIOs.o
 .debug_macro   0x00000c77       0x5e inc/IndicationGPIOs.o
 .debug_macro   0x00000cd5      0x1df inc/IndicationGPIOs.o
 .debug_macro   0x00000eb4      0x249 inc/IndicationGPIOs.o
 .debug_macro   0x000010fd     0x3334 inc/IndicationGPIOs.o
 .debug_macro   0x00004431      0x18b inc/IndicationGPIOs.o
 .debug_macro   0x000045bc       0x28 inc/IndicationGPIOs.o
 .debug_macro   0x000045e4       0xe7 inc/IndicationGPIOs.o
 .debug_macro   0x000046cb       0x93 inc/IndicationGPIOs.o
 .debug_macro   0x0000475e       0x70 inc/IndicationGPIOs.o
 .debug_macro   0x000047ce      0x225 inc/IndicationGPIOs.o
 .debug_macro   0x000049f3       0xb8 inc/IndicationGPIOs.o
 .debug_macro   0x00004aab      0x16f inc/IndicationGPIOs.o
 .debug_macro   0x00004c1a      0x123 inc/IndicationGPIOs.o
 .debug_macro   0x00004d3d      0x2a0 inc/IndicationGPIOs.o
 .debug_macro   0x00004fdd       0x70 inc/IndicationGPIOs.o
 .debug_macro   0x0000504d       0xb2 inc/IndicationGPIOs.o
 .debug_macro   0x000050ff      0x44c inc/IndicationGPIOs.o
 .debug_macro   0x0000554b      0x46a inc/IndicationGPIOs.o
 .debug_macro   0x000059b5      0x396 inc/IndicationGPIOs.o
 .debug_macro   0x00005d4b      0x750 inc/IndicationGPIOs.o
 .debug_macro   0x0000649b      0x34d inc/IndicationGPIOs.o
 .debug_macro   0x000067e8       0x34 inc/IndicationGPIOs.o
 .debug_macro   0x0000681c       0x3a inc/IndicationGPIOs.o
 .debug_macro   0x00006856      0x17f inc/IndicationGPIOs.o
 .debug_macro   0x000069d5      0x188 inc/SPI1.o
 .debug_macro   0x00006b5d      0x185 inc/SPI1.o
 .debug_macro   0x00006ce2      0x180 inc/SysTickDelay.o
 .debug_macro   0x00006e62      0x283 inc/sdCard.o
 .debug_macro   0x000070e5       0x52 inc/sdCard.o
 .debug_macro   0x00007137       0x35 inc/sdCard.o
 .debug_macro   0x0000716c       0x9c inc/sdCard.o
 .debug_macro   0x00007208      0x174 inc/sdCard.o
 .debug_macro   0x0000737c       0x52 inc/sdCard.o
 .debug_macro   0x000073ce       0x1f inc/sdCard.o
 .debug_macro   0x000073ed       0x43 inc/sdCard.o
 .debug_macro   0x00007430       0x20 inc/sdCard.o
 .debug_macro   0x00007450      0x187 inc/sdCard.o
 .debug_macro   0x000075d7      0x30d inc/sdCard.o
 .debug_macro   0x000078e4       0x10 inc/sdCard.o
 .debug_macro   0x000078f4       0x35 inc/sdCard.o
 .debug_macro   0x00007929       0x16 inc/sdCard.o
 .debug_macro   0x0000793f       0x16 inc/sdCard.o
 .debug_macro   0x00007955       0x29 inc/sdCard.o
 .debug_macro   0x0000797e      0x118 inc/sdCard.o
 .debug_macro   0x00007a96      0x296 src/main.o
 .debug_macro   0x00007d2c       0x10 src/main.o
 .debug_macro   0x00007d3c      0x174 src/system_stm32f0xx.o
 .debug_macro   0x00007eb0      0x17c /home/niks/stm32workspace/stm32f0discovery_stdperiph_lib/Debug/libstm32f0discovery_stdperiph_lib.a(stm32f0xx_gpio.o)
 .debug_macro   0x0000802c      0x83e /home/niks/stm32workspace/stm32f0discovery_stdperiph_lib/Debug/libstm32f0discovery_stdperiph_lib.a(stm32f0xx_gpio.o)
 .debug_macro   0x0000886a      0x196 /home/niks/stm32workspace/stm32f0discovery_stdperiph_lib/Debug/libstm32f0discovery_stdperiph_lib.a(stm32f0xx_rcc.o)
 .debug_macro   0x00008a00      0x446 /home/niks/stm32workspace/stm32f0discovery_stdperiph_lib/Debug/libstm32f0discovery_stdperiph_lib.a(stm32f0xx_rcc.o)
 .debug_macro   0x00008e46      0x194 /home/niks/stm32workspace/stm32f0discovery_stdperiph_lib/Debug/libstm32f0discovery_stdperiph_lib.a(stm32f0xx_spi.o)
 .debug_macro   0x00008fda      0x390 /home/niks/stm32workspace/stm32f0discovery_stdperiph_lib/Debug/libstm32f0discovery_stdperiph_lib.a(stm32f0xx_spi.o)

.debug_line     0x00000000     0x487a
 .debug_line    0x00000000      0x8a6 inc/IndicationGPIOs.o
 .debug_line    0x000008a6      0x6dd inc/SPI1.o
 .debug_line    0x00000f83      0x67b inc/SysTickDelay.o
 .debug_line    0x000015fe      0xabd inc/sdCard.o
 .debug_line    0x000020bb      0x741 src/main.o
 .debug_line    0x000027fc      0x660 src/system_stm32f0xx.o
 .debug_line    0x00002e5c       0x81 startup/startup_stm32f0xx.o
 .debug_line    0x00002edd      0x750 /home/niks/stm32workspace/stm32f0discovery_stdperiph_lib/Debug/libstm32f0discovery_stdperiph_lib.a(stm32f0xx_gpio.o)
 .debug_line    0x0000362d      0x97e /home/niks/stm32workspace/stm32f0discovery_stdperiph_lib/Debug/libstm32f0discovery_stdperiph_lib.a(stm32f0xx_rcc.o)
 .debug_line    0x00003fab      0x8cf /home/niks/stm32workspace/stm32f0discovery_stdperiph_lib/Debug/libstm32f0discovery_stdperiph_lib.a(stm32f0xx_spi.o)

.debug_str      0x00000000    0x2f7e1
 .debug_str     0x00000000    0x2b545 inc/IndicationGPIOs.o
                              0x2b6f0 (size before relaxing)
 .debug_str     0x0002b545      0x3d3 inc/SPI1.o
                              0x2b885 (size before relaxing)
 .debug_str     0x0002b918      0x16c inc/SysTickDelay.o
                              0x2b637 (size before relaxing)
 .debug_str     0x0002ba84     0x312f inc/sdCard.o
                              0x2e540 (size before relaxing)
 .debug_str     0x0002ebb3       0x4f src/main.o
                              0x2e29d (size before relaxing)
 .debug_str     0x0002ec02      0x112 src/system_stm32f0xx.o
                              0x2b3ff (size before relaxing)
 .debug_str     0x0002ed14      0x1bb /home/niks/stm32workspace/stm32f0discovery_stdperiph_lib/Debug/libstm32f0discovery_stdperiph_lib.a(stm32f0xx_gpio.o)
                              0x2b61d (size before relaxing)
 .debug_str     0x0002eecf      0x4f4 /home/niks/stm32workspace/stm32f0discovery_stdperiph_lib/Debug/libstm32f0discovery_stdperiph_lib.a(stm32f0xx_rcc.o)
                              0x2b974 (size before relaxing)
 .debug_str     0x0002f3c3      0x41e /home/niks/stm32workspace/stm32f0discovery_stdperiph_lib/Debug/libstm32f0discovery_stdperiph_lib.a(stm32f0xx_spi.o)
                              0x2b91b (size before relaxing)

.comment        0x00000000       0x6e
 .comment       0x00000000       0x6e inc/IndicationGPIOs.o
                                 0x6f (size before relaxing)
 .comment       0x0000006e       0x6f inc/SPI1.o
 .comment       0x0000006e       0x6f inc/SysTickDelay.o
 .comment       0x0000006e       0x6f inc/sdCard.o
 .comment       0x0000006e       0x6f src/main.o
 .comment       0x0000006e       0x6f src/system_stm32f0xx.o
 .comment       0x0000006e       0x6f /home/niks/stm32workspace/stm32f0discovery_stdperiph_lib/Debug/libstm32f0discovery_stdperiph_lib.a(stm32f0xx_gpio.o)
 .comment       0x0000006e       0x6f /home/niks/stm32workspace/stm32f0discovery_stdperiph_lib/Debug/libstm32f0discovery_stdperiph_lib.a(stm32f0xx_rcc.o)
 .comment       0x0000006e       0x6f /home/niks/stm32workspace/stm32f0discovery_stdperiph_lib/Debug/libstm32f0discovery_stdperiph_lib.a(stm32f0xx_spi.o)

.debug_frame    0x00000000     0x1614
 .debug_frame   0x00000000      0x398 inc/IndicationGPIOs.o
 .debug_frame   0x00000398      0x10c inc/SPI1.o
 .debug_frame   0x000004a4       0xb0 inc/SysTickDelay.o
 .debug_frame   0x00000554      0x30c inc/sdCard.o
 .debug_frame   0x00000860       0x34 src/main.o
 .debug_frame   0x00000894       0x6c src/system_stm32f0xx.o
 .debug_frame   0x00000900      0x1b0 /home/niks/stm32workspace/stm32f0discovery_stdperiph_lib/Debug/libstm32f0discovery_stdperiph_lib.a(stm32f0xx_gpio.o)
 .debug_frame   0x00000ab0      0x4e4 /home/niks/stm32workspace/stm32f0discovery_stdperiph_lib/Debug/libstm32f0discovery_stdperiph_lib.a(stm32f0xx_rcc.o)
 .debug_frame   0x00000f94      0x3f0 /home/niks/stm32workspace/stm32f0discovery_stdperiph_lib/Debug/libstm32f0discovery_stdperiph_lib.a(stm32f0xx_spi.o)
 .debug_frame   0x00001384       0x20 /home/niks/SystemWorkbench/plugins/fr.ac6.mcu.externaltools.arm-none.linux64_1.11.0.201610101240/tools/gcc-arm-none-eabi-5_4-2016q2/bin/../lib/gcc/arm-none-eabi/5.4.1/armv6-m/libgcc.a(_udivsi3.o)
 .debug_frame   0x000013a4       0x2c /home/niks/SystemWorkbench/plugins/fr.ac6.mcu.externaltools.arm-none.linux64_1.11.0.201610101240/tools/gcc-arm-none-eabi-5_4-2016q2/bin/../lib/gcc/arm-none-eabi/5.4.1/../../../../arm-none-eabi/lib/armv6-m/libc.a(lib_a-init.o)
 .debug_frame   0x000013d0       0x40 /home/niks/SystemWorkbench/plugins/fr.ac6.mcu.externaltools.arm-none.linux64_1.11.0.201610101240/tools/gcc-arm-none-eabi-5_4-2016q2/bin/../lib/gcc/arm-none-eabi/5.4.1/../../../../arm-none-eabi/lib/armv6-m/libc.a(lib_a-itoa.o)
 .debug_frame   0x00001410       0x2c /home/niks/SystemWorkbench/plugins/fr.ac6.mcu.externaltools.arm-none.linux64_1.11.0.201610101240/tools/gcc-arm-none-eabi-5_4-2016q2/bin/../lib/gcc/arm-none-eabi/5.4.1/../../../../arm-none-eabi/lib/armv6-m/libc.a(lib_a-memcpy-stub.o)
 .debug_frame   0x0000143c       0x2c /home/niks/SystemWorkbench/plugins/fr.ac6.mcu.externaltools.arm-none.linux64_1.11.0.201610101240/tools/gcc-arm-none-eabi-5_4-2016q2/bin/../lib/gcc/arm-none-eabi/5.4.1/../../../../arm-none-eabi/lib/armv6-m/libc.a(lib_a-memset.o)
 .debug_frame   0x00001468       0x20 /home/niks/SystemWorkbench/plugins/fr.ac6.mcu.externaltools.arm-none.linux64_1.11.0.201610101240/tools/gcc-arm-none-eabi-5_4-2016q2/bin/../lib/gcc/arm-none-eabi/5.4.1/../../../../arm-none-eabi/lib/armv6-m/libc.a(lib_a-strcpy.o)
 .debug_frame   0x00001488       0x28 /home/niks/SystemWorkbench/plugins/fr.ac6.mcu.externaltools.arm-none.linux64_1.11.0.201610101240/tools/gcc-arm-none-eabi-5_4-2016q2/bin/../lib/gcc/arm-none-eabi/5.4.1/../../../../arm-none-eabi/lib/armv6-m/libc.a(lib_a-strlen-stub.o)
 .debug_frame   0x000014b0       0x2c /home/niks/SystemWorkbench/plugins/fr.ac6.mcu.externaltools.arm-none.linux64_1.11.0.201610101240/tools/gcc-arm-none-eabi-5_4-2016q2/bin/../lib/gcc/arm-none-eabi/5.4.1/../../../../arm-none-eabi/lib/armv6-m/libc.a(lib_a-strncmp.o)
 .debug_frame   0x000014dc       0x54 /home/niks/SystemWorkbench/plugins/fr.ac6.mcu.externaltools.arm-none.linux64_1.11.0.201610101240/tools/gcc-arm-none-eabi-5_4-2016q2/bin/../lib/gcc/arm-none-eabi/5.4.1/../../../../arm-none-eabi/lib/armv6-m/libc.a(lib_a-utoa.o)
 .debug_frame   0x00001530       0x54 /home/niks/SystemWorkbench/plugins/fr.ac6.mcu.externaltools.arm-none.linux64_1.11.0.201610101240/tools/gcc-arm-none-eabi-5_4-2016q2/bin/../lib/gcc/arm-none-eabi/5.4.1/../../../../arm-none-eabi/lib/armv6-m/libc.a(lib_a-__call_atexit.o)
 .debug_frame   0x00001584       0x28 /home/niks/SystemWorkbench/plugins/fr.ac6.mcu.externaltools.arm-none.linux64_1.11.0.201610101240/tools/gcc-arm-none-eabi-5_4-2016q2/bin/../lib/gcc/arm-none-eabi/5.4.1/../../../../arm-none-eabi/lib/armv6-m/libc.a(lib_a-atexit.o)
 .debug_frame   0x000015ac       0x2c /home/niks/SystemWorkbench/plugins/fr.ac6.mcu.externaltools.arm-none.linux64_1.11.0.201610101240/tools/gcc-arm-none-eabi-5_4-2016q2/bin/../lib/gcc/arm-none-eabi/5.4.1/../../../../arm-none-eabi/lib/armv6-m/libc.a(lib_a-fini.o)
 .debug_frame   0x000015d8       0x3c /home/niks/SystemWorkbench/plugins/fr.ac6.mcu.externaltools.arm-none.linux64_1.11.0.201610101240/tools/gcc-arm-none-eabi-5_4-2016q2/bin/../lib/gcc/arm-none-eabi/5.4.1/../../../../arm-none-eabi/lib/armv6-m/libc.a(lib_a-__atexit.o)
