Archive member included to satisfy reference by file (symbol)

/home/niks/stm32workspace/stm32f0discovery_stdperiph_lib/Debug/libstm32f0discovery_stdperiph_lib.a(stm32f0xx_adc.o)
                              inc/ADC.o (ADC_DeInit)
/home/niks/stm32workspace/stm32f0discovery_stdperiph_lib/Debug/libstm32f0discovery_stdperiph_lib.a(stm32f0xx_exti.o)
                              inc/Button.o (EXTI_Init)
/home/niks/stm32workspace/stm32f0discovery_stdperiph_lib/Debug/libstm32f0discovery_stdperiph_lib.a(stm32f0xx_gpio.o)
                              inc/A2035H.o (GPIO_Init)
/home/niks/stm32workspace/stm32f0discovery_stdperiph_lib/Debug/libstm32f0discovery_stdperiph_lib.a(stm32f0xx_misc.o)
                              inc/A2035H.o (NVIC_Init)
/home/niks/stm32workspace/stm32f0discovery_stdperiph_lib/Debug/libstm32f0discovery_stdperiph_lib.a(stm32f0xx_rcc.o)
                              inc/SysTickDelay.o (RCC_GetClocksFreq)
/home/niks/stm32workspace/stm32f0discovery_stdperiph_lib/Debug/libstm32f0discovery_stdperiph_lib.a(stm32f0xx_spi.o)
                              inc/SPI1.o (SPI_Init)
/home/niks/stm32workspace/stm32f0discovery_stdperiph_lib/Debug/libstm32f0discovery_stdperiph_lib.a(stm32f0xx_syscfg.o)
                              inc/Button.o (SYSCFG_EXTILineConfig)
/home/niks/stm32workspace/stm32f0discovery_stdperiph_lib/Debug/libstm32f0discovery_stdperiph_lib.a(stm32f0xx_tim.o)
                              inc/A2035H.o (TIM_TimeBaseInit)
/home/niks/stm32workspace/stm32f0discovery_stdperiph_lib/Debug/libstm32f0discovery_stdperiph_lib.a(stm32f0xx_usart.o)
                              inc/USART1.o (USART_Init)
/home/niks/SystemWorkbench/plugins/fr.ac6.mcu.externaltools.arm-none.linux64_1.11.0.201610101240/tools/gcc-arm-none-eabi-5_4-2016q2/bin/../lib/gcc/arm-none-eabi/5.4.1/armv6-m/libgcc.a(_udivsi3.o)
                              inc/SysTickDelay.o (__aeabi_uidiv)
/home/niks/SystemWorkbench/plugins/fr.ac6.mcu.externaltools.arm-none.linux64_1.11.0.201610101240/tools/gcc-arm-none-eabi-5_4-2016q2/bin/../lib/gcc/arm-none-eabi/5.4.1/armv6-m/libgcc.a(_divsi3.o)
                              inc/myStringFunctions.o (__aeabi_idiv)
/home/niks/SystemWorkbench/plugins/fr.ac6.mcu.externaltools.arm-none.linux64_1.11.0.201610101240/tools/gcc-arm-none-eabi-5_4-2016q2/bin/../lib/gcc/arm-none-eabi/5.4.1/armv6-m/libgcc.a(_dvmd_tls.o)
                              /home/niks/SystemWorkbench/plugins/fr.ac6.mcu.externaltools.arm-none.linux64_1.11.0.201610101240/tools/gcc-arm-none-eabi-5_4-2016q2/bin/../lib/gcc/arm-none-eabi/5.4.1/armv6-m/libgcc.a(_udivsi3.o) (__aeabi_idiv0)
/home/niks/SystemWorkbench/plugins/fr.ac6.mcu.externaltools.arm-none.linux64_1.11.0.201610101240/tools/gcc-arm-none-eabi-5_4-2016q2/bin/../lib/gcc/arm-none-eabi/5.4.1/armv6-m/libgcc.a(addsf3.o)
                              inc/myStringFunctions.o (__aeabi_fadd)
/home/niks/SystemWorkbench/plugins/fr.ac6.mcu.externaltools.arm-none.linux64_1.11.0.201610101240/tools/gcc-arm-none-eabi-5_4-2016q2/bin/../lib/gcc/arm-none-eabi/5.4.1/armv6-m/libgcc.a(divsf3.o)
                              inc/myStringFunctions.o (__aeabi_fdiv)
/home/niks/SystemWorkbench/plugins/fr.ac6.mcu.externaltools.arm-none.linux64_1.11.0.201610101240/tools/gcc-arm-none-eabi-5_4-2016q2/bin/../lib/gcc/arm-none-eabi/5.4.1/armv6-m/libgcc.a(mulsf3.o)
                              inc/myStringFunctions.o (__aeabi_fmul)
/home/niks/SystemWorkbench/plugins/fr.ac6.mcu.externaltools.arm-none.linux64_1.11.0.201610101240/tools/gcc-arm-none-eabi-5_4-2016q2/bin/../lib/gcc/arm-none-eabi/5.4.1/armv6-m/libgcc.a(subsf3.o)
                              inc/myStringFunctions.o (__aeabi_fsub)
/home/niks/SystemWorkbench/plugins/fr.ac6.mcu.externaltools.arm-none.linux64_1.11.0.201610101240/tools/gcc-arm-none-eabi-5_4-2016q2/bin/../lib/gcc/arm-none-eabi/5.4.1/armv6-m/libgcc.a(fixsfsi.o)
                              inc/myStringFunctions.o (__aeabi_f2iz)
/home/niks/SystemWorkbench/plugins/fr.ac6.mcu.externaltools.arm-none.linux64_1.11.0.201610101240/tools/gcc-arm-none-eabi-5_4-2016q2/bin/../lib/gcc/arm-none-eabi/5.4.1/armv6-m/libgcc.a(floatsisf.o)
                              inc/myStringFunctions.o (__aeabi_i2f)
/home/niks/SystemWorkbench/plugins/fr.ac6.mcu.externaltools.arm-none.linux64_1.11.0.201610101240/tools/gcc-arm-none-eabi-5_4-2016q2/bin/../lib/gcc/arm-none-eabi/5.4.1/armv6-m/libgcc.a(muldf3.o)
                              inc/myStringFunctions.o (__aeabi_dmul)
/home/niks/SystemWorkbench/plugins/fr.ac6.mcu.externaltools.arm-none.linux64_1.11.0.201610101240/tools/gcc-arm-none-eabi-5_4-2016q2/bin/../lib/gcc/arm-none-eabi/5.4.1/armv6-m/libgcc.a(floatsidf.o)
                              inc/myStringFunctions.o (__aeabi_i2d)
/home/niks/SystemWorkbench/plugins/fr.ac6.mcu.externaltools.arm-none.linux64_1.11.0.201610101240/tools/gcc-arm-none-eabi-5_4-2016q2/bin/../lib/gcc/arm-none-eabi/5.4.1/armv6-m/libgcc.a(extendsfdf2.o)
                              inc/myStringFunctions.o (__aeabi_f2d)
[...]
Memory Configuration

Name             Origin             Length             Attributes
FLASH            0x08000000         0x00010000         xr
RAM              0x20000000         0x00002000         xrw
*default*        0x00000000         0xffffffff

Linker script and memory map

LOAD /home/niks/SystemWorkbench/plugins/fr.ac6.mcu.externaltools.arm-none.linux64_1.11.0.201610101240/tools/gcc-arm-none-eabi-5_4-2016q2/bin/../lib/gcc/arm-none-eabi/5.4.1/armv6-m/crti.o
LOAD /home/niks/SystemWorkbench/plugins/fr.ac6.mcu.externaltools.arm-none.linux64_1.11.0.201610101240/tools/gcc-arm-none-eabi-5_4-2016q2/bin/../lib/gcc/arm-none-eabi/5.4.1/armv6-m/crtbegin.o
LOAD /home/niks/SystemWorkbench/plugins/fr.ac6.mcu.externaltools.arm-none.linux64_1.11.0.201610101240/tools/gcc-arm-none-eabi-5_4-2016q2/bin/../lib/gcc/arm-none-eabi/5.4.1/../../../../arm-none-eabi/lib/armv6-m/crt0.o
LOAD /home/niks/SystemWorkbench/plugins/fr.ac6.mcu.externaltools.arm-none.linux64_1.11.0.201610101240/tools/gcc-arm-none-eabi-5_4-2016q2/bin/../lib/gcc/arm-none-eabi/5.4.1/../../../../arm-none-eabi/lib/armv6-m/libm.a
LOAD inc/A2035H.o
LOAD inc/ADC.o
LOAD inc/ADXL362.o
LOAD inc/Button.o
LOAD inc/IndicationGPIOs.o
LOAD inc/PWM.o
LOAD inc/SPI1.o
LOAD inc/SPI2.o
LOAD inc/SysTickDelay.o
LOAD inc/Timer.o
LOAD inc/USART1.o
LOAD inc/USART2.o
LOAD inc/XBee.o
LOAD inc/myStringFunctions.o
LOAD inc/sdCard.o
LOAD inc/serial.o
LOAD src/main.o
LOAD src/syscalls.o
LOAD src/system_stm32f0xx.o
LOAD startup/startup_stm32f0xx.o
LOAD /home/niks/stm32workspace/stm32f0discovery_stdperiph_lib/Debug/libstm32f0discovery_stdperiph_lib.a
START GROUP
LOAD /home/niks/SystemWorkbench/plugins/fr.ac6.mcu.externaltools.arm-none.linux64_1.11.0.201610101240/tools/gcc-arm-none-eabi-5_4-2016q2/bin/../lib/gcc/arm-none-eabi/5.4.1/armv6-m/libgcc.a
LOAD /home/niks/SystemWorkbench/plugins/fr.ac6.mcu.externaltools.arm-none.linux64_1.11.0.201610101240/tools/gcc-arm-none-eabi-5_4-2016q2/bin/../lib/gcc/arm-none-eabi/5.4.1/../../../../arm-none-eabi/lib/armv6-m/libc.a
END GROUP
LOAD /home/niks/SystemWorkbench/plugins/fr.ac6.mcu.externaltools.arm-none.linux64_1.11.0.201610101240/tools/gcc-arm-none-eabi-5_4-2016q2/bin/../lib/gcc/arm-none-eabi/5.4.1/armv6-m/crtend.o
LOAD /home/niks/SystemWorkbench/plugins/fr.ac6.mcu.externaltools.arm-none.linux64_1.11.0.201610101240/tools/gcc-arm-none-eabi-5_4-2016q2/bin/../lib/gcc/arm-none-eabi/5.4.1/armv6-m/crtn.o
                0x20002000                _estack = 0x20002000
                0x00000000                _Min_Heap_Size = 0x0
                0x00000080                _Min_Stack_Size = 0x80

.isr_vector     0x08000000       0xc4
                0x08000000                . = ALIGN (0x4)
 *(.isr_vector)
 .isr_vector    0x08000000       0xc4 startup/startup_stm32f0xx.o
                0x08000000                g_pfnVectors
                0x080000c4                . = ALIGN (0x4)

.text           0x080000c4     0x4ecc
                0x080000c4                . = ALIGN (0x4)
 *(.text)
 .text          0x080000c4       0x60 /home/niks/SystemWorkbench/plugins/fr.ac6.mcu.externaltools.arm-none.linux64_1.11.0.201610101240/tools/gcc-arm-none-eabi-5_4-2016q2/bin/../lib/gcc/arm-none-eabi/5.4.1/armv6-m/crtbegin.o
 .text          0x08000124      0x114 /home/niks/SystemWorkbench/plugins/fr.ac6.mcu.externaltools.arm-none.linux64_1.11.0.201610101240/tools/gcc-arm-none-eabi-5_4-2016q2/bin/../lib/gcc/arm-none-eabi/5.4.1/armv6-m/libgcc.a(_udivsi3.o)
                0x08000124                __udivsi3
                0x08000124                __aeabi_uidiv
                0x08000230                __aeabi_uidivmod
 .text          0x08000238        0x4 /home/niks/SystemWorkbench/plugins/fr.ac6.mcu.externaltools.arm-none.linux64_1.11.0.201610101240/tools/gcc-arm-none-eabi-5_4-2016q2/bin/../lib/gcc/arm-none-eabi/5.4.1/armv6-m/libgcc.a(_dvmd_tls.o)
                0x08000238                __aeabi_ldiv0
                0x08000238                __aeabi_idiv0
 .text          0x0800023c       0x88 /home/niks/SystemWorkbench/plugins/fr.ac6.mcu.externaltools.arm-none.linux64_1.11.0.201610101240/tools/gcc-arm-none-eabi-5_4-2016q2/bin/../lib/gcc/arm-none-eabi/5.4.1/../../../../arm-none-eabi/lib/armv6-m/libc.a(lib_a-strcmp.o)
                0x0800023c                strcmp
 *(.text*)
 .text.initializeEveryRedLed
                0x080002c4       0x4c inc/IndicationGPIOs.o
                0x080002c4                initializeEveryRedLed
 .text.initializeEveryGreenLed
                0x08000310       0x4c inc/IndicationGPIOs.o
                0x08000310                initializeEveryGreenLed
 .text.InitialiseSPI1_GPIO
                0x0800035c       0xac inc/SPI1.o
                0x0800035c                InitialiseSPI1_GPIO
 .text.InitialiseSPI1
                0x08000408       0xa8 inc/SPI1.o
                0x08000408                InitialiseSPI1
 .text.Configure_SPI1_interrupt
                0x080004b0       0x28 inc/SPI1.o
                0x080004b0                Configure_SPI1_interrupt
 .text.SPI1_TransRecieve
                0x080004d8       0x54 inc/SPI1.o
                0x080004d8                SPI1_TransRecieve
 .text.NVIC_SetPriority
                0x0800052c       0xdc inc/SysTickDelay.o
 .text.SysTick_Config
                0x08000608       0x4c inc/SysTickDelay.o
 .text.initialiseSysTick
                0x08000654       0x30 inc/SysTickDelay.o
                0x08000654                initialiseSysTick
 .text.delayMs  0x08000684       0x2c inc/SysTickDelay.o
                0x08000684                delayMs
 .text.SysTick_Handler
                0x080006b0       0x20 inc/SysTickDelay.o
                0x080006b0                SysTick_Handler
 .text.Initialize_timer
                0x080006d0       0x48 inc/Timer.o
                0x080006d0                Initialize_timer
 .text.Timer_interrupt_enable
                0x08000718       0x44 inc/Timer.o
                0x08000718                Timer_interrupt_enable
 .text.Usart1_Init
                0x0800075c       0xcc inc/USART1.o
                0x0800075c                Usart1_Init
 .text.Usart1_Send
                0x08000828       0x38 inc/USART1.o
                0x08000828                Usart1_Send
 .text.Usart1_SendString
                0x08000860       0x28 inc/USART1.o
                0x08000860                Usart1_SendString
 .text.ConfigureUsart1Interrupt
                0x08000888       0x3c inc/USART1.o
                0x08000888                ConfigureUsart1Interrupt
 .text.initializeXbeeATTnPin
                0x080008c4       0x98 inc/XBee.o
                0x080008c4                initializeXbeeATTnPin
 .text.askModuleParams
                0x0800095c       0xd8 inc/XBee.o
                0x0800095c                askModuleParams
 .text.xbeeStartupParamRead
                0x08000a34      0x110 inc/XBee.o
                0x08000a34                xbeeStartupParamRead
 .text.transmitRequest
                0x08000b44      0x25c inc/XBee.o
                0x08000b44                transmitRequest
 .text.str_splitter
                0x08000da0       0x44 inc/myStringFunctions.o
                0x08000da0                str_splitter
 .text.main     0x08000de4     0x1dc8 src/main.o
                0x08000de4                main
 .text.USART1_IRQHandler
                0x08002bac       0x90 src/main.o
                0x08002bac                USART1_IRQHandler
 .text.EXTI4_15_IRQHandler
                0x08002c3c      0x16c src/main.o
                0x08002c3c                EXTI4_15_IRQHandler
 .text.TIM2_IRQHandler
                0x08002da8       0x34 src/main.o
                0x08002da8                TIM2_IRQHandler
 .text.SystemInit
                0x08002ddc       0x8c src/system_stm32f0xx.o
                0x08002ddc                SystemInit
 .text.SetSysClock
                0x08002e68       0x94 src/system_stm32f0xx.o
 .text.Reset_Handler
                0x08002efc       0x50 startup/startup_stm32f0xx.o
                0x08002efc                Reset_Handler
 .text.Default_Handler
                0x08002f4c        0x2 startup/startup_stm32f0xx.o
                0x08002f4c                TIM1_CC_IRQHandler
                0x08002f4c                HardFault_Handler
                0x08002f4c                ADC1_COMP_IRQHandler
                0x08002f4c                PVD_IRQHandler
                0x08002f4c                PendSV_Handler
                0x08002f4c                NMI_Handler
                0x08002f4c                I2C1_IRQHandler
                0x08002f4c                SPI1_IRQHandler
                0x08002f4c                TIM6_DAC_IRQHandler
                0x08002f4c                EXTI2_3_IRQHandler
                0x08002f4c                I2C2_IRQHandler
                0x08002f4c                TIM17_IRQHandler
                0x08002f4c                RTC_IRQHandler
                0x08002f4c                TIM16_IRQHandler
                0x08002f4c                TIM3_IRQHandler
                0x08002f4c                RCC_IRQHandler
                0x08002f4c                DMA1_Channel1_IRQHandler
                0x08002f4c                Default_Handler
                0x08002f4c                CEC_IRQHandler
                0x08002f4c                TIM14_IRQHandler
                0x08002f4c                DMA1_Channel4_5_IRQHandler
                0x08002f4c                TIM15_IRQHandler
                0x08002f4c                EXTI0_1_IRQHandler
                0x08002f4c                SPI2_IRQHandler
                0x08002f4c                SVC_Handler
                0x08002f4c                TS_IRQHandler
                0x08002f4c                WWDG_IRQHandler
                0x08002f4c                DMA1_Channel2_3_IRQHandler
                0x08002f4c                USART2_IRQHandler
                0x08002f4c                FLASH_IRQHandler
                0x08002f4c                TIM1_BRK_UP_TRG_COM_IRQHandler
 *fill*         0x08002f4e        0x2 
 .text.EXTI_Init
                0x08002f50       0xe0 /home/niks/stm32workspace/stm32f0discovery_stdperiph_lib/Debug/libstm32f0discovery_stdperiph_lib.a(stm32f0xx_exti.o)
                0x08002f50                EXTI_Init
 .text.EXTI_GetITStatus
                0x08003030       0x54 /home/niks/stm32workspace/stm32f0discovery_stdperiph_lib/Debug/libstm32f0discovery_stdperiph_lib.a(stm32f0xx_exti.o)
                0x08003030                EXTI_GetITStatus
 .text.EXTI_ClearITPendingBit
                0x08003084       0x1c /home/niks/stm32workspace/stm32f0discovery_stdperiph_lib/Debug/libstm32f0discovery_stdperiph_lib.a(stm32f0xx_exti.o)
                0x08003084                EXTI_ClearITPendingBit
 .text.GPIO_Init
                0x080030a0      0x130 /home/niks/stm32workspace/stm32f0discovery_stdperiph_lib/Debug/libstm32f0discovery_stdperiph_lib.a(stm32f0xx_gpio.o)
                0x080030a0                GPIO_Init
 .text.GPIO_ReadInputDataBit
                0x080031d0       0x48 /home/niks/stm32workspace/stm32f0discovery_stdperiph_lib/Debug/libstm32f0discovery_stdperiph_lib.a(stm32f0xx_gpio.o)
                0x080031d0                GPIO_ReadInputDataBit
 .text.GPIO_SetBits
                0x08003218       0x20 /home/niks/stm32workspace/stm32f0discovery_stdperiph_lib/Debug/libstm32f0discovery_stdperiph_lib.a(stm32f0xx_gpio.o)
                0x08003218                GPIO_SetBits
 .text.GPIO_ResetBits
                0x08003238       0x20 /home/niks/stm32workspace/stm32f0discovery_stdperiph_lib/Debug/libstm32f0discovery_stdperiph_lib.a(stm32f0xx_gpio.o)
                0x08003238                GPIO_ResetBits
 .text.GPIO_PinAFConfig
                0x08003258       0xa4 /home/niks/stm32workspace/stm32f0discovery_stdperiph_lib/Debug/libstm32f0discovery_stdperiph_lib.a(stm32f0xx_gpio.o)
                0x08003258                GPIO_PinAFConfig
 .text.NVIC_Init
                0x080032fc       0xac /home/niks/stm32workspace/stm32f0discovery_stdperiph_lib/Debug/libstm32f0discovery_stdperiph_lib.a(stm32f0xx_misc.o)
                0x080032fc                NVIC_Init
 .text.RCC_GetClocksFreq
                0x080033a8      0x1d0 /home/niks/stm32workspace/stm32f0discovery_stdperiph_lib/Debug/libstm32f0discovery_stdperiph_lib.a(stm32f0xx_rcc.o)
                0x080033a8                RCC_GetClocksFreq
 .text.RCC_AHBPeriphClockCmd
                0x08003578       0x40 /home/niks/stm32workspace/stm32f0discovery_stdperiph_lib/Debug/libstm32f0discovery_stdperiph_lib.a(stm32f0xx_rcc.o)
                0x08003578                RCC_AHBPeriphClockCmd
 .text.RCC_APB2PeriphClockCmd
                0x080035b8       0x40 /home/niks/stm32workspace/stm32f0discovery_stdperiph_lib/Debug/libstm32f0discovery_stdperiph_lib.a(stm32f0xx_rcc.o)
                0x080035b8                RCC_APB2PeriphClockCmd
 .text.RCC_APB1PeriphClockCmd
                0x080035f8       0x40 /home/niks/stm32workspace/stm32f0discovery_stdperiph_lib/Debug/libstm32f0discovery_stdperiph_lib.a(stm32f0xx_rcc.o)
                0x080035f8                RCC_APB1PeriphClockCmd
 .text.SPI_Init
                0x08003638      0x108 /home/niks/stm32workspace/stm32f0discovery_stdperiph_lib/Debug/libstm32f0discovery_stdperiph_lib.a(stm32f0xx_spi.o)
                0x08003638                SPI_Init
 .text.SPI_Cmd  0x08003740       0x40 /home/niks/stm32workspace/stm32f0discovery_stdperiph_lib/Debug/libstm32f0discovery_stdperiph_lib.a(stm32f0xx_spi.o)
                0x08003740                SPI_Cmd
 .text.SPI_SSOutputCmd
                0x08003780       0x40 /home/niks/stm32workspace/stm32f0discovery_stdperiph_lib/Debug/libstm32f0discovery_stdperiph_lib.a(stm32f0xx_spi.o)
                0x08003780                SPI_SSOutputCmd
 .text.SPI_SendData8
                0x080037c0       0x2c /home/niks/stm32workspace/stm32f0discovery_stdperiph_lib/Debug/libstm32f0discovery_stdperiph_lib.a(stm32f0xx_spi.o)
                0x080037c0                SPI_SendData8
 .text.SPI_ReceiveData8
                0x080037ec       0x24 /home/niks/stm32workspace/stm32f0discovery_stdperiph_lib/Debug/libstm32f0discovery_stdperiph_lib.a(stm32f0xx_spi.o)
                0x080037ec                SPI_ReceiveData8
 .text.SPI_I2S_GetFlagStatus
                0x08003810       0x48 /home/niks/stm32workspace/stm32f0discovery_stdperiph_lib/Debug/libstm32f0discovery_stdperiph_lib.a(stm32f0xx_spi.o)
                0x08003810                SPI_I2S_GetFlagStatus
 .text.SYSCFG_EXTILineConfig
                0x08003858       0x94 /home/niks/stm32workspace/stm32f0discovery_stdperiph_lib/Debug/libstm32f0discovery_stdperiph_lib.a(stm32f0xx_syscfg.o)
                0x08003858                SYSCFG_EXTILineConfig
 .text.TIM_TimeBaseInit
                0x080038ec       0xf0 /home/niks/stm32workspace/stm32f0discovery_stdperiph_lib/Debug/libstm32f0discovery_stdperiph_lib.a(stm32f0xx_tim.o)
                0x080038ec                TIM_TimeBaseInit
 .text.TIM_Cmd  0x080039dc       0x40 /home/niks/stm32workspace/stm32f0discovery_stdperiph_lib/Debug/libstm32f0discovery_stdperiph_lib.a(stm32f0xx_tim.o)
                0x080039dc                TIM_Cmd
 .text.TIM_ITConfig
                0x08003a1c       0x54 /home/niks/stm32workspace/stm32f0discovery_stdperiph_lib/Debug/libstm32f0discovery_stdperiph_lib.a(stm32f0xx_tim.o)
                0x08003a1c                TIM_ITConfig
 .text.TIM_GetITStatus
                0x08003a70       0x80 /home/niks/stm32workspace/stm32f0discovery_stdperiph_lib/Debug/libstm32f0discovery_stdperiph_lib.a(stm32f0xx_tim.o)
                0x08003a70                TIM_GetITStatus
 .text.TIM_ClearITPendingBit
                0x08003af0       0x24 /home/niks/stm32workspace/stm32f0discovery_stdperiph_lib/Debug/libstm32f0discovery_stdperiph_lib.a(stm32f0xx_tim.o)
                0x08003af0                TIM_ClearITPendingBit
 .text.USART_Init
                0x08003b14      0x180 /home/niks/stm32workspace/stm32f0discovery_stdperiph_lib/Debug/libstm32f0discovery_stdperiph_lib.a(stm32f0xx_usart.o)
                0x08003b14                USART_Init
 .text.USART_Cmd
                0x08003c94       0x3c /home/niks/stm32workspace/stm32f0discovery_stdperiph_lib/Debug/libstm32f0discovery_stdperiph_lib.a(stm32f0xx_usart.o)
                0x08003c94                USART_Cmd
 .text.USART_SendData
                0x08003cd0       0x24 /home/niks/stm32workspace/stm32f0discovery_stdperiph_lib/Debug/libstm32f0discovery_stdperiph_lib.a(stm32f0xx_usart.o)
                0x08003cd0                USART_SendData
 .text.USART_ReceiveData
                0x08003cf4       0x1c /home/niks/stm32workspace/stm32f0discovery_stdperiph_lib/Debug/libstm32f0discovery_stdperiph_lib.a(stm32f0xx_usart.o)
                0x08003cf4                USART_ReceiveData
 .text.USART_ITConfig
                0x08003d10       0x88 /home/niks/stm32workspace/stm32f0discovery_stdperiph_lib/Debug/libstm32f0discovery_stdperiph_lib.a(stm32f0xx_usart.o)
                0x08003d10                USART_ITConfig
 .text.USART_GetFlagStatus
                0x08003d98       0x3c /home/niks/stm32workspace/stm32f0discovery_stdperiph_lib/Debug/libstm32f0discovery_stdperiph_lib.a(stm32f0xx_usart.o)
                0x08003d98                USART_GetFlagStatus
 .text.USART_GetITStatus
                0x08003dd4       0xb0 /home/niks/stm32workspace/stm32f0discovery_stdperiph_lib/Debug/libstm32f0discovery_stdperiph_lib.a(stm32f0xx_usart.o)
                0x08003dd4                USART_GetITStatus
 .text.atoi     0x08003e84        0xc /home/niks/SystemWorkbench/plugins/fr.ac6.mcu.externaltools.arm-none.linux64_1.11.0.201610101240/tools/gcc-arm-none-eabi-5_4-2016q2/bin/../lib/gcc/arm-none-eabi/5.4.1/../../../../arm-none-eabi/lib/armv6-m/libc.a(lib_a-atoi.o)
                0x08003e84                atoi
 .text.__libc_init_array
                0x08003e90       0x48 /home/niks/SystemWorkbench/plugins/fr.ac6.mcu.externaltools.arm-none.linux64_1.11.0.201610101240/tools/gcc-arm-none-eabi-5_4-2016q2/bin/../lib/gcc/arm-none-eabi/5.4.1/../../../../arm-none-eabi/lib/armv6-m/libc.a(lib_a-init.o)
                0x08003e90                __libc_init_array
 .text.__itoa   0x08003ed8       0x30 /home/niks/SystemWorkbench/plugins/fr.ac6.mcu.externaltools.arm-none.linux64_1.11.0.201610101240/tools/gcc-arm-none-eabi-5_4-2016q2/bin/../lib/gcc/arm-none-eabi/5.4.1/../../../../arm-none-eabi/lib/armv6-m/libc.a(lib_a-itoa.o)
                0x08003ed8                __itoa
 .text.itoa     0x08003f08        0x8 /home/niks/SystemWorkbench/plugins/fr.ac6.mcu.externaltools.arm-none.linux64_1.11.0.201610101240/tools/gcc-arm-none-eabi-5_4-2016q2/bin/../lib/gcc/arm-none-eabi/5.4.1/../../../../arm-none-eabi/lib/armv6-m/libc.a(lib_a-itoa.o)
                0x08003f08                itoa
 .text.memcpy   0x08003f10       0x7c /home/niks/SystemWorkbench/plugins/fr.ac6.mcu.externaltools.arm-none.linux64_1.11.0.201610101240/tools/gcc-arm-none-eabi-5_4-2016q2/bin/../lib/gcc/arm-none-eabi/5.4.1/../../../../arm-none-eabi/lib/armv6-m/libc.a(lib_a-memcpy-stub.o)
                0x08003f10                memcpy
 .text.memset   0x08003f8c       0x8c /home/niks/SystemWorkbench/plugins/fr.ac6.mcu.externaltools.arm-none.linux64_1.11.0.201610101240/tools/gcc-arm-none-eabi-5_4-2016q2/bin/../lib/gcc/arm-none-eabi/5.4.1/../../../../arm-none-eabi/lib/armv6-m/libc.a(lib_a-memset.o)
                0x08003f8c                memset
 .text.strcat   0x08004018       0x50 /home/niks/SystemWorkbench/plugins/fr.ac6.mcu.externaltools.arm-none.linux64_1.11.0.201610101240/tools/gcc-arm-none-eabi-5_4-2016q2/bin/../lib/gcc/arm-none-eabi/5.4.1/../../../../arm-none-eabi/lib/armv6-m/libc.a(lib_a-strcat.o)
                0x08004018                strcat
 .text.strcpy   0x08004068       0x10 /home/niks/SystemWorkbench/plugins/fr.ac6.mcu.externaltools.arm-none.linux64_1.11.0.201610101240/tools/gcc-arm-none-eabi-5_4-2016q2/bin/../lib/gcc/arm-none-eabi/5.4.1/../../../../arm-none-eabi/lib/armv6-m/libc.a(lib_a-strcpy.o)
                0x08004068                strcpy
 .text.strlen   0x08004078       0x68 /home/niks/SystemWorkbench/plugins/fr.ac6.mcu.externaltools.arm-none.linux64_1.11.0.201610101240/tools/gcc-arm-none-eabi-5_4-2016q2/bin/../lib/gcc/arm-none-eabi/5.4.1/../../../../arm-none-eabi/lib/armv6-m/libc.a(lib_a-strlen-stub.o)
                0x08004078                strlen
 .text.strncmp  0x080040e0       0x98 /home/niks/SystemWorkbench/plugins/fr.ac6.mcu.externaltools.arm-none.linux64_1.11.0.201610101240/tools/gcc-arm-none-eabi-5_4-2016q2/bin/../lib/gcc/arm-none-eabi/5.4.1/../../../../arm-none-eabi/lib/armv6-m/libc.a(lib_a-strncmp.o)
                0x080040e0                strncmp
 .text.strtok   0x08004178       0x14 /home/niks/SystemWorkbench/plugins/fr.ac6.mcu.externaltools.arm-none.linux64_1.11.0.201610101240/tools/gcc-arm-none-eabi-5_4-2016q2/bin/../lib/gcc/arm-none-eabi/5.4.1/../../../../arm-none-eabi/lib/armv6-m/libc.a(lib_a-strtok.o)
                0x08004178                strtok
 .text.__strtok_r
                0x0800418c       0x64 /home/niks/SystemWorkbench/plugins/fr.ac6.mcu.externaltools.arm-none.linux64_1.11.0.201610101240/tools/gcc-arm-none-eabi-5_4-2016q2/bin/../lib/gcc/arm-none-eabi/5.4.1/../../../../arm-none-eabi/lib/armv6-m/libc.a(lib_a-strtok_r.o)
                0x0800418c                __strtok_r
 .text._strtol_r
                0x080041f0      0x178 /home/niks/SystemWorkbench/plugins/fr.ac6.mcu.externaltools.arm-none.linux64_1.11.0.201610101240/tools/gcc-arm-none-eabi-5_4-2016q2/bin/../lib/gcc/arm-none-eabi/5.4.1/../../../../arm-none-eabi/lib/armv6-m/libc.a(lib_a-strtol.o)
                0x080041f0                _strtol_r
 .text.strtol   0x08004368       0x18 /home/niks/SystemWorkbench/plugins/fr.ac6.mcu.externaltools.arm-none.linux64_1.11.0.201610101240/tools/gcc-arm-none-eabi-5_4-2016q2/bin/../lib/gcc/arm-none-eabi/5.4.1/../../../../arm-none-eabi/lib/armv6-m/libc.a(lib_a-strtol.o)
                0x08004368                strtol
 .text.__utoa   0x08004380       0x8c /home/niks/SystemWorkbench/plugins/fr.ac6.mcu.externaltools.arm-none.linux64_1.11.0.201610101240/tools/gcc-arm-none-eabi-5_4-2016q2/bin/../lib/gcc/arm-none-eabi/5.4.1/../../../../arm-none-eabi/lib/armv6-m/libc.a(lib_a-utoa.o)
                0x08004380                __utoa
 .text.startup.register_fini
                0x0800440c       0x18 /home/niks/SystemWorkbench/plugins/fr.ac6.mcu.externaltools.arm-none.linux64_1.11.0.201610101240/tools/gcc-arm-none-eabi-5_4-2016q2/bin/../lib/gcc/arm-none-eabi/5.4.1/../../../../arm-none-eabi/lib/armv6-m/libc.a(lib_a-__call_atexit.o)
 .text.atexit   0x08004424       0x10 /home/niks/SystemWorkbench/plugins/fr.ac6.mcu.externaltools.arm-none.linux64_1.11.0.201610101240/tools/gcc-arm-none-eabi-5_4-2016q2/bin/../lib/gcc/arm-none-eabi/5.4.1/../../../../arm-none-eabi/lib/armv6-m/libc.a(lib_a-atexit.o)
                0x08004424                atexit
 .text.__libc_fini_array
                0x08004434       0x34 /home/niks/SystemWorkbench/plugins/fr.ac6.mcu.externaltools.arm-none.linux64_1.11.0.201610101240/tools/gcc-arm-none-eabi-5_4-2016q2/bin/../lib/gcc/arm-none-eabi/5.4.1/../../../../arm-none-eabi/lib/armv6-m/libc.a(lib_a-fini.o)
                0x08004434                __libc_fini_array
 .text.__register_exitproc
                0x08004468       0xd4 /home/niks/SystemWorkbench/plugins/fr.ac6.mcu.externaltools.arm-none.linux64_1.11.0.201610101240/tools/gcc-arm-none-eabi-5_4-2016q2/bin/../lib/gcc/arm-none-eabi/5.4.1/../../../../arm-none-eabi/lib/armv6-m/libc.a(lib_a-__atexit.o)
                0x08004468                __register_exitproc
 *(.rodata)
 .rodata        0x0800453c      0x908 src/main.o
 *(.rodata*)
 .rodata.str1.4
                0x08004e44        0x2 /home/niks/SystemWorkbench/plugins/fr.ac6.mcu.externaltools.arm-none.linux64_1.11.0.201610101240/tools/gcc-arm-none-eabi-5_4-2016q2/bin/../lib/gcc/arm-none-eabi/5.4.1/../../../../arm-none-eabi/lib/armv6-m/libc.a(lib_a-impure.o)
 *fill*         0x08004e46        0x2 
 .rodata._global_impure_ptr
                0x08004e48        0x4 /home/niks/SystemWorkbench/plugins/fr.ac6.mcu.externaltools.arm-none.linux64_1.11.0.201610101240/tools/gcc-arm-none-eabi-5_4-2016q2/bin/../lib/gcc/arm-none-eabi/5.4.1/../../../../arm-none-eabi/lib/armv6-m/libc.a(lib_a-impure.o)
                0x08004e48                _global_impure_ptr
 .rodata.str1.4
                0x08004e4c       0x28 /home/niks/SystemWorkbench/plugins/fr.ac6.mcu.externaltools.arm-none.linux64_1.11.0.201610101240/tools/gcc-arm-none-eabi-5_4-2016q2/bin/../lib/gcc/arm-none-eabi/5.4.1/../../../../arm-none-eabi/lib/armv6-m/libc.a(lib_a-utoa.o)
                                 0x25 (size before relaxing)
 .rodata._ctype_
                0x08004e74      0x101 /home/niks/SystemWorkbench/plugins/fr.ac6.mcu.externaltools.arm-none.linux64_1.11.0.201610101240/tools/gcc-arm-none-eabi-5_4-2016q2/bin/../lib/gcc/arm-none-eabi/5.4.1/../../../../arm-none-eabi/lib/armv6-m/libc.a(lib_a-ctype_.o)
                0x08004e74                _ctype_
 *(.glue_7)
 .glue_7        0x08004f75        0x0 linker stubs
 *(.glue_7t)
 .glue_7t       0x08004f75        0x0 linker stubs
 *(.eh_frame)
 *fill*         0x08004f75        0x3 
 .eh_frame      0x08004f78        0x0 /home/niks/SystemWorkbench/plugins/fr.ac6.mcu.externaltools.arm-none.linux64_1.11.0.201610101240/tools/gcc-arm-none-eabi-5_4-2016q2/bin/../lib/gcc/arm-none-eabi/5.4.1/armv6-m/crtbegin.o
 *(.init)
 .init          0x08004f78        0x4 /home/niks/SystemWorkbench/plugins/fr.ac6.mcu.externaltools.arm-none.linux64_1.11.0.201610101240/tools/gcc-arm-none-eabi-5_4-2016q2/bin/../lib/gcc/arm-none-eabi/5.4.1/armv6-m/crti.o
                0x08004f78                _init
 .init          0x08004f7c        0x8 /home/niks/SystemWorkbench/plugins/fr.ac6.mcu.externaltools.arm-none.linux64_1.11.0.201610101240/tools/gcc-arm-none-eabi-5_4-2016q2/bin/../lib/gcc/arm-none-eabi/5.4.1/armv6-m/crtn.o
 *(.fini)
 .fini          0x08004f84        0x4 /home/niks/SystemWorkbench/plugins/fr.ac6.mcu.externaltools.arm-none.linux64_1.11.0.201610101240/tools/gcc-arm-none-eabi-5_4-2016q2/bin/../lib/gcc/arm-none-eabi/5.4.1/armv6-m/crti.o
                0x08004f84                _fini
 .fini          0x08004f88        0x8 /home/niks/SystemWorkbench/plugins/fr.ac6.mcu.externaltools.arm-none.linux64_1.11.0.201610101240/tools/gcc-arm-none-eabi-5_4-2016q2/bin/../lib/gcc/arm-none-eabi/5.4.1/armv6-m/crtn.o
                0x08004f90                . = ALIGN (0x4)
                0x08004f90                _etext = .

.vfp11_veneer   0x08004f90        0x0
 .vfp11_veneer  0x08004f90        0x0 linker stubs

.v4_bx          0x08004f90        0x0
 .v4_bx         0x08004f90        0x0 linker stubs

.iplt           0x08004f90        0x0
 .iplt          0x08004f90        0x0 /home/niks/SystemWorkbench/plugins/fr.ac6.mcu.externaltools.arm-none.linux64_1.11.0.201610101240/tools/gcc-arm-none-eabi-5_4-2016q2/bin/../lib/gcc/arm-none-eabi/5.4.1/armv6-m/crtbegin.o

.rel.dyn        0x08004f90        0x0
 .rel.iplt      0x08004f90        0x0 /home/niks/SystemWorkbench/plugins/fr.ac6.mcu.externaltools.arm-none.linux64_1.11.0.201610101240/tools/gcc-arm-none-eabi-5_4-2016q2/bin/../lib/gcc/arm-none-eabi/5.4.1/armv6-m/crtbegin.o

.ARM.extab
 *(.ARM.extab* .gnu.linkonce.armextab.*)

.ARM            0x08004f90        0x0
                0x08004f90                __exidx_start = .
 *(.ARM.exidx*)
                0x08004f90                __exidx_end = .

.preinit_array  0x08004f90        0x0
                0x08004f90                PROVIDE (__preinit_array_start, .)
 *(.preinit_array*)
                0x08004f90                PROVIDE (__preinit_array_end, .)

.init_array     0x08004f90        0x8
                0x08004f90                PROVIDE (__init_array_start, .)
 *(SORT(.init_array.*))
 .init_array.00000
                0x08004f90        0x4 /home/niks/SystemWorkbench/plugins/fr.ac6.mcu.externaltools.arm-none.linux64_1.11.0.201610101240/tools/gcc-arm-none-eabi-5_4-2016q2/bin/../lib/gcc/arm-none-eabi/5.4.1/../../../../arm-none-eabi/lib/armv6-m/libc.a(lib_a-__call_atexit.o)
 *(.init_array*)
 .init_array    0x08004f94        0x4 /home/niks/SystemWorkbench/plugins/fr.ac6.mcu.externaltools.arm-none.linux64_1.11.0.201610101240/tools/gcc-arm-none-eabi-5_4-2016q2/bin/../lib/gcc/arm-none-eabi/5.4.1/armv6-m/crtbegin.o
                0x08004f98                PROVIDE (__init_array_end, .)

.fini_array     0x08004f98        0x4
                0x08004f98                PROVIDE (__fini_array_start, .)
 *(SORT(.fini_array.*))
 *(.fini_array*)
 .fini_array    0x08004f98        0x4 /home/niks/SystemWorkbench/plugins/fr.ac6.mcu.externaltools.arm-none.linux64_1.11.0.201610101240/tools/gcc-arm-none-eabi-5_4-2016q2/bin/../lib/gcc/arm-none-eabi/5.4.1/armv6-m/crtbegin.o
                0x08004f9c                PROVIDE (__fini_array_end, .)
                0x08004f9c                _sidata = LOADADDR (.data)

.data           0x20000000      0x540 load address 0x08004f9c
                0x20000000                . = ALIGN (0x4)
                0x20000000                _sdata = .
 *(.data)
 .data          0x20000000       0xff src/main.o
                0x20000000                xbeeReceiveBuffer
 *fill*         0x200000ff        0x1 
 .data          0x20000100       0x10 /home/niks/stm32workspace/stm32f0discovery_stdperiph_lib/Debug/libstm32f0discovery_stdperiph_lib.a(stm32f0xx_rcc.o)
 *(.data*)
 .data.impure_data
                0x20000110      0x428 /home/niks/SystemWorkbench/plugins/fr.ac6.mcu.externaltools.arm-none.linux64_1.11.0.201610101240/tools/gcc-arm-none-eabi-5_4-2016q2/bin/../lib/gcc/arm-none-eabi/5.4.1/../../../../arm-none-eabi/lib/armv6-m/libc.a(lib_a-impure.o)
 .data._impure_ptr
                0x20000538        0x4 /home/niks/SystemWorkbench/plugins/fr.ac6.mcu.externaltools.arm-none.linux64_1.11.0.201610101240/tools/gcc-arm-none-eabi-5_4-2016q2/bin/../lib/gcc/arm-none-eabi/5.4.1/../../../../arm-none-eabi/lib/armv6-m/libc.a(lib_a-impure.o)
                0x20000538                _impure_ptr
 .data.__ctype_ptr__
                0x2000053c        0x4 /home/niks/SystemWorkbench/plugins/fr.ac6.mcu.externaltools.arm-none.linux64_1.11.0.201610101240/tools/gcc-arm-none-eabi-5_4-2016q2/bin/../lib/gcc/arm-none-eabi/5.4.1/../../../../arm-none-eabi/lib/armv6-m/libc.a(lib_a-ctype_.o)
                0x2000053c                __ctype_ptr__
                0x20000540                . = ALIGN (0x4)
                0x20000540                _edata = .

.jcr            0x20000540        0x0 load address 0x080054dc
 .jcr           0x20000540        0x0 /home/niks/SystemWorkbench/plugins/fr.ac6.mcu.externaltools.arm-none.linux64_1.11.0.201610101240/tools/gcc-arm-none-eabi-5_4-2016q2/bin/../lib/gcc/arm-none-eabi/5.4.1/armv6-m/crtbegin.o

.igot.plt       0x20000540        0x0 load address 0x080054dc
 .igot.plt      0x20000540        0x0 /home/niks/SystemWorkbench/plugins/fr.ac6.mcu.externaltools.arm-none.linux64_1.11.0.201610101240/tools/gcc-arm-none-eabi-5_4-2016q2/bin/../lib/gcc/arm-none-eabi/5.4.1/armv6-m/crtbegin.o
                0x20000540                . = ALIGN (0x4)

.bss            0x20000540      0x134 load address 0x080054dc
                0x20000540                _sbss = .
                0x20000540                __bss_start__ = _sbss
 *(.bss)
 .bss           0x20000540       0x1c /home/niks/SystemWorkbench/plugins/fr.ac6.mcu.externaltools.arm-none.linux64_1.11.0.201610101240/tools/gcc-arm-none-eabi-5_4-2016q2/bin/../lib/gcc/arm-none-eabi/5.4.1/armv6-m/crtbegin.o
 .bss           0x2000055c        0x4 inc/SysTickDelay.o
 .bss           0x20000560       0x10 src/main.o
                0x20000564                packetLenght
                0x20000565                serialUpdated
                0x20000566                xbeeDataUpdated
                0x20000567                SPI1_Busy
                0x20000568                xbeeReading
                0x2000056c                globalCounter
 *(.bss*)
 *(COMMON)
 COMMON         0x20000570      0x104 src/main.o
                0x20000570                cheksum
                0x20000571                length
                0x20000572                errorTimer
                0x20000574                serialBuffer
                0x20000674                . = ALIGN (0x4)
                0x20000674                _ebss = .
                0x20000674                __bss_end__ = _ebss

._user_heap_stack
                0x20000674       0x84 load address 0x080054dc
                0x20000678                . = ALIGN (0x8)
 *fill*         0x20000674        0x4 
                0x20000678                PROVIDE (end, .)
                [!provide]                PROVIDE (_end, .)
                0x20000678                . = (. + _Min_Heap_Size)
                0x200006f8                . = (. + _Min_Stack_Size)
 *fill*         0x20000678       0x80 
                0x200006f8                . = ALIGN (0x8)

.ARM.attributes
                0x00000000       0x28
 *(.ARM.attributes)
 .ARM.attributes
                0x00000000       0x1e /home/niks/SystemWorkbench/plugins/fr.ac6.mcu.externaltools.arm-none.linux64_1.11.0.201610101240/tools/gcc-arm-none-eabi-5_4-2016q2/bin/../lib/gcc/arm-none-eabi/5.4.1/armv6-m/crti.o
 .ARM.attributes
                0x0000001e       0x2c /home/niks/SystemWorkbench/plugins/fr.ac6.mcu.externaltools.arm-none.linux64_1.11.0.201610101240/tools/gcc-arm-none-eabi-5_4-2016q2/bin/../lib/gcc/arm-none-eabi/5.4.1/armv6-m/crtbegin.o
 .ARM.attributes
                0x0000004a       0x31 inc/IndicationGPIOs.o
 .ARM.attributes
                0x0000007b       0x31 inc/SPI1.o
 .ARM.attributes
                0x000000ac       0x31 inc/SysTickDelay.o
 .ARM.attributes
                0x000000dd       0x31 inc/Timer.o
 .ARM.attributes
                0x0000010e       0x31 inc/USART1.o
 .ARM.attributes
                0x0000013f       0x31 inc/XBee.o
 .ARM.attributes
                0x00000170       0x31 inc/myStringFunctions.o
 .ARM.attributes
                0x000001a1       0x31 src/main.o
 .ARM.attributes
                0x000001d2       0x31 src/system_stm32f0xx.o
 .ARM.attributes
                0x00000203       0x21 startup/startup_stm32f0xx.o
 .ARM.attributes
                0x00000224       0x31 /home/niks/stm32workspace/stm32f0discovery_stdperiph_lib/Debug/libstm32f0discovery_stdperiph_lib.a(stm32f0xx_exti.o)
 .ARM.attributes
                0x00000255       0x31 /home/niks/stm32workspace/stm32f0discovery_stdperiph_lib/Debug/libstm32f0discovery_stdperiph_lib.a(stm32f0xx_gpio.o)
 .ARM.attributes
                0x00000286       0x31 /home/niks/stm32workspace/stm32f0discovery_stdperiph_lib/Debug/libstm32f0discovery_stdperiph_lib.a(stm32f0xx_misc.o)
 .ARM.attributes
                0x000002b7       0x31 /home/niks/stm32workspace/stm32f0discovery_stdperiph_lib/Debug/libstm32f0discovery_stdperiph_lib.a(stm32f0xx_rcc.o)
 .ARM.attributes
                0x000002e8       0x31 /home/niks/stm32workspace/stm32f0discovery_stdperiph_lib/Debug/libstm32f0discovery_stdperiph_lib.a(stm32f0xx_spi.o)
 .ARM.attributes
                0x00000319       0x31 /home/niks/stm32workspace/stm32f0discovery_stdperiph_lib/Debug/libstm32f0discovery_stdperiph_lib.a(stm32f0xx_syscfg.o)
 .ARM.attributes
                0x0000034a       0x31 /home/niks/stm32workspace/stm32f0discovery_stdperiph_lib/Debug/libstm32f0discovery_stdperiph_lib.a(stm32f0xx_tim.o)
 .ARM.attributes
                0x0000037b       0x31 /home/niks/stm32workspace/stm32f0discovery_stdperiph_lib/Debug/libstm32f0discovery_stdperiph_lib.a(stm32f0xx_usart.o)
 .ARM.attributes
                0x000003ac       0x1e /home/niks/SystemWorkbench/plugins/fr.ac6.mcu.externaltools.arm-none.linux64_1.11.0.201610101240/tools/gcc-arm-none-eabi-5_4-2016q2/bin/../lib/gcc/arm-none-eabi/5.4.1/armv6-m/libgcc.a(_udivsi3.o)
 .ARM.attributes
                0x000003ca       0x1e /home/niks/SystemWorkbench/plugins/fr.ac6.mcu.externaltools.arm-none.linux64_1.11.0.201610101240/tools/gcc-arm-none-eabi-5_4-2016q2/bin/../lib/gcc/arm-none-eabi/5.4.1/armv6-m/libgcc.a(_dvmd_tls.o)
 .ARM.attributes
                0x000003e8       0x2c /home/niks/SystemWorkbench/plugins/fr.ac6.mcu.externaltools.arm-none.linux64_1.11.0.201610101240/tools/gcc-arm-none-eabi-5_4-2016q2/bin/../lib/gcc/arm-none-eabi/5.4.1/../../../../arm-none-eabi/lib/armv6-m/libc.a(lib_a-atoi.o)
 .ARM.attributes
                0x00000414       0x2c /home/niks/SystemWorkbench/plugins/fr.ac6.mcu.externaltools.arm-none.linux64_1.11.0.201610101240/tools/gcc-arm-none-eabi-5_4-2016q2/bin/../lib/gcc/arm-none-eabi/5.4.1/../../../../arm-none-eabi/lib/armv6-m/libc.a(lib_a-impure.o)
 .ARM.attributes
                0x00000440       0x2c /home/niks/SystemWorkbench/plugins/fr.ac6.mcu.externaltools.arm-none.linux64_1.11.0.201610101240/tools/gcc-arm-none-eabi-5_4-2016q2/bin/../lib/gcc/arm-none-eabi/5.4.1/../../../../arm-none-eabi/lib/armv6-m/libc.a(lib_a-init.o)
 .ARM.attributes
                0x0000046c       0x2c /home/niks/SystemWorkbench/plugins/fr.ac6.mcu.externaltools.arm-none.linux64_1.11.0.201610101240/tools/gcc-arm-none-eabi-5_4-2016q2/bin/../lib/gcc/arm-none-eabi/5.4.1/../../../../arm-none-eabi/lib/armv6-m/libc.a(lib_a-itoa.o)
 .ARM.attributes
                0x00000498       0x2c /home/niks/SystemWorkbench/plugins/fr.ac6.mcu.externaltools.arm-none.linux64_1.11.0.201610101240/tools/gcc-arm-none-eabi-5_4-2016q2/bin/../lib/gcc/arm-none-eabi/5.4.1/../../../../arm-none-eabi/lib/armv6-m/libc.a(lib_a-memcpy-stub.o)
 .ARM.attributes
                0x000004c4       0x2c /home/niks/SystemWorkbench/plugins/fr.ac6.mcu.externaltools.arm-none.linux64_1.11.0.201610101240/tools/gcc-arm-none-eabi-5_4-2016q2/bin/../lib/gcc/arm-none-eabi/5.4.1/../../../../arm-none-eabi/lib/armv6-m/libc.a(lib_a-memset.o)
 .ARM.attributes
                0x000004f0       0x2c /home/niks/SystemWorkbench/plugins/fr.ac6.mcu.externaltools.arm-none.linux64_1.11.0.201610101240/tools/gcc-arm-none-eabi-5_4-2016q2/bin/../lib/gcc/arm-none-eabi/5.4.1/../../../../arm-none-eabi/lib/armv6-m/libc.a(lib_a-strcat.o)
 .ARM.attributes
                0x0000051c       0x1b /home/niks/SystemWorkbench/plugins/fr.ac6.mcu.externaltools.arm-none.linux64_1.11.0.201610101240/tools/gcc-arm-none-eabi-5_4-2016q2/bin/../lib/gcc/arm-none-eabi/5.4.1/../../../../arm-none-eabi/lib/armv6-m/libc.a(lib_a-strcmp.o)
 .ARM.attributes
                0x00000537       0x2c /home/niks/SystemWorkbench/plugins/fr.ac6.mcu.externaltools.arm-none.linux64_1.11.0.201610101240/tools/gcc-arm-none-eabi-5_4-2016q2/bin/../lib/gcc/arm-none-eabi/5.4.1/../../../../arm-none-eabi/lib/armv6-m/libc.a(lib_a-strcpy.o)
 .ARM.attributes
                0x00000563       0x2c /home/niks/SystemWorkbench/plugins/fr.ac6.mcu.externaltools.arm-none.linux64_1.11.0.201610101240/tools/gcc-arm-none-eabi-5_4-2016q2/bin/../lib/gcc/arm-none-eabi/5.4.1/../../../../arm-none-eabi/lib/armv6-m/libc.a(lib_a-strlen-stub.o)
 .ARM.attributes
                0x0000058f       0x2c /home/niks/SystemWorkbench/plugins/fr.ac6.mcu.externaltools.arm-none.linux64_1.11.0.201610101240/tools/gcc-arm-none-eabi-5_4-2016q2/bin/../lib/gcc/arm-none-eabi/5.4.1/../../../../arm-none-eabi/lib/armv6-m/libc.a(lib_a-strncmp.o)
 .ARM.attributes
                0x000005bb       0x2c /home/niks/SystemWorkbench/plugins/fr.ac6.mcu.externaltools.arm-none.linux64_1.11.0.201610101240/tools/gcc-arm-none-eabi-5_4-2016q2/bin/../lib/gcc/arm-none-eabi/5.4.1/../../../../arm-none-eabi/lib/armv6-m/libc.a(lib_a-strtok.o)
 .ARM.attributes
                0x000005e7       0x2c /home/niks/SystemWorkbench/plugins/fr.ac6.mcu.externaltools.arm-none.linux64_1.11.0.201610101240/tools/gcc-arm-none-eabi-5_4-2016q2/bin/../lib/gcc/arm-none-eabi/5.4.1/../../../../arm-none-eabi/lib/armv6-m/libc.a(lib_a-strtok_r.o)
 .ARM.attributes
                0x00000613       0x2c /home/niks/SystemWorkbench/plugins/fr.ac6.mcu.externaltools.arm-none.linux64_1.11.0.201610101240/tools/gcc-arm-none-eabi-5_4-2016q2/bin/../lib/gcc/arm-none-eabi/5.4.1/../../../../arm-none-eabi/lib/armv6-m/libc.a(lib_a-strtol.o)
 .ARM.attributes
                0x0000063f       0x2c /home/niks/SystemWorkbench/plugins/fr.ac6.mcu.externaltools.arm-none.linux64_1.11.0.201610101240/tools/gcc-arm-none-eabi-5_4-2016q2/bin/../lib/gcc/arm-none-eabi/5.4.1/../../../../arm-none-eabi/lib/armv6-m/libc.a(lib_a-utoa.o)
 .ARM.attributes
                0x0000066b       0x2c /home/niks/SystemWorkbench/plugins/fr.ac6.mcu.externaltools.arm-none.linux64_1.11.0.201610101240/tools/gcc-arm-none-eabi-5_4-2016q2/bin/../lib/gcc/arm-none-eabi/5.4.1/../../../../arm-none-eabi/lib/armv6-m/libc.a(lib_a-__call_atexit.o)
 .ARM.attributes
                0x00000697       0x2c /home/niks/SystemWorkbench/plugins/fr.ac6.mcu.externaltools.arm-none.linux64_1.11.0.201610101240/tools/gcc-arm-none-eabi-5_4-2016q2/bin/../lib/gcc/arm-none-eabi/5.4.1/../../../../arm-none-eabi/lib/armv6-m/libc.a(lib_a-atexit.o)
 .ARM.attributes
                0x000006c3       0x2c /home/niks/SystemWorkbench/plugins/fr.ac6.mcu.externaltools.arm-none.linux64_1.11.0.201610101240/tools/gcc-arm-none-eabi-5_4-2016q2/bin/../lib/gcc/arm-none-eabi/5.4.1/../../../../arm-none-eabi/lib/armv6-m/libc.a(lib_a-ctype_.o)
 .ARM.attributes
                0x000006ef       0x2c /home/niks/SystemWorkbench/plugins/fr.ac6.mcu.externaltools.arm-none.linux64_1.11.0.201610101240/tools/gcc-arm-none-eabi-5_4-2016q2/bin/../lib/gcc/arm-none-eabi/5.4.1/../../../../arm-none-eabi/lib/armv6-m/libc.a(lib_a-fini.o)
 .ARM.attributes
                0x0000071b       0x2c /home/niks/SystemWorkbench/plugins/fr.ac6.mcu.externaltools.arm-none.linux64_1.11.0.201610101240/tools/gcc-arm-none-eabi-5_4-2016q2/bin/../lib/gcc/arm-none-eabi/5.4.1/../../../../arm-none-eabi/lib/armv6-m/libc.a(lib_a-__atexit.o)
 .ARM.attributes
                0x00000747       0x1e /home/niks/SystemWorkbench/plugins/fr.ac6.mcu.externaltools.arm-none.linux64_1.11.0.201610101240/tools/gcc-arm-none-eabi-5_4-2016q2/bin/../lib/gcc/arm-none-eabi/5.4.1/armv6-m/crtn.o
OUTPUT(serialComplete.elf elf32-littlearm)

.debug_info     0x00000000     0x7f73
 .debug_info    0x00000000      0x539 inc/IndicationGPIOs.o
 .debug_info    0x00000539      0x737 inc/SPI1.o
 .debug_info    0x00000c70      0x4f6 inc/SysTickDelay.o
 .debug_info    0x00001166      0x478 inc/Timer.o
 .debug_info    0x000015de      0x622 inc/USART1.o
 .debug_info    0x00001c00      0x758 inc/XBee.o
 .debug_info    0x00002358      0x2ba inc/myStringFunctions.o
 .debug_info    0x00002612      0x7af src/main.o
 .debug_info    0x00002dc1      0x2d5 src/system_stm32f0xx.o
 .debug_info    0x00003096       0x72 startup/startup_stm32f0xx.o
 .debug_info    0x00003108      0x32f /home/niks/stm32workspace/stm32f0discovery_stdperiph_lib/Debug/libstm32f0discovery_stdperiph_lib.a(stm32f0xx_exti.o)
 .debug_info    0x00003437      0x5ee /home/niks/stm32workspace/stm32f0discovery_stdperiph_lib/Debug/libstm32f0discovery_stdperiph_lib.a(stm32f0xx_gpio.o)
 .debug_info    0x00003a25      0x374 /home/niks/stm32workspace/stm32f0discovery_stdperiph_lib/Debug/libstm32f0discovery_stdperiph_lib.a(stm32f0xx_misc.o)
 .debug_info    0x00003d99      0x9b1 /home/niks/stm32workspace/stm32f0discovery_stdperiph_lib/Debug/libstm32f0discovery_stdperiph_lib.a(stm32f0xx_rcc.o)
 .debug_info    0x0000474a      0xa98 /home/niks/stm32workspace/stm32f0discovery_stdperiph_lib/Debug/libstm32f0discovery_stdperiph_lib.a(stm32f0xx_spi.o)
 .debug_info    0x000051e2      0x2b2 /home/niks/stm32workspace/stm32f0discovery_stdperiph_lib/Debug/libstm32f0discovery_stdperiph_lib.a(stm32f0xx_syscfg.o)
 .debug_info    0x00005494     0x1c72 /home/niks/stm32workspace/stm32f0discovery_stdperiph_lib/Debug/libstm32f0discovery_stdperiph_lib.a(stm32f0xx_tim.o)
 .debug_info    0x00007106      0xe6d /home/niks/stm32workspace/stm32f0discovery_stdperiph_lib/Debug/libstm32f0discovery_stdperiph_lib.a(stm32f0xx_usart.o)

.debug_abbrev   0x00000000     0x1890
 .debug_abbrev  0x00000000      0x15f inc/IndicationGPIOs.o
 .debug_abbrev  0x0000015f      0x1a9 inc/SPI1.o
 .debug_abbrev  0x00000308      0x1a7 inc/SysTickDelay.o
 .debug_abbrev  0x000004af      0x108 inc/Timer.o
 .debug_abbrev  0x000005b7      0x171 inc/USART1.o
 .debug_abbrev  0x00000728      0x15f inc/XBee.o
 .debug_abbrev  0x00000887       0xf7 inc/myStringFunctions.o
 .debug_abbrev  0x0000097e      0x182 src/main.o
 .debug_abbrev  0x00000b00      0x11a src/system_stm32f0xx.o
 .debug_abbrev  0x00000c1a       0x12 startup/startup_stm32f0xx.o
 .debug_abbrev  0x00000c2c      0x18c /home/niks/stm32workspace/stm32f0discovery_stdperiph_lib/Debug/libstm32f0discovery_stdperiph_lib.a(stm32f0xx_exti.o)
 .debug_abbrev  0x00000db8      0x195 /home/niks/stm32workspace/stm32f0discovery_stdperiph_lib/Debug/libstm32f0discovery_stdperiph_lib.a(stm32f0xx_gpio.o)
 .debug_abbrev  0x00000f4d      0x14a /home/niks/stm32workspace/stm32f0discovery_stdperiph_lib/Debug/libstm32f0discovery_stdperiph_lib.a(stm32f0xx_misc.o)
 .debug_abbrev  0x00001097      0x1f3 /home/niks/stm32workspace/stm32f0discovery_stdperiph_lib/Debug/libstm32f0discovery_stdperiph_lib.a(stm32f0xx_rcc.o)
 .debug_abbrev  0x0000128a      0x1a8 /home/niks/stm32workspace/stm32f0discovery_stdperiph_lib/Debug/libstm32f0discovery_stdperiph_lib.a(stm32f0xx_spi.o)
 .debug_abbrev  0x00001432      0x13f /home/niks/stm32workspace/stm32f0discovery_stdperiph_lib/Debug/libstm32f0discovery_stdperiph_lib.a(stm32f0xx_syscfg.o)
 .debug_abbrev  0x00001571      0x1bc /home/niks/stm32workspace/stm32f0discovery_stdperiph_lib/Debug/libstm32f0discovery_stdperiph_lib.a(stm32f0xx_tim.o)
 .debug_abbrev  0x0000172d      0x163 /home/niks/stm32workspace/stm32f0discovery_stdperiph_lib/Debug/libstm32f0discovery_stdperiph_lib.a(stm32f0xx_usart.o)

.debug_aranges  0x00000000      0xbb8
 .debug_aranges
                0x00000000       0xd0 inc/IndicationGPIOs.o
 .debug_aranges
                0x000000d0       0x78 inc/SPI1.o
 .debug_aranges
                0x00000148       0x70 inc/SysTickDelay.o
 .debug_aranges
                0x000001b8       0x28 inc/Timer.o
 .debug_aranges
                0x000001e0       0x48 inc/USART1.o
 .debug_aranges
                0x00000228       0x50 inc/XBee.o
 .debug_aranges
                0x00000278       0x48 inc/myStringFunctions.o
 .debug_aranges
                0x000002c0       0x38 src/main.o
 .debug_aranges
                0x000002f8       0x30 src/system_stm32f0xx.o
 .debug_aranges
                0x00000328       0x28 startup/startup_stm32f0xx.o
 .debug_aranges
                0x00000350       0x58 /home/niks/stm32workspace/stm32f0discovery_stdperiph_lib/Debug/libstm32f0discovery_stdperiph_lib.a(stm32f0xx_exti.o)
 .debug_aranges
                0x000003a8       0x80 /home/niks/stm32workspace/stm32f0discovery_stdperiph_lib/Debug/libstm32f0discovery_stdperiph_lib.a(stm32f0xx_gpio.o)
 .debug_aranges
                0x00000428       0x30 /home/niks/stm32workspace/stm32f0discovery_stdperiph_lib/Debug/libstm32f0discovery_stdperiph_lib.a(stm32f0xx_misc.o)
 .debug_aranges
                0x00000458      0x150 /home/niks/stm32workspace/stm32f0discovery_stdperiph_lib/Debug/libstm32f0discovery_stdperiph_lib.a(stm32f0xx_rcc.o)
 .debug_aranges
                0x000005a8      0x110 /home/niks/stm32workspace/stm32f0discovery_stdperiph_lib/Debug/libstm32f0discovery_stdperiph_lib.a(stm32f0xx_spi.o)
 .debug_aranges
                0x000006b8       0x58 /home/niks/stm32workspace/stm32f0discovery_stdperiph_lib/Debug/libstm32f0discovery_stdperiph_lib.a(stm32f0xx_syscfg.o)
 .debug_aranges
                0x00000710      0x300 /home/niks/stm32workspace/stm32f0discovery_stdperiph_lib/Debug/libstm32f0discovery_stdperiph_lib.a(stm32f0xx_tim.o)
 .debug_aranges
                0x00000a10      0x1a8 /home/niks/stm32workspace/stm32f0discovery_stdperiph_lib/Debug/libstm32f0discovery_stdperiph_lib.a(stm32f0xx_usart.o)

.debug_ranges   0x00000000      0xaa0
 .debug_ranges  0x00000000       0xc0 inc/IndicationGPIOs.o
 .debug_ranges  0x000000c0       0x68 inc/SPI1.o
 .debug_ranges  0x00000128       0x60 inc/SysTickDelay.o
 .debug_ranges  0x00000188       0x18 inc/Timer.o
 .debug_ranges  0x000001a0       0x38 inc/USART1.o
 .debug_ranges  0x000001d8       0x40 inc/XBee.o
 .debug_ranges  0x00000218       0x38 inc/myStringFunctions.o
 .debug_ranges  0x00000250       0x28 src/main.o
 .debug_ranges  0x00000278       0x20 src/system_stm32f0xx.o
 .debug_ranges  0x00000298       0x20 startup/startup_stm32f0xx.o
 .debug_ranges  0x000002b8       0x48 /home/niks/stm32workspace/stm32f0discovery_stdperiph_lib/Debug/libstm32f0discovery_stdperiph_lib.a(stm32f0xx_exti.o)
 .debug_ranges  0x00000300       0x70 /home/niks/stm32workspace/stm32f0discovery_stdperiph_lib/Debug/libstm32f0discovery_stdperiph_lib.a(stm32f0xx_gpio.o)
 .debug_ranges  0x00000370       0x20 /home/niks/stm32workspace/stm32f0discovery_stdperiph_lib/Debug/libstm32f0discovery_stdperiph_lib.a(stm32f0xx_misc.o)
 .debug_ranges  0x00000390      0x140 /home/niks/stm32workspace/stm32f0discovery_stdperiph_lib/Debug/libstm32f0discovery_stdperiph_lib.a(stm32f0xx_rcc.o)
 .debug_ranges  0x000004d0      0x100 /home/niks/stm32workspace/stm32f0discovery_stdperiph_lib/Debug/libstm32f0discovery_stdperiph_lib.a(stm32f0xx_spi.o)
 .debug_ranges  0x000005d0       0x48 /home/niks/stm32workspace/stm32f0discovery_stdperiph_lib/Debug/libstm32f0discovery_stdperiph_lib.a(stm32f0xx_syscfg.o)
 .debug_ranges  0x00000618      0x2f0 /home/niks/stm32workspace/stm32f0discovery_stdperiph_lib/Debug/libstm32f0discovery_stdperiph_lib.a(stm32f0xx_tim.o)
 .debug_ranges  0x00000908      0x198 /home/niks/stm32workspace/stm32f0discovery_stdperiph_lib/Debug/libstm32f0discovery_stdperiph_lib.a(stm32f0xx_usart.o)

.debug_macro    0x00000000     0x376d
 .debug_macro   0x00000000      0x199 inc/IndicationGPIOs.o
 .debug_macro   0x00000199      0x17f inc/IndicationGPIOs.o
 .debug_macro   0x00000318       0x1c inc/IndicationGPIOs.o
 .debug_macro   0x00000334      0x18d inc/SPI1.o
 .debug_macro   0x000004c1       0x1c inc/SPI1.o
 .debug_macro   0x000004dd      0x180 inc/SysTickDelay.o
 .debug_macro   0x0000065d      0x18d inc/Timer.o
 .debug_macro   0x000007ea       0x10 inc/Timer.o
 .debug_macro   0x000007fa      0x1a5 inc/USART1.o
 .debug_macro   0x0000099f       0x22 inc/USART1.o
 .debug_macro   0x000009c1       0x1c inc/USART1.o
 .debug_macro   0x000009dd      0x281 inc/XBee.o
 .debug_macro   0x00000c5e       0x4c inc/XBee.o
 .debug_macro   0x00000caa       0x8d inc/XBee.o
 .debug_macro   0x00000d37       0x4a inc/XBee.o
 .debug_macro   0x00000d81       0x7c inc/XBee.o
 .debug_macro   0x00000dfd      0x1ac inc/myStringFunctions.o
 .debug_macro   0x00000fa9       0x1c inc/myStringFunctions.o
 .debug_macro   0x00000fc5      0x1e1 inc/myStringFunctions.o
 .debug_macro   0x000011a6      0x3dd src/main.o
 .debug_macro   0x00001583      0x174 src/system_stm32f0xx.o
 .debug_macro   0x000016f7      0x17e /home/niks/stm32workspace/stm32f0discovery_stdperiph_lib/Debug/libstm32f0discovery_stdperiph_lib.a(stm32f0xx_exti.o)
 .debug_macro   0x00001875       0xb2 /home/niks/stm32workspace/stm32f0discovery_stdperiph_lib/Debug/libstm32f0discovery_stdperiph_lib.a(stm32f0xx_exti.o)
 .debug_macro   0x00001927      0x17c /home/niks/stm32workspace/stm32f0discovery_stdperiph_lib/Debug/libstm32f0discovery_stdperiph_lib.a(stm32f0xx_gpio.o)
 .debug_macro   0x00001aa3      0x178 /home/niks/stm32workspace/stm32f0discovery_stdperiph_lib/Debug/libstm32f0discovery_stdperiph_lib.a(stm32f0xx_misc.o)
 .debug_macro   0x00001c1b      0x196 /home/niks/stm32workspace/stm32f0discovery_stdperiph_lib/Debug/libstm32f0discovery_stdperiph_lib.a(stm32f0xx_rcc.o)
 .debug_macro   0x00001db1      0x446 /home/niks/stm32workspace/stm32f0discovery_stdperiph_lib/Debug/libstm32f0discovery_stdperiph_lib.a(stm32f0xx_rcc.o)
 .debug_macro   0x000021f7      0x194 /home/niks/stm32workspace/stm32f0discovery_stdperiph_lib/Debug/libstm32f0discovery_stdperiph_lib.a(stm32f0xx_spi.o)
 .debug_macro   0x0000238b      0x390 /home/niks/stm32workspace/stm32f0discovery_stdperiph_lib/Debug/libstm32f0discovery_stdperiph_lib.a(stm32f0xx_spi.o)
 .debug_macro   0x0000271b      0x178 /home/niks/stm32workspace/stm32f0discovery_stdperiph_lib/Debug/libstm32f0discovery_stdperiph_lib.a(stm32f0xx_syscfg.o)
 .debug_macro   0x00002893      0x11d /home/niks/stm32workspace/stm32f0discovery_stdperiph_lib/Debug/libstm32f0discovery_stdperiph_lib.a(stm32f0xx_syscfg.o)
 .debug_macro   0x000029b0      0x198 /home/niks/stm32workspace/stm32f0discovery_stdperiph_lib/Debug/libstm32f0discovery_stdperiph_lib.a(stm32f0xx_tim.o)
 .debug_macro   0x00002b48      0x74a /home/niks/stm32workspace/stm32f0discovery_stdperiph_lib/Debug/libstm32f0discovery_stdperiph_lib.a(stm32f0xx_tim.o)
 .debug_macro   0x00003292      0x194 /home/niks/stm32workspace/stm32f0discovery_stdperiph_lib/Debug/libstm32f0discovery_stdperiph_lib.a(stm32f0xx_usart.o)
 .debug_macro   0x00003426      0x347 /home/niks/stm32workspace/stm32f0discovery_stdperiph_lib/Debug/libstm32f0discovery_stdperiph_lib.a(stm32f0xx_usart.o)

.debug_line     0x00000000     0x8975
 .debug_line    0x00000000      0x908 inc/IndicationGPIOs.o
 .debug_line    0x00000908      0x768 inc/SPI1.o
 .debug_line    0x00001070      0x71d inc/SysTickDelay.o
 .debug_line    0x0000178d      0x61e inc/Timer.o
 .debug_line    0x00001dab      0x6af inc/USART1.o
 .debug_line    0x0000245a      0x824 inc/XBee.o
 .debug_line    0x00002c7e      0x503 inc/myStringFunctions.o
 .debug_line    0x00003181      0xad2 src/main.o
 .debug_line    0x00003c53      0x660 src/system_stm32f0xx.o
 .debug_line    0x000042b3       0x81 startup/startup_stm32f0xx.o
 .debug_line    0x00004334      0x6c2 /home/niks/stm32workspace/stm32f0discovery_stdperiph_lib/Debug/libstm32f0discovery_stdperiph_lib.a(stm32f0xx_exti.o)
 .debug_line    0x000049f6      0x750 /home/niks/stm32workspace/stm32f0discovery_stdperiph_lib/Debug/libstm32f0discovery_stdperiph_lib.a(stm32f0xx_gpio.o)
 .debug_line    0x00005146      0x646 /home/niks/stm32workspace/stm32f0discovery_stdperiph_lib/Debug/libstm32f0discovery_stdperiph_lib.a(stm32f0xx_misc.o)
 .debug_line    0x0000578c      0x97e /home/niks/stm32workspace/stm32f0discovery_stdperiph_lib/Debug/libstm32f0discovery_stdperiph_lib.a(stm32f0xx_rcc.o)
 .debug_line    0x0000610a      0x8cf /home/niks/stm32workspace/stm32f0discovery_stdperiph_lib/Debug/libstm32f0discovery_stdperiph_lib.a(stm32f0xx_spi.o)
 .debug_line    0x000069d9      0x6ac /home/niks/stm32workspace/stm32f0discovery_stdperiph_lib/Debug/libstm32f0discovery_stdperiph_lib.a(stm32f0xx_syscfg.o)
 .debug_line    0x00007085      0xeb7 /home/niks/stm32workspace/stm32f0discovery_stdperiph_lib/Debug/libstm32f0discovery_stdperiph_lib.a(stm32f0xx_tim.o)
 .debug_line    0x00007f3c      0xa39 /home/niks/stm32workspace/stm32f0discovery_stdperiph_lib/Debug/libstm32f0discovery_stdperiph_lib.a(stm32f0xx_usart.o)

.debug_str      0x00000000    0x32b7d
 .debug_str     0x00000000    0x2b4f3 inc/IndicationGPIOs.o
                              0x2b6a6 (size before relaxing)
 .debug_str     0x0002b4f3      0x4ac inc/SPI1.o
                              0x2b973 (size before relaxing)
 .debug_str     0x0002b99f      0x1a3 inc/SysTickDelay.o
                              0x2b67d (size before relaxing)
 .debug_str     0x0002bb42      0x17b inc/Timer.o
                              0x2b6e7 (size before relaxing)
 .debug_str     0x0002bcbd      0x1bb inc/USART1.o
                              0x2b91f (size before relaxing)
 .debug_str     0x0002be78     0x2d37 inc/XBee.o
                              0x2e672 (size before relaxing)
 .debug_str     0x0002ebaf     0x1a60 inc/myStringFunctions.o
                               0x6cb5 (size before relaxing)
 .debug_str     0x0003060f      0x3de src/main.o
                              0x2ffdc (size before relaxing)
 .debug_str     0x000309ed      0x112 src/system_stm32f0xx.o
                              0x2b405 (size before relaxing)
 .debug_str     0x00030aff      0x157 /home/niks/stm32workspace/stm32f0discovery_stdperiph_lib/Debug/libstm32f0discovery_stdperiph_lib.a(stm32f0xx_exti.o)
                              0x2b4ef (size before relaxing)
 .debug_str     0x00030c56      0x167 /home/niks/stm32workspace/stm32f0discovery_stdperiph_lib/Debug/libstm32f0discovery_stdperiph_lib.a(stm32f0xx_gpio.o)
                              0x2b61d (size before relaxing)
 .debug_str     0x00030dbd       0xa3 /home/niks/stm32workspace/stm32f0discovery_stdperiph_lib/Debug/libstm32f0discovery_stdperiph_lib.a(stm32f0xx_misc.o)
                              0x2b487 (size before relaxing)
 .debug_str     0x00030e60      0x4eb /home/niks/stm32workspace/stm32f0discovery_stdperiph_lib/Debug/libstm32f0discovery_stdperiph_lib.a(stm32f0xx_rcc.o)
                              0x2b974 (size before relaxing)
 .debug_str     0x0003134b      0x40b /home/niks/stm32workspace/stm32f0discovery_stdperiph_lib/Debug/libstm32f0discovery_stdperiph_lib.a(stm32f0xx_spi.o)
                              0x2b91b (size before relaxing)
 .debug_str     0x00031756      0x177 /home/niks/stm32workspace/stm32f0discovery_stdperiph_lib/Debug/libstm32f0discovery_stdperiph_lib.a(stm32f0xx_syscfg.o)
                              0x2b4ac (size before relaxing)
 .debug_str     0x000318cd      0xb10 /home/niks/stm32workspace/stm32f0discovery_stdperiph_lib/Debug/libstm32f0discovery_stdperiph_lib.a(stm32f0xx_tim.o)
                              0x2bff0 (size before relaxing)
 .debug_str     0x000323dd      0x7a0 /home/niks/stm32workspace/stm32f0discovery_stdperiph_lib/Debug/libstm32f0discovery_stdperiph_lib.a(stm32f0xx_usart.o)
                              0x2bc42 (size before relaxing)

.comment        0x00000000       0x6e
 .comment       0x00000000       0x6e inc/IndicationGPIOs.o
                                 0x6f (size before relaxing)
 .comment       0x0000006e       0x6f inc/SPI1.o
 .comment       0x0000006e       0x6f inc/SysTickDelay.o
 .comment       0x0000006e       0x6f inc/Timer.o
 .comment       0x0000006e       0x6f inc/USART1.o
 .comment       0x0000006e       0x6f inc/XBee.o
 .comment       0x0000006e       0x6f inc/myStringFunctions.o
 .comment       0x0000006e       0x6f src/main.o
 .comment       0x0000006e       0x6f src/system_stm32f0xx.o
 .comment       0x0000006e       0x6f /home/niks/stm32workspace/stm32f0discovery_stdperiph_lib/Debug/libstm32f0discovery_stdperiph_lib.a(stm32f0xx_exti.o)
 .comment       0x0000006e       0x6f /home/niks/stm32workspace/stm32f0discovery_stdperiph_lib/Debug/libstm32f0discovery_stdperiph_lib.a(stm32f0xx_gpio.o)
 .comment       0x0000006e       0x6f /home/niks/stm32workspace/stm32f0discovery_stdperiph_lib/Debug/libstm32f0discovery_stdperiph_lib.a(stm32f0xx_misc.o)
 .comment       0x0000006e       0x6f /home/niks/stm32workspace/stm32f0discovery_stdperiph_lib/Debug/libstm32f0discovery_stdperiph_lib.a(stm32f0xx_rcc.o)
 .comment       0x0000006e       0x6f /home/niks/stm32workspace/stm32f0discovery_stdperiph_lib/Debug/libstm32f0discovery_stdperiph_lib.a(stm32f0xx_spi.o)
 .comment       0x0000006e       0x6f /home/niks/stm32workspace/stm32f0discovery_stdperiph_lib/Debug/libstm32f0discovery_stdperiph_lib.a(stm32f0xx_syscfg.o)
 .comment       0x0000006e       0x6f /home/niks/stm32workspace/stm32f0discovery_stdperiph_lib/Debug/libstm32f0discovery_stdperiph_lib.a(stm32f0xx_tim.o)
 .comment       0x0000006e       0x6f /home/niks/stm32workspace/stm32f0discovery_stdperiph_lib/Debug/libstm32f0discovery_stdperiph_lib.a(stm32f0xx_usart.o)

.debug_frame    0x00000000     0x2c70
 .debug_frame   0x00000000      0x2c4 inc/IndicationGPIOs.o
 .debug_frame   0x000002c4      0x188 inc/SPI1.o
 .debug_frame   0x0000044c      0x158 inc/SysTickDelay.o
 .debug_frame   0x000005a4       0x50 inc/Timer.o
 .debug_frame   0x000005f4       0xcc inc/USART1.o
 .debug_frame   0x000006c0       0xf0 inc/XBee.o
 .debug_frame   0x000007b0       0xd4 inc/myStringFunctions.o
 .debug_frame   0x00000884       0x90 src/main.o
 .debug_frame   0x00000914       0x6c src/system_stm32f0xx.o
 .debug_frame   0x00000980      0x10c /home/niks/stm32workspace/stm32f0discovery_stdperiph_lib/Debug/libstm32f0discovery_stdperiph_lib.a(stm32f0xx_exti.o)
 .debug_frame   0x00000a8c      0x1b0 /home/niks/stm32workspace/stm32f0discovery_stdperiph_lib/Debug/libstm32f0discovery_stdperiph_lib.a(stm32f0xx_gpio.o)
 .debug_frame   0x00000c3c       0x70 /home/niks/stm32workspace/stm32f0discovery_stdperiph_lib/Debug/libstm32f0discovery_stdperiph_lib.a(stm32f0xx_misc.o)
 .debug_frame   0x00000cac      0x4e4 /home/niks/stm32workspace/stm32f0discovery_stdperiph_lib/Debug/libstm32f0discovery_stdperiph_lib.a(stm32f0xx_rcc.o)
 .debug_frame   0x00001190      0x3f0 /home/niks/stm32workspace/stm32f0discovery_stdperiph_lib/Debug/libstm32f0discovery_stdperiph_lib.a(stm32f0xx_spi.o)
 .debug_frame   0x00001580      0x110 /home/niks/stm32workspace/stm32f0discovery_stdperiph_lib/Debug/libstm32f0discovery_stdperiph_lib.a(stm32f0xx_syscfg.o)
 .debug_frame   0x00001690      0xbb0 /home/niks/stm32workspace/stm32f0discovery_stdperiph_lib/Debug/libstm32f0discovery_stdperiph_lib.a(stm32f0xx_tim.o)
 .debug_frame   0x00002240      0x650 /home/niks/stm32workspace/stm32f0discovery_stdperiph_lib/Debug/libstm32f0discovery_stdperiph_lib.a(stm32f0xx_usart.o)
 .debug_frame   0x00002890       0x20 /home/niks/SystemWorkbench/plugins/fr.ac6.mcu.externaltools.arm-none.linux64_1.11.0.201610101240/tools/gcc-arm-none-eabi-5_4-2016q2/bin/../lib/gcc/arm-none-eabi/5.4.1/armv6-m/libgcc.a(_udivsi3.o)
 .debug_frame   0x000028b0       0x40 /home/niks/SystemWorkbench/plugins/fr.ac6.mcu.externaltools.arm-none.linux64_1.11.0.201610101240/tools/gcc-arm-none-eabi-5_4-2016q2/bin/../lib/gcc/arm-none-eabi/5.4.1/../../../../arm-none-eabi/lib/armv6-m/libc.a(lib_a-atoi.o)
 .debug_frame   0x000028f0       0x2c /home/niks/SystemWorkbench/plugins/fr.ac6.mcu.externaltools.arm-none.linux64_1.11.0.201610101240/tools/gcc-arm-none-eabi-5_4-2016q2/bin/../lib/gcc/arm-none-eabi/5.4.1/../../../../arm-none-eabi/lib/armv6-m/libc.a(lib_a-init.o)
 .debug_frame   0x0000291c       0x40 /home/niks/SystemWorkbench/plugins/fr.ac6.mcu.externaltools.arm-none.linux64_1.11.0.201610101240/tools/gcc-arm-none-eabi-5_4-2016q2/bin/../lib/gcc/arm-none-eabi/5.4.1/../../../../arm-none-eabi/lib/armv6-m/libc.a(lib_a-itoa.o)
 .debug_frame   0x0000295c       0x2c /home/niks/SystemWorkbench/plugins/fr.ac6.mcu.externaltools.arm-none.linux64_1.11.0.201610101240/tools/gcc-arm-none-eabi-5_4-2016q2/bin/../lib/gcc/arm-none-eabi/5.4.1/../../../../arm-none-eabi/lib/armv6-m/libc.a(lib_a-memcpy-stub.o)
 .debug_frame   0x00002988       0x2c /home/niks/SystemWorkbench/plugins/fr.ac6.mcu.externaltools.arm-none.linux64_1.11.0.201610101240/tools/gcc-arm-none-eabi-5_4-2016q2/bin/../lib/gcc/arm-none-eabi/5.4.1/../../../../arm-none-eabi/lib/armv6-m/libc.a(lib_a-memset.o)
 .debug_frame   0x000029b4       0x2c /home/niks/SystemWorkbench/plugins/fr.ac6.mcu.externaltools.arm-none.linux64_1.11.0.201610101240/tools/gcc-arm-none-eabi-5_4-2016q2/bin/../lib/gcc/arm-none-eabi/5.4.1/../../../../arm-none-eabi/lib/armv6-m/libc.a(lib_a-strcat.o)
 .debug_frame   0x000029e0       0x20 /home/niks/SystemWorkbench/plugins/fr.ac6.mcu.externaltools.arm-none.linux64_1.11.0.201610101240/tools/gcc-arm-none-eabi-5_4-2016q2/bin/../lib/gcc/arm-none-eabi/5.4.1/../../../../arm-none-eabi/lib/armv6-m/libc.a(lib_a-strcmp.o)
 .debug_frame   0x00002a00       0x20 /home/niks/SystemWorkbench/plugins/fr.ac6.mcu.externaltools.arm-none.linux64_1.11.0.201610101240/tools/gcc-arm-none-eabi-5_4-2016q2/bin/../lib/gcc/arm-none-eabi/5.4.1/../../../../arm-none-eabi/lib/armv6-m/libc.a(lib_a-strcpy.o)
 .debug_frame   0x00002a20       0x28 /home/niks/SystemWorkbench/plugins/fr.ac6.mcu.externaltools.arm-none.linux64_1.11.0.201610101240/tools/gcc-arm-none-eabi-5_4-2016q2/bin/../lib/gcc/arm-none-eabi/5.4.1/../../../../arm-none-eabi/lib/armv6-m/libc.a(lib_a-strlen-stub.o)
 .debug_frame   0x00002a48       0x2c /home/niks/SystemWorkbench/plugins/fr.ac6.mcu.externaltools.arm-none.linux64_1.11.0.201610101240/tools/gcc-arm-none-eabi-5_4-2016q2/bin/../lib/gcc/arm-none-eabi/5.4.1/../../../../arm-none-eabi/lib/armv6-m/libc.a(lib_a-strncmp.o)
 .debug_frame   0x00002a74       0x28 /home/niks/SystemWorkbench/plugins/fr.ac6.mcu.externaltools.arm-none.linux64_1.11.0.201610101240/tools/gcc-arm-none-eabi-5_4-2016q2/bin/../lib/gcc/arm-none-eabi/5.4.1/../../../../arm-none-eabi/lib/armv6-m/libc.a(lib_a-strtok.o)
 .debug_frame   0x00002a9c       0x48 /home/niks/SystemWorkbench/plugins/fr.ac6.mcu.externaltools.arm-none.linux64_1.11.0.201610101240/tools/gcc-arm-none-eabi-5_4-2016q2/bin/../lib/gcc/arm-none-eabi/5.4.1/../../../../arm-none-eabi/lib/armv6-m/libc.a(lib_a-strtok_r.o)
 .debug_frame   0x00002ae4       0x54 /home/niks/SystemWorkbench/plugins/fr.ac6.mcu.externaltools.arm-none.linux64_1.11.0.201610101240/tools/gcc-arm-none-eabi-5_4-2016q2/bin/../lib/gcc/arm-none-eabi/5.4.1/../../../../arm-none-eabi/lib/armv6-m/libc.a(lib_a-strtol.o)
 .debug_frame   0x00002b38       0x54 /home/niks/SystemWorkbench/plugins/fr.ac6.mcu.externaltools.arm-none.linux64_1.11.0.201610101240/tools/gcc-arm-none-eabi-5_4-2016q2/bin/../lib/gcc/arm-none-eabi/5.4.1/../../../../arm-none-eabi/lib/armv6-m/libc.a(lib_a-utoa.o)
 .debug_frame   0x00002b8c       0x54 /home/niks/SystemWorkbench/plugins/fr.ac6.mcu.externaltools.arm-none.linux64_1.11.0.201610101240/tools/gcc-arm-none-eabi-5_4-2016q2/bin/../lib/gcc/arm-none-eabi/5.4.1/../../../../arm-none-eabi/lib/armv6-m/libc.a(lib_a-__call_atexit.o)
 .debug_frame   0x00002be0       0x28 /home/niks/SystemWorkbench/plugins/fr.ac6.mcu.externaltools.arm-none.linux64_1.11.0.201610101240/tools/gcc-arm-none-eabi-5_4-2016q2/bin/../lib/gcc/arm-none-eabi/5.4.1/../../../../arm-none-eabi/lib/armv6-m/libc.a(lib_a-atexit.o)
 .debug_frame   0x00002c08       0x2c /home/niks/SystemWorkbench/plugins/fr.ac6.mcu.externaltools.arm-none.linux64_1.11.0.201610101240/tools/gcc-arm-none-eabi-5_4-2016q2/bin/../lib/gcc/arm-none-eabi/5.4.1/../../../../arm-none-eabi/lib/armv6-m/libc.a(lib_a-fini.o)
 .debug_frame   0x00002c34       0x3c /home/niks/SystemWorkbench/plugins/fr.ac6.mcu.externaltools.arm-none.linux64_1.11.0.201610101240/tools/gcc-arm-none-eabi-5_4-2016q2/bin/../lib/gcc/arm-none-eabi/5.4.1/../../../../arm-none-eabi/lib/armv6-m/libc.a(lib_a-__atexit.o)
