09:55:12 **** Incremental Build of configuration Debug for project completeReceiver ****
make all 
Building file: ../src/main.c
Invoking: MCU GCC Compiler
/home/niks/stm32workspace/completeReceiver/Debug
arm-none-eabi-gcc -mcpu=cortex-m0 -mthumb -mfloat-abi=soft -DSTM32F051R8Tx -DSTM32F0 -DSTM32 -DSTM32F0DISCOVERY -DDEBUG -DUSE_STDPERIPH_DRIVER -DSTM32F051 -I"/home/niks/stm32workspace/completeReceiver/inc" -I"/home/niks/stm32workspace/completeReceiver/CMSIS/core" -I"/home/niks/stm32workspace/completeReceiver/CMSIS/device" -I"/home/niks/stm32workspace/completeReceiver/Utilities" -I"/home/niks/stm32workspace/completeReceiver/StdPeriph_Driver/inc" -O0 -g3 -Wall -fmessage-length=0 -ffunction-sections -c -MMD -MP -MF"src/main.d" -MT"src/main.o" -o "src/main.o" "../src/main.c"
In file included from ../src/main.c:16:0:
/home/niks/stm32workspace/completeReceiver/inc/MyStringFunctions.h:13:5: warning: conflicting types for built-in function 'pow'
 int pow(int base, int afterpoint);
     ^
../src/main.c: In function 'main':
../src/main.c:147:10: warning: variable 'AT_data' set but not used [-Wunused-but-set-variable]
  uint8_t AT_data[4];
          ^
../src/main.c:146:10: warning: variable 'commandStatus' set but not used [-Wunused-but-set-variable]
  uint8_t commandStatus;
          ^
Finished building: ../src/main.c
 
Building target: completeReceiver.elf
Invoking: MCU GCC Linker
arm-none-eabi-gcc -mcpu=cortex-m0 -mthumb -mfloat-abi=soft -T"/home/niks/stm32workspace/completeReceiver/LinkerScript.ld" -Wl,-Map=output.map -Wl,--gc-sections -lm -o "completeReceiver.elf" @"objects.list"  
Finished building target: completeReceiver.elf
 
make --no-print-directory post-build
Generating binary and Printing size information:
arm-none-eabi-objcopy -O binary "completeReceiver.elf" "completeReceiver.bin"
arm-none-eabi-size "completeReceiver.elf"
   text	   data	    bss	    dec	    hex	filename
  60288	   2204	    640	  63132	   f69c	completeReceiver.elf
 

09:55:12 Build Finished (took 280ms)

