10:40:15 **** Clean-only build of configuration Debug for project stm32f0discovery_stdperiph_lib ****
make clean 
rm -rf *
 
10:40:15 **** Clean-only build of configuration Debug for project advancedCompleteTransmitter ****
make clean 
rm -rf *
 
11:19:03 **** Incremental Build of configuration Debug for project stm32f0discovery_stdperiph_lib ****
make all 
Building file: ../Utilities/stm32f0_discovery.c
Invoking: MCU GCC Compiler
/home/niks/stm32workspace/stm32f0discovery_stdperiph_lib/Debug
arm-none-eabi-gcc -mcpu=cortex-m0 -mthumb -mfloat-abi=soft -DSTM32F051R8Tx -DSTM32F0 -DSTM32 -DSTM32F0DISCOVERY -DUSE_STDPERIPH_DRIVER -DSTM32F051 -I"/home/niks/stm32workspace/stm32f0discovery_stdperiph_lib/StdPeriph_Driver/inc" -I"/home/niks/stm32workspace/stm32f0discovery_stdperiph_lib/CMSIS/device" -I"/home/niks/stm32workspace/stm32f0discovery_stdperiph_lib/CMSIS/core" -I"/home/niks/stm32workspace/stm32f0discovery_stdperiph_lib/Utilities" -O0 -g3 -Wall -fmessage-length=0 -ffunction-sections -c -MMD -MP -MF"Utilities/stm32f0_discovery.d" -MT"Utilities/stm32f0_discovery.o" -o "Utilities/stm32f0_discovery.o" "../Utilities/stm32f0_discovery.c"
Finished building: ../Utilities/stm32f0_discovery.c
 
Building file: ../StdPeriph_Driver/src/stm32f0xx_adc.c
Invoking: MCU GCC Compiler
/home/niks/stm32workspace/stm32f0discovery_stdperiph_lib/Debug
arm-none-eabi-gcc -mcpu=cortex-m0 -mthumb -mfloat-abi=soft -DSTM32F051R8Tx -DSTM32F0 -DSTM32 -DSTM32F0DISCOVERY -DUSE_STDPERIPH_DRIVER -DSTM32F051 -I"/home/niks/stm32workspace/stm32f0discovery_stdperiph_lib/StdPeriph_Driver/inc" -I"/home/niks/stm32workspace/stm32f0discovery_stdperiph_lib/CMSIS/device" -I"/home/niks/stm32workspace/stm32f0discovery_stdperiph_lib/CMSIS/core" -I"/home/niks/stm32workspace/stm32f0discovery_stdperiph_lib/Utilities" -O0 -g3 -Wall -fmessage-length=0 -ffunction-sections -c -MMD -MP -MF"StdPeriph_Driver/src/stm32f0xx_adc.d" -MT"StdPeriph_Driver/src/stm32f0xx_adc.o" -o "StdPeriph_Driver/src/stm32f0xx_adc.o" "../StdPeriph_Driver/src/stm32f0xx_adc.c"
Finished building: ../StdPeriph_Driver/src/stm32f0xx_adc.c
 
Building file: ../StdPeriph_Driver/src/stm32f0xx_cec.c
Invoking: MCU GCC Compiler
/home/niks/stm32workspace/stm32f0discovery_stdperiph_lib/Debug
arm-none-eabi-gcc -mcpu=cortex-m0 -mthumb -mfloat-abi=soft -DSTM32F051R8Tx -DSTM32F0 -DSTM32 -DSTM32F0DISCOVERY -DUSE_STDPERIPH_DRIVER -DSTM32F051 -I"/home/niks/stm32workspace/stm32f0discovery_stdperiph_lib/StdPeriph_Driver/inc" -I"/home/niks/stm32workspace/stm32f0discovery_stdperiph_lib/CMSIS/device" -I"/home/niks/stm32workspace/stm32f0discovery_stdperiph_lib/CMSIS/core" -I"/home/niks/stm32workspace/stm32f0discovery_stdperiph_lib/Utilities" -O0 -g3 -Wall -fmessage-length=0 -ffunction-sections -c -MMD -MP -MF"StdPeriph_Driver/src/stm32f0xx_cec.d" -MT"StdPeriph_Driver/src/stm32f0xx_cec.o" -o "StdPeriph_Driver/src/stm32f0xx_cec.o" "../StdPeriph_Driver/src/stm32f0xx_cec.c"
Finished building: ../StdPeriph_Driver/src/stm32f0xx_cec.c
 
Building file: ../StdPeriph_Driver/src/stm32f0xx_comp.c
Invoking: MCU GCC Compiler
/home/niks/stm32workspace/stm32f0discovery_stdperiph_lib/Debug
arm-none-eabi-gcc -mcpu=cortex-m0 -mthumb -mfloat-abi=soft -DSTM32F051R8Tx -DSTM32F0 -DSTM32 -DSTM32F0DISCOVERY -DUSE_STDPERIPH_DRIVER -DSTM32F051 -I"/home/niks/stm32workspace/stm32f0discovery_stdperiph_lib/StdPeriph_Driver/inc" -I"/home/niks/stm32workspace/stm32f0discovery_stdperiph_lib/CMSIS/device" -I"/home/niks/stm32workspace/stm32f0discovery_stdperiph_lib/CMSIS/core" -I"/home/niks/stm32workspace/stm32f0discovery_stdperiph_lib/Utilities" -O0 -g3 -Wall -fmessage-length=0 -ffunction-sections -c -MMD -MP -MF"StdPeriph_Driver/src/stm32f0xx_comp.d" -MT"StdPeriph_Driver/src/stm32f0xx_comp.o" -o "StdPeriph_Driver/src/stm32f0xx_comp.o" "../StdPeriph_Driver/src/stm32f0xx_comp.c"
Finished building: ../StdPeriph_Driver/src/stm32f0xx_comp.c
 
Building file: ../StdPeriph_Driver/src/stm32f0xx_crc.c
Invoking: MCU GCC Compiler
/home/niks/stm32workspace/stm32f0discovery_stdperiph_lib/Debug
arm-none-eabi-gcc -mcpu=cortex-m0 -mthumb -mfloat-abi=soft -DSTM32F051R8Tx -DSTM32F0 -DSTM32 -DSTM32F0DISCOVERY -DUSE_STDPERIPH_DRIVER -DSTM32F051 -I"/home/niks/stm32workspace/stm32f0discovery_stdperiph_lib/StdPeriph_Driver/inc" -I"/home/niks/stm32workspace/stm32f0discovery_stdperiph_lib/CMSIS/device" -I"/home/niks/stm32workspace/stm32f0discovery_stdperiph_lib/CMSIS/core" -I"/home/niks/stm32workspace/stm32f0discovery_stdperiph_lib/Utilities" -O0 -g3 -Wall -fmessage-length=0 -ffunction-sections -c -MMD -MP -MF"StdPeriph_Driver/src/stm32f0xx_crc.d" -MT"StdPeriph_Driver/src/stm32f0xx_crc.o" -o "StdPeriph_Driver/src/stm32f0xx_crc.o" "../StdPeriph_Driver/src/stm32f0xx_crc.c"
Finished building: ../StdPeriph_Driver/src/stm32f0xx_crc.c
 
Building file: ../StdPeriph_Driver/src/stm32f0xx_dac.c
Invoking: MCU GCC Compiler
/home/niks/stm32workspace/stm32f0discovery_stdperiph_lib/Debug
arm-none-eabi-gcc -mcpu=cortex-m0 -mthumb -mfloat-abi=soft -DSTM32F051R8Tx -DSTM32F0 -DSTM32 -DSTM32F0DISCOVERY -DUSE_STDPERIPH_DRIVER -DSTM32F051 -I"/home/niks/stm32workspace/stm32f0discovery_stdperiph_lib/StdPeriph_Driver/inc" -I"/home/niks/stm32workspace/stm32f0discovery_stdperiph_lib/CMSIS/device" -I"/home/niks/stm32workspace/stm32f0discovery_stdperiph_lib/CMSIS/core" -I"/home/niks/stm32workspace/stm32f0discovery_stdperiph_lib/Utilities" -O0 -g3 -Wall -fmessage-length=0 -ffunction-sections -c -MMD -MP -MF"StdPeriph_Driver/src/stm32f0xx_dac.d" -MT"StdPeriph_Driver/src/stm32f0xx_dac.o" -o "StdPeriph_Driver/src/stm32f0xx_dac.o" "../StdPeriph_Driver/src/stm32f0xx_dac.c"
Finished building: ../StdPeriph_Driver/src/stm32f0xx_dac.c
 
Building file: ../StdPeriph_Driver/src/stm32f0xx_dbgmcu.c
Invoking: MCU GCC Compiler
/home/niks/stm32workspace/stm32f0discovery_stdperiph_lib/Debug
arm-none-eabi-gcc -mcpu=cortex-m0 -mthumb -mfloat-abi=soft -DSTM32F051R8Tx -DSTM32F0 -DSTM32 -DSTM32F0DISCOVERY -DUSE_STDPERIPH_DRIVER -DSTM32F051 -I"/home/niks/stm32workspace/stm32f0discovery_stdperiph_lib/StdPeriph_Driver/inc" -I"/home/niks/stm32workspace/stm32f0discovery_stdperiph_lib/CMSIS/device" -I"/home/niks/stm32workspace/stm32f0discovery_stdperiph_lib/CMSIS/core" -I"/home/niks/stm32workspace/stm32f0discovery_stdperiph_lib/Utilities" -O0 -g3 -Wall -fmessage-length=0 -ffunction-sections -c -MMD -MP -MF"StdPeriph_Driver/src/stm32f0xx_dbgmcu.d" -MT"StdPeriph_Driver/src/stm32f0xx_dbgmcu.o" -o "StdPeriph_Driver/src/stm32f0xx_dbgmcu.o" "../StdPeriph_Driver/src/stm32f0xx_dbgmcu.c"
Finished building: ../StdPeriph_Driver/src/stm32f0xx_dbgmcu.c
 
Building file: ../StdPeriph_Driver/src/stm32f0xx_dma.c
Invoking: MCU GCC Compiler
/home/niks/stm32workspace/stm32f0discovery_stdperiph_lib/Debug
arm-none-eabi-gcc -mcpu=cortex-m0 -mthumb -mfloat-abi=soft -DSTM32F051R8Tx -DSTM32F0 -DSTM32 -DSTM32F0DISCOVERY -DUSE_STDPERIPH_DRIVER -DSTM32F051 -I"/home/niks/stm32workspace/stm32f0discovery_stdperiph_lib/StdPeriph_Driver/inc" -I"/home/niks/stm32workspace/stm32f0discovery_stdperiph_lib/CMSIS/device" -I"/home/niks/stm32workspace/stm32f0discovery_stdperiph_lib/CMSIS/core" -I"/home/niks/stm32workspace/stm32f0discovery_stdperiph_lib/Utilities" -O0 -g3 -Wall -fmessage-length=0 -ffunction-sections -c -MMD -MP -MF"StdPeriph_Driver/src/stm32f0xx_dma.d" -MT"StdPeriph_Driver/src/stm32f0xx_dma.o" -o "StdPeriph_Driver/src/stm32f0xx_dma.o" "../StdPeriph_Driver/src/stm32f0xx_dma.c"
Finished building: ../StdPeriph_Driver/src/stm32f0xx_dma.c
 
Building file: ../StdPeriph_Driver/src/stm32f0xx_exti.c
Invoking: MCU GCC Compiler
/home/niks/stm32workspace/stm32f0discovery_stdperiph_lib/Debug
arm-none-eabi-gcc -mcpu=cortex-m0 -mthumb -mfloat-abi=soft -DSTM32F051R8Tx -DSTM32F0 -DSTM32 -DSTM32F0DISCOVERY -DUSE_STDPERIPH_DRIVER -DSTM32F051 -I"/home/niks/stm32workspace/stm32f0discovery_stdperiph_lib/StdPeriph_Driver/inc" -I"/home/niks/stm32workspace/stm32f0discovery_stdperiph_lib/CMSIS/device" -I"/home/niks/stm32workspace/stm32f0discovery_stdperiph_lib/CMSIS/core" -I"/home/niks/stm32workspace/stm32f0discovery_stdperiph_lib/Utilities" -O0 -g3 -Wall -fmessage-length=0 -ffunction-sections -c -MMD -MP -MF"StdPeriph_Driver/src/stm32f0xx_exti.d" -MT"StdPeriph_Driver/src/stm32f0xx_exti.o" -o "StdPeriph_Driver/src/stm32f0xx_exti.o" "../StdPeriph_Driver/src/stm32f0xx_exti.c"
Finished building: ../StdPeriph_Driver/src/stm32f0xx_exti.c
 
Building file: ../StdPeriph_Driver/src/stm32f0xx_flash.c
Invoking: MCU GCC Compiler
/home/niks/stm32workspace/stm32f0discovery_stdperiph_lib/Debug
arm-none-eabi-gcc -mcpu=cortex-m0 -mthumb -mfloat-abi=soft -DSTM32F051R8Tx -DSTM32F0 -DSTM32 -DSTM32F0DISCOVERY -DUSE_STDPERIPH_DRIVER -DSTM32F051 -I"/home/niks/stm32workspace/stm32f0discovery_stdperiph_lib/StdPeriph_Driver/inc" -I"/home/niks/stm32workspace/stm32f0discovery_stdperiph_lib/CMSIS/device" -I"/home/niks/stm32workspace/stm32f0discovery_stdperiph_lib/CMSIS/core" -I"/home/niks/stm32workspace/stm32f0discovery_stdperiph_lib/Utilities" -O0 -g3 -Wall -fmessage-length=0 -ffunction-sections -c -MMD -MP -MF"StdPeriph_Driver/src/stm32f0xx_flash.d" -MT"StdPeriph_Driver/src/stm32f0xx_flash.o" -o "StdPeriph_Driver/src/stm32f0xx_flash.o" "../StdPeriph_Driver/src/stm32f0xx_flash.c"
Finished building: ../StdPeriph_Driver/src/stm32f0xx_flash.c
 
Building file: ../StdPeriph_Driver/src/stm32f0xx_gpio.c
Invoking: MCU GCC Compiler
/home/niks/stm32workspace/stm32f0discovery_stdperiph_lib/Debug
arm-none-eabi-gcc -mcpu=cortex-m0 -mthumb -mfloat-abi=soft -DSTM32F051R8Tx -DSTM32F0 -DSTM32 -DSTM32F0DISCOVERY -DUSE_STDPERIPH_DRIVER -DSTM32F051 -I"/home/niks/stm32workspace/stm32f0discovery_stdperiph_lib/StdPeriph_Driver/inc" -I"/home/niks/stm32workspace/stm32f0discovery_stdperiph_lib/CMSIS/device" -I"/home/niks/stm32workspace/stm32f0discovery_stdperiph_lib/CMSIS/core" -I"/home/niks/stm32workspace/stm32f0discovery_stdperiph_lib/Utilities" -O0 -g3 -Wall -fmessage-length=0 -ffunction-sections -c -MMD -MP -MF"StdPeriph_Driver/src/stm32f0xx_gpio.d" -MT"StdPeriph_Driver/src/stm32f0xx_gpio.o" -o "StdPeriph_Driver/src/stm32f0xx_gpio.o" "../StdPeriph_Driver/src/stm32f0xx_gpio.c"
Finished building: ../StdPeriph_Driver/src/stm32f0xx_gpio.c
 
Building file: ../StdPeriph_Driver/src/stm32f0xx_i2c.c
Invoking: MCU GCC Compiler
/home/niks/stm32workspace/stm32f0discovery_stdperiph_lib/Debug
arm-none-eabi-gcc -mcpu=cortex-m0 -mthumb -mfloat-abi=soft -DSTM32F051R8Tx -DSTM32F0 -DSTM32 -DSTM32F0DISCOVERY -DUSE_STDPERIPH_DRIVER -DSTM32F051 -I"/home/niks/stm32workspace/stm32f0discovery_stdperiph_lib/StdPeriph_Driver/inc" -I"/home/niks/stm32workspace/stm32f0discovery_stdperiph_lib/CMSIS/device" -I"/home/niks/stm32workspace/stm32f0discovery_stdperiph_lib/CMSIS/core" -I"/home/niks/stm32workspace/stm32f0discovery_stdperiph_lib/Utilities" -O0 -g3 -Wall -fmessage-length=0 -ffunction-sections -c -MMD -MP -MF"StdPeriph_Driver/src/stm32f0xx_i2c.d" -MT"StdPeriph_Driver/src/stm32f0xx_i2c.o" -o "StdPeriph_Driver/src/stm32f0xx_i2c.o" "../StdPeriph_Driver/src/stm32f0xx_i2c.c"
Finished building: ../StdPeriph_Driver/src/stm32f0xx_i2c.c
 
Building file: ../StdPeriph_Driver/src/stm32f0xx_iwdg.c
Invoking: MCU GCC Compiler
/home/niks/stm32workspace/stm32f0discovery_stdperiph_lib/Debug
arm-none-eabi-gcc -mcpu=cortex-m0 -mthumb -mfloat-abi=soft -DSTM32F051R8Tx -DSTM32F0 -DSTM32 -DSTM32F0DISCOVERY -DUSE_STDPERIPH_DRIVER -DSTM32F051 -I"/home/niks/stm32workspace/stm32f0discovery_stdperiph_lib/StdPeriph_Driver/inc" -I"/home/niks/stm32workspace/stm32f0discovery_stdperiph_lib/CMSIS/device" -I"/home/niks/stm32workspace/stm32f0discovery_stdperiph_lib/CMSIS/core" -I"/home/niks/stm32workspace/stm32f0discovery_stdperiph_lib/Utilities" -O0 -g3 -Wall -fmessage-length=0 -ffunction-sections -c -MMD -MP -MF"StdPeriph_Driver/src/stm32f0xx_iwdg.d" -MT"StdPeriph_Driver/src/stm32f0xx_iwdg.o" -o "StdPeriph_Driver/src/stm32f0xx_iwdg.o" "../StdPeriph_Driver/src/stm32f0xx_iwdg.c"
Finished building: ../StdPeriph_Driver/src/stm32f0xx_iwdg.c
 
Building file: ../StdPeriph_Driver/src/stm32f0xx_misc.c
Invoking: MCU GCC Compiler
/home/niks/stm32workspace/stm32f0discovery_stdperiph_lib/Debug
arm-none-eabi-gcc -mcpu=cortex-m0 -mthumb -mfloat-abi=soft -DSTM32F051R8Tx -DSTM32F0 -DSTM32 -DSTM32F0DISCOVERY -DUSE_STDPERIPH_DRIVER -DSTM32F051 -I"/home/niks/stm32workspace/stm32f0discovery_stdperiph_lib/StdPeriph_Driver/inc" -I"/home/niks/stm32workspace/stm32f0discovery_stdperiph_lib/CMSIS/device" -I"/home/niks/stm32workspace/stm32f0discovery_stdperiph_lib/CMSIS/core" -I"/home/niks/stm32workspace/stm32f0discovery_stdperiph_lib/Utilities" -O0 -g3 -Wall -fmessage-length=0 -ffunction-sections -c -MMD -MP -MF"StdPeriph_Driver/src/stm32f0xx_misc.d" -MT"StdPeriph_Driver/src/stm32f0xx_misc.o" -o "StdPeriph_Driver/src/stm32f0xx_misc.o" "../StdPeriph_Driver/src/stm32f0xx_misc.c"
Finished building: ../StdPeriph_Driver/src/stm32f0xx_misc.c
 
Building file: ../StdPeriph_Driver/src/stm32f0xx_pwr.c
Invoking: MCU GCC Compiler
/home/niks/stm32workspace/stm32f0discovery_stdperiph_lib/Debug
arm-none-eabi-gcc -mcpu=cortex-m0 -mthumb -mfloat-abi=soft -DSTM32F051R8Tx -DSTM32F0 -DSTM32 -DSTM32F0DISCOVERY -DUSE_STDPERIPH_DRIVER -DSTM32F051 -I"/home/niks/stm32workspace/stm32f0discovery_stdperiph_lib/StdPeriph_Driver/inc" -I"/home/niks/stm32workspace/stm32f0discovery_stdperiph_lib/CMSIS/device" -I"/home/niks/stm32workspace/stm32f0discovery_stdperiph_lib/CMSIS/core" -I"/home/niks/stm32workspace/stm32f0discovery_stdperiph_lib/Utilities" -O0 -g3 -Wall -fmessage-length=0 -ffunction-sections -c -MMD -MP -MF"StdPeriph_Driver/src/stm32f0xx_pwr.d" -MT"StdPeriph_Driver/src/stm32f0xx_pwr.o" -o "StdPeriph_Driver/src/stm32f0xx_pwr.o" "../StdPeriph_Driver/src/stm32f0xx_pwr.c"
Finished building: ../StdPeriph_Driver/src/stm32f0xx_pwr.c
 
Building file: ../StdPeriph_Driver/src/stm32f0xx_rcc.c
Invoking: MCU GCC Compiler
/home/niks/stm32workspace/stm32f0discovery_stdperiph_lib/Debug
arm-none-eabi-gcc -mcpu=cortex-m0 -mthumb -mfloat-abi=soft -DSTM32F051R8Tx -DSTM32F0 -DSTM32 -DSTM32F0DISCOVERY -DUSE_STDPERIPH_DRIVER -DSTM32F051 -I"/home/niks/stm32workspace/stm32f0discovery_stdperiph_lib/StdPeriph_Driver/inc" -I"/home/niks/stm32workspace/stm32f0discovery_stdperiph_lib/CMSIS/device" -I"/home/niks/stm32workspace/stm32f0discovery_stdperiph_lib/CMSIS/core" -I"/home/niks/stm32workspace/stm32f0discovery_stdperiph_lib/Utilities" -O0 -g3 -Wall -fmessage-length=0 -ffunction-sections -c -MMD -MP -MF"StdPeriph_Driver/src/stm32f0xx_rcc.d" -MT"StdPeriph_Driver/src/stm32f0xx_rcc.o" -o "StdPeriph_Driver/src/stm32f0xx_rcc.o" "../StdPeriph_Driver/src/stm32f0xx_rcc.c"
Finished building: ../StdPeriph_Driver/src/stm32f0xx_rcc.c
 
Building file: ../StdPeriph_Driver/src/stm32f0xx_rtc.c
Invoking: MCU GCC Compiler
/home/niks/stm32workspace/stm32f0discovery_stdperiph_lib/Debug
arm-none-eabi-gcc -mcpu=cortex-m0 -mthumb -mfloat-abi=soft -DSTM32F051R8Tx -DSTM32F0 -DSTM32 -DSTM32F0DISCOVERY -DUSE_STDPERIPH_DRIVER -DSTM32F051 -I"/home/niks/stm32workspace/stm32f0discovery_stdperiph_lib/StdPeriph_Driver/inc" -I"/home/niks/stm32workspace/stm32f0discovery_stdperiph_lib/CMSIS/device" -I"/home/niks/stm32workspace/stm32f0discovery_stdperiph_lib/CMSIS/core" -I"/home/niks/stm32workspace/stm32f0discovery_stdperiph_lib/Utilities" -O0 -g3 -Wall -fmessage-length=0 -ffunction-sections -c -MMD -MP -MF"StdPeriph_Driver/src/stm32f0xx_rtc.d" -MT"StdPeriph_Driver/src/stm32f0xx_rtc.o" -o "StdPeriph_Driver/src/stm32f0xx_rtc.o" "../StdPeriph_Driver/src/stm32f0xx_rtc.c"
../StdPeriph_Driver/src/stm32f0xx_rtc.c: In function 'RTC_DeInit':
../StdPeriph_Driver/src/stm32f0xx_rtc.c:311:17: warning: unused variable 'wutcounter' [-Wunused-variable]
   __IO uint32_t wutcounter = 0x00;
                 ^
Finished building: ../StdPeriph_Driver/src/stm32f0xx_rtc.c
 
Building file: ../StdPeriph_Driver/src/stm32f0xx_spi.c
Invoking: MCU GCC Compiler
/home/niks/stm32workspace/stm32f0discovery_stdperiph_lib/Debug
arm-none-eabi-gcc -mcpu=cortex-m0 -mthumb -mfloat-abi=soft -DSTM32F051R8Tx -DSTM32F0 -DSTM32 -DSTM32F0DISCOVERY -DUSE_STDPERIPH_DRIVER -DSTM32F051 -I"/home/niks/stm32workspace/stm32f0discovery_stdperiph_lib/StdPeriph_Driver/inc" -I"/home/niks/stm32workspace/stm32f0discovery_stdperiph_lib/CMSIS/device" -I"/home/niks/stm32workspace/stm32f0discovery_stdperiph_lib/CMSIS/core" -I"/home/niks/stm32workspace/stm32f0discovery_stdperiph_lib/Utilities" -O0 -g3 -Wall -fmessage-length=0 -ffunction-sections -c -MMD -MP -MF"StdPeriph_Driver/src/stm32f0xx_spi.d" -MT"StdPeriph_Driver/src/stm32f0xx_spi.o" -o "StdPeriph_Driver/src/stm32f0xx_spi.o" "../StdPeriph_Driver/src/stm32f0xx_spi.c"
Finished building: ../StdPeriph_Driver/src/stm32f0xx_spi.c
 
Building file: ../StdPeriph_Driver/src/stm32f0xx_syscfg.c
Invoking: MCU GCC Compiler
/home/niks/stm32workspace/stm32f0discovery_stdperiph_lib/Debug
arm-none-eabi-gcc -mcpu=cortex-m0 -mthumb -mfloat-abi=soft -DSTM32F051R8Tx -DSTM32F0 -DSTM32 -DSTM32F0DISCOVERY -DUSE_STDPERIPH_DRIVER -DSTM32F051 -I"/home/niks/stm32workspace/stm32f0discovery_stdperiph_lib/StdPeriph_Driver/inc" -I"/home/niks/stm32workspace/stm32f0discovery_stdperiph_lib/CMSIS/device" -I"/home/niks/stm32workspace/stm32f0discovery_stdperiph_lib/CMSIS/core" -I"/home/niks/stm32workspace/stm32f0discovery_stdperiph_lib/Utilities" -O0 -g3 -Wall -fmessage-length=0 -ffunction-sections -c -MMD -MP -MF"StdPeriph_Driver/src/stm32f0xx_syscfg.d" -MT"StdPeriph_Driver/src/stm32f0xx_syscfg.o" -o "StdPeriph_Driver/src/stm32f0xx_syscfg.o" "../StdPeriph_Driver/src/stm32f0xx_syscfg.c"
Finished building: ../StdPeriph_Driver/src/stm32f0xx_syscfg.c
 
Building file: ../StdPeriph_Driver/src/stm32f0xx_tim.c
Invoking: MCU GCC Compiler
/home/niks/stm32workspace/stm32f0discovery_stdperiph_lib/Debug
arm-none-eabi-gcc -mcpu=cortex-m0 -mthumb -mfloat-abi=soft -DSTM32F051R8Tx -DSTM32F0 -DSTM32 -DSTM32F0DISCOVERY -DUSE_STDPERIPH_DRIVER -DSTM32F051 -I"/home/niks/stm32workspace/stm32f0discovery_stdperiph_lib/StdPeriph_Driver/inc" -I"/home/niks/stm32workspace/stm32f0discovery_stdperiph_lib/CMSIS/device" -I"/home/niks/stm32workspace/stm32f0discovery_stdperiph_lib/CMSIS/core" -I"/home/niks/stm32workspace/stm32f0discovery_stdperiph_lib/Utilities" -O0 -g3 -Wall -fmessage-length=0 -ffunction-sections -c -MMD -MP -MF"StdPeriph_Driver/src/stm32f0xx_tim.d" -MT"StdPeriph_Driver/src/stm32f0xx_tim.o" -o "StdPeriph_Driver/src/stm32f0xx_tim.o" "../StdPeriph_Driver/src/stm32f0xx_tim.c"
Finished building: ../StdPeriph_Driver/src/stm32f0xx_tim.c
 
Building file: ../StdPeriph_Driver/src/stm32f0xx_usart.c
Invoking: MCU GCC Compiler
/home/niks/stm32workspace/stm32f0discovery_stdperiph_lib/Debug
arm-none-eabi-gcc -mcpu=cortex-m0 -mthumb -mfloat-abi=soft -DSTM32F051R8Tx -DSTM32F0 -DSTM32 -DSTM32F0DISCOVERY -DUSE_STDPERIPH_DRIVER -DSTM32F051 -I"/home/niks/stm32workspace/stm32f0discovery_stdperiph_lib/StdPeriph_Driver/inc" -I"/home/niks/stm32workspace/stm32f0discovery_stdperiph_lib/CMSIS/device" -I"/home/niks/stm32workspace/stm32f0discovery_stdperiph_lib/CMSIS/core" -I"/home/niks/stm32workspace/stm32f0discovery_stdperiph_lib/Utilities" -O0 -g3 -Wall -fmessage-length=0 -ffunction-sections -c -MMD -MP -MF"StdPeriph_Driver/src/stm32f0xx_usart.d" -MT"StdPeriph_Driver/src/stm32f0xx_usart.o" -o "StdPeriph_Driver/src/stm32f0xx_usart.o" "../StdPeriph_Driver/src/stm32f0xx_usart.c"
Finished building: ../StdPeriph_Driver/src/stm32f0xx_usart.c
 
Building file: ../StdPeriph_Driver/src/stm32f0xx_wwdg.c
Invoking: MCU GCC Compiler
/home/niks/stm32workspace/stm32f0discovery_stdperiph_lib/Debug
arm-none-eabi-gcc -mcpu=cortex-m0 -mthumb -mfloat-abi=soft -DSTM32F051R8Tx -DSTM32F0 -DSTM32 -DSTM32F0DISCOVERY -DUSE_STDPERIPH_DRIVER -DSTM32F051 -I"/home/niks/stm32workspace/stm32f0discovery_stdperiph_lib/StdPeriph_Driver/inc" -I"/home/niks/stm32workspace/stm32f0discovery_stdperiph_lib/CMSIS/device" -I"/home/niks/stm32workspace/stm32f0discovery_stdperiph_lib/CMSIS/core" -I"/home/niks/stm32workspace/stm32f0discovery_stdperiph_lib/Utilities" -O0 -g3 -Wall -fmessage-length=0 -ffunction-sections -c -MMD -MP -MF"StdPeriph_Driver/src/stm32f0xx_wwdg.d" -MT"StdPeriph_Driver/src/stm32f0xx_wwdg.o" -o "StdPeriph_Driver/src/stm32f0xx_wwdg.o" "../StdPeriph_Driver/src/stm32f0xx_wwdg.c"
Finished building: ../StdPeriph_Driver/src/stm32f0xx_wwdg.c
 
Building target: libstm32f0discovery_stdperiph_lib.a
Invoking: MCU GCC Archiver
arm-none-eabi-ar -r  "libstm32f0discovery_stdperiph_lib.a" @"objects.list"  
arm-none-eabi-ar: creating libstm32f0discovery_stdperiph_lib.a
Finished building target: libstm32f0discovery_stdperiph_lib.a
 
11:19:05 **** Build of configuration Debug for project advancedCompleteReceiver ****
make all 
Building file: ../src/main.c
Invoking: MCU GCC Compiler
/home/niks/stm32workspace/advancedCompleteReceiver/Debug
arm-none-eabi-gcc -mcpu=cortex-m0 -mthumb -mfloat-abi=soft -DSTM32F051R8Tx -DSTM32F0 -DSTM32 -DSTM32F0DISCOVERY -DDEBUG -DUSE_STDPERIPH_DRIVER -DSTM32F051 -I"/home/niks/stm32workspace/stm32f0discovery_stdperiph_lib" -I"/home/niks/stm32workspace/advancedCompleteReceiver/inc" -I"/home/niks/stm32workspace/stm32f0discovery_stdperiph_lib/StdPeriph_Driver/inc" -I"/home/niks/stm32workspace/stm32f0discovery_stdperiph_lib/CMSIS/device" -I"/home/niks/stm32workspace/stm32f0discovery_stdperiph_lib/CMSIS/core" -I"/home/niks/stm32workspace/stm32f0discovery_stdperiph_lib/Utilities" -O0 -g3 -Wall -fmessage-length=0 -ffunction-sections -c -MMD -MP -MF"src/main.d" -MT"src/main.o" -o "src/main.o" "../src/main.c"
In file included from ../src/main.c:16:0:
/home/niks/stm32workspace/advancedCompleteReceiver/inc/MyStringFunctions.h:13:5: warning: conflicting types for built-in function 'pow'
 int pow(int base, int afterpoint);
     ^
../src/main.c: In function 'main':
../src/main.c:182:7: warning: unused variable 'sdTmpWriteString' [-Wunused-variable]
  char sdTmpWriteString[20];
       ^
../src/main.c:143:10: warning: variable 'AT_data' set but not used [-Wunused-but-set-variable]
  uint8_t AT_data[4];
          ^
../src/main.c:142:10: warning: variable 'commandStatus' set but not used [-Wunused-but-set-variable]
  uint8_t commandStatus;
          ^
Finished building: ../src/main.c
 
Building target: advancedCompleteReceiver.elf
Invoking: MCU GCC Linker
arm-none-eabi-gcc -mcpu=cortex-m0 -mthumb -mfloat-abi=soft -L"/home/niks/stm32workspace/stm32f0discovery_stdperiph_lib/Debug" -T"/home/niks/stm32workspace/advancedCompleteReceiver/LinkerScript.ld" -Wl,-Map=output.map -Wl,--gc-sections -lm -o "advancedCompleteReceiver.elf" @"objects.list"  -lstm32f0discovery_stdperiph_lib
Finished building target: advancedCompleteReceiver.elf
 
make --no-print-directory post-build
Generating binary and Printing size information:
arm-none-eabi-objcopy -O binary "advancedCompleteReceiver.elf" "advancedCompleteReceiver.bin"
arm-none-eabi-size "advancedCompleteReceiver.elf"
   text	   data	    bss	    dec	    hex	filename
  57080	   2196	    632	  59908	   ea04	advancedCompleteReceiver.elf
 
11:19:12 **** Incremental Build of configuration Debug for project stm32f0discovery_stdperiph_lib ****
make all 
make: Nothing to be done for 'all'.
11:19:12 **** Incremental Build of configuration Debug for project advancedCompleteReceiver ****
make all 
make: Nothing to be done for 'all'.
11:20:11 **** Incremental Build of configuration Debug for project stm32f0discovery_stdperiph_lib ****
make all 
make: Nothing to be done for 'all'.
11:20:11 **** Incremental Build of configuration Debug for project advancedCompleteReceiver ****
make all 
make: Nothing to be done for 'all'.
11:20:49 **** Incremental Build of configuration Debug for project stm32f0discovery_stdperiph_lib ****
make all 
make: Nothing to be done for 'all'.
11:20:49 **** Incremental Build of configuration Debug for project advancedCompleteReceiver ****
make all 
make: Nothing to be done for 'all'.
11:24:59 **** Incremental Build of configuration Debug for project stm32f0discovery_stdperiph_lib ****
make all 
make: Nothing to be done for 'all'.
11:25:00 **** Incremental Build of configuration Debug for project advancedSerialComplete ****
make all 
Building file: ../src/main.c
Invoking: MCU GCC Compiler
/home/niks/stm32workspace/advancedSerialComplete/Debug
arm-none-eabi-gcc -mcpu=cortex-m0 -mthumb -mfloat-abi=soft -DSTM32F051R8Tx -DSTM32F0 -DSTM32 -DSTM32F0DISCOVERY -DDEBUG -DUSE_STDPERIPH_DRIVER -DSTM32F051 -I"/home/niks/stm32workspace/stm32f0discovery_stdperiph_lib" -I"/home/niks/stm32workspace/advancedSerialComplete/inc" -I"/home/niks/stm32workspace/stm32f0discovery_stdperiph_lib/StdPeriph_Driver/inc" -I"/home/niks/stm32workspace/stm32f0discovery_stdperiph_lib/CMSIS/device" -I"/home/niks/stm32workspace/stm32f0discovery_stdperiph_lib/CMSIS/core" -I"/home/niks/stm32workspace/stm32f0discovery_stdperiph_lib/Utilities" -O0 -g3 -Wall -fmessage-length=0 -ffunction-sections -c -MMD -MP -MF"src/main.d" -MT"src/main.o" -o "src/main.o" "../src/main.c"
Finished building: ../src/main.c
 
Building target: advancedSerialComplete.elf
Invoking: MCU GCC Linker
arm-none-eabi-gcc -mcpu=cortex-m0 -mthumb -mfloat-abi=soft -L"/home/niks/stm32workspace/stm32f0discovery_stdperiph_lib/Debug" -T"/home/niks/stm32workspace/advancedSerialComplete/LinkerScript.ld" -Wl,-Map=output.map -Wl,--gc-sections -lm -o "advancedSerialComplete.elf" @"objects.list"  -lstm32f0discovery_stdperiph_lib
Finished building target: advancedSerialComplete.elf
 
make --no-print-directory post-build
Generating binary and Printing size information:
arm-none-eabi-objcopy -O binary "advancedSerialComplete.elf" "advancedSerialComplete.bin"
arm-none-eabi-size "advancedSerialComplete.elf"
   text	   data	    bss	    dec	    hex	filename
  22196	   1356	    440	  23992	   5db8	advancedSerialComplete.elf
 
11:25:01 **** Incremental Build of configuration Debug for project stm32f0discovery_stdperiph_lib ****
make all 
make: Nothing to be done for 'all'.
11:25:02 **** Incremental Build of configuration Debug for project advancedSerialComplete ****
make all 
make: Nothing to be done for 'all'.
11:28:49 **** Incremental Build of configuration Debug for project stm32f0discovery_stdperiph_lib ****
make all 
make: Nothing to be done for 'all'.
11:28:49 **** Incremental Build of configuration Debug for project advancedCompleteReceiver ****
make all 
make: Nothing to be done for 'all'.
11:28:51 **** Incremental Build of configuration Debug for project stm32f0discovery_stdperiph_lib ****
make all 
make: Nothing to be done for 'all'.
11:28:52 **** Incremental Build of configuration Debug for project advancedCompleteReceiver ****
make all 
make: Nothing to be done for 'all'.
11:40:36 **** Incremental Build of configuration Debug for project stm32f0discovery_stdperiph_lib ****
make all 
make: Nothing to be done for 'all'.
11:40:36 **** Incremental Build of configuration Debug for project advancedCompleteReceiver ****
make all 
Building file: ../src/main.c
Invoking: MCU GCC Compiler
/home/niks/stm32workspace/advancedCompleteReceiver/Debug
arm-none-eabi-gcc -mcpu=cortex-m0 -mthumb -mfloat-abi=soft -DSTM32F051R8Tx -DSTM32F0 -DSTM32 -DSTM32F0DISCOVERY -DDEBUG -DUSE_STDPERIPH_DRIVER -DSTM32F051 -I"/home/niks/stm32workspace/stm32f0discovery_stdperiph_lib" -I"/home/niks/stm32workspace/advancedCompleteReceiver/inc" -I"/home/niks/stm32workspace/stm32f0discovery_stdperiph_lib/StdPeriph_Driver/inc" -I"/home/niks/stm32workspace/stm32f0discovery_stdperiph_lib/CMSIS/device" -I"/home/niks/stm32workspace/stm32f0discovery_stdperiph_lib/CMSIS/core" -I"/home/niks/stm32workspace/stm32f0discovery_stdperiph_lib/Utilities" -O0 -g3 -Wall -fmessage-length=0 -ffunction-sections -c -MMD -MP -MF"src/main.d" -MT"src/main.o" -o "src/main.o" "../src/main.c"
In file included from ../src/main.c:16:0:
/home/niks/stm32workspace/advancedCompleteReceiver/inc/MyStringFunctions.h:13:5: warning: conflicting types for built-in function 'pow'
 int pow(int base, int afterpoint);
     ^
../src/main.c: In function 'main':
../src/main.c:183:7: warning: unused variable 'sdTmpWriteString' [-Wunused-variable]
  char sdTmpWriteString[20];
       ^
../src/main.c:144:10: warning: variable 'AT_data' set but not used [-Wunused-but-set-variable]
  uint8_t AT_data[4];
          ^
../src/main.c:143:10: warning: variable 'commandStatus' set but not used [-Wunused-but-set-variable]
  uint8_t commandStatus;
          ^
Finished building: ../src/main.c
 
Building target: advancedCompleteReceiver.elf
Invoking: MCU GCC Linker
arm-none-eabi-gcc -mcpu=cortex-m0 -mthumb -mfloat-abi=soft -L"/home/niks/stm32workspace/stm32f0discovery_stdperiph_lib/Debug" -T"/home/niks/stm32workspace/advancedCompleteReceiver/LinkerScript.ld" -Wl,-Map=output.map -Wl,--gc-sections -lm -o "advancedCompleteReceiver.elf" @"objects.list"  -lstm32f0discovery_stdperiph_lib
Finished building target: advancedCompleteReceiver.elf
 
make --no-print-directory post-build
Generating binary and Printing size information:
arm-none-eabi-objcopy -O binary "advancedCompleteReceiver.elf" "advancedCompleteReceiver.bin"
arm-none-eabi-size "advancedCompleteReceiver.elf"
   text	   data	    bss	    dec	    hex	filename
  57176	   2196	    632	  60004	   ea64	advancedCompleteReceiver.elf
 
11:40:39 **** Incremental Build of configuration Debug for project stm32f0discovery_stdperiph_lib ****
make all 
make: Nothing to be done for 'all'.
11:40:39 **** Incremental Build of configuration Debug for project advancedCompleteReceiver ****
make all 
make: Nothing to be done for 'all'.
11:57:10 **** Incremental Build of configuration Debug for project stm32f0discovery_stdperiph_lib ****
make all 
make: Nothing to be done for 'all'.
11:57:10 **** Incremental Build of configuration Debug for project advancedCompleteReceiver ****
make all 
Building file: ../src/main.c
Invoking: MCU GCC Compiler
/home/niks/stm32workspace/advancedCompleteReceiver/Debug
arm-none-eabi-gcc -mcpu=cortex-m0 -mthumb -mfloat-abi=soft -DSTM32F051R8Tx -DSTM32F0 -DSTM32 -DSTM32F0DISCOVERY -DDEBUG -DUSE_STDPERIPH_DRIVER -DSTM32F051 -I"/home/niks/stm32workspace/stm32f0discovery_stdperiph_lib" -I"/home/niks/stm32workspace/advancedCompleteReceiver/inc" -I"/home/niks/stm32workspace/stm32f0discovery_stdperiph_lib/StdPeriph_Driver/inc" -I"/home/niks/stm32workspace/stm32f0discovery_stdperiph_lib/CMSIS/device" -I"/home/niks/stm32workspace/stm32f0discovery_stdperiph_lib/CMSIS/core" -I"/home/niks/stm32workspace/stm32f0discovery_stdperiph_lib/Utilities" -O0 -g3 -Wall -fmessage-length=0 -ffunction-sections -c -MMD -MP -MF"src/main.d" -MT"src/main.o" -o "src/main.o" "../src/main.c"
In file included from ../src/main.c:16:0:
/home/niks/stm32workspace/advancedCompleteReceiver/inc/MyStringFunctions.h:13:5: warning: conflicting types for built-in function 'pow'
 int pow(int base, int afterpoint);
     ^
../src/main.c: In function 'main':
../src/main.c:183:7: warning: unused variable 'sdTmpWriteString' [-Wunused-variable]
  char sdTmpWriteString[20];
       ^
../src/main.c:144:10: warning: variable 'AT_data' set but not used [-Wunused-but-set-variable]
  uint8_t AT_data[4];
          ^
../src/main.c:143:10: warning: variable 'commandStatus' set but not used [-Wunused-but-set-variable]
  uint8_t commandStatus;
          ^
Finished building: ../src/main.c
 
Building target: advancedCompleteReceiver.elf
Invoking: MCU GCC Linker
arm-none-eabi-gcc -mcpu=cortex-m0 -mthumb -mfloat-abi=soft -L"/home/niks/stm32workspace/stm32f0discovery_stdperiph_lib/Debug" -T"/home/niks/stm32workspace/advancedCompleteReceiver/LinkerScript.ld" -Wl,-Map=output.map -Wl,--gc-sections -lm -o "advancedCompleteReceiver.elf" @"objects.list"  -lstm32f0discovery_stdperiph_lib
Finished building target: advancedCompleteReceiver.elf
 
make --no-print-directory post-build
Generating binary and Printing size information:
arm-none-eabi-objcopy -O binary "advancedCompleteReceiver.elf" "advancedCompleteReceiver.bin"
arm-none-eabi-size "advancedCompleteReceiver.elf"
   text	   data	    bss	    dec	    hex	filename
  57176	   2196	    632	  60004	   ea64	advancedCompleteReceiver.elf
 
11:57:12 **** Incremental Build of configuration Debug for project stm32f0discovery_stdperiph_lib ****
make all 
make: Nothing to be done for 'all'.
11:57:12 **** Incremental Build of configuration Debug for project advancedCompleteReceiver ****
make all 
make: Nothing to be done for 'all'.
11:57:49 **** Incremental Build of configuration Debug for project stm32f0discovery_stdperiph_lib ****
make all 
make: Nothing to be done for 'all'.
11:57:50 **** Incremental Build of configuration Debug for project advancedCompleteReceiver ****
make all 
make: Nothing to be done for 'all'.
11:57:59 **** Incremental Build of configuration Debug for project stm32f0discovery_stdperiph_lib ****
make all 
make: Nothing to be done for 'all'.
11:57:59 **** Incremental Build of configuration Debug for project advancedCompleteReceiver ****
make all 
make: Nothing to be done for 'all'.
11:58:50 **** Incremental Build of configuration Debug for project stm32f0discovery_stdperiph_lib ****
make all 
make: Nothing to be done for 'all'.
11:58:51 **** Incremental Build of configuration Debug for project advancedCompleteReceiver ****
make all 
Building file: ../src/main.c
Invoking: MCU GCC Compiler
/home/niks/stm32workspace/advancedCompleteReceiver/Debug
arm-none-eabi-gcc -mcpu=cortex-m0 -mthumb -mfloat-abi=soft -DSTM32F051R8Tx -DSTM32F0 -DSTM32 -DSTM32F0DISCOVERY -DDEBUG -DUSE_STDPERIPH_DRIVER -DSTM32F051 -I"/home/niks/stm32workspace/stm32f0discovery_stdperiph_lib" -I"/home/niks/stm32workspace/advancedCompleteReceiver/inc" -I"/home/niks/stm32workspace/stm32f0discovery_stdperiph_lib/StdPeriph_Driver/inc" -I"/home/niks/stm32workspace/stm32f0discovery_stdperiph_lib/CMSIS/device" -I"/home/niks/stm32workspace/stm32f0discovery_stdperiph_lib/CMSIS/core" -I"/home/niks/stm32workspace/stm32f0discovery_stdperiph_lib/Utilities" -O0 -g3 -Wall -fmessage-length=0 -ffunction-sections -c -MMD -MP -MF"src/main.d" -MT"src/main.o" -o "src/main.o" "../src/main.c"
In file included from ../src/main.c:16:0:
/home/niks/stm32workspace/advancedCompleteReceiver/inc/MyStringFunctions.h:13:5: warning: conflicting types for built-in function 'pow'
 int pow(int base, int afterpoint);
     ^
../src/main.c: In function 'main':
../src/main.c:183:7: warning: unused variable 'sdTmpWriteString' [-Wunused-variable]
  char sdTmpWriteString[20];
       ^
../src/main.c:144:10: warning: variable 'AT_data' set but not used [-Wunused-but-set-variable]
  uint8_t AT_data[4];
          ^
../src/main.c:143:10: warning: variable 'commandStatus' set but not used [-Wunused-but-set-variable]
  uint8_t commandStatus;
          ^
Finished building: ../src/main.c
 
Building target: advancedCompleteReceiver.elf
Invoking: MCU GCC Linker
arm-none-eabi-gcc -mcpu=cortex-m0 -mthumb -mfloat-abi=soft -L"/home/niks/stm32workspace/stm32f0discovery_stdperiph_lib/Debug" -T"/home/niks/stm32workspace/advancedCompleteReceiver/LinkerScript.ld" -Wl,-Map=output.map -Wl,--gc-sections -lm -o "advancedCompleteReceiver.elf" @"objects.list"  -lstm32f0discovery_stdperiph_lib
Finished building target: advancedCompleteReceiver.elf
 
make --no-print-directory post-build
Generating binary and Printing size information:
arm-none-eabi-objcopy -O binary "advancedCompleteReceiver.elf" "advancedCompleteReceiver.bin"
arm-none-eabi-size "advancedCompleteReceiver.elf"
   text	   data	    bss	    dec	    hex	filename
  57176	   2196	    632	  60004	   ea64	advancedCompleteReceiver.elf
 
11:58:52 **** Incremental Build of configuration Debug for project stm32f0discovery_stdperiph_lib ****
make all 
make: Nothing to be done for 'all'.
11:58:52 **** Incremental Build of configuration Debug for project advancedCompleteReceiver ****
make all 
make: Nothing to be done for 'all'.
12:10:09 **** Incremental Build of configuration Debug for project stm32f0discovery_stdperiph_lib ****
make all 
make: Nothing to be done for 'all'.
12:10:09 **** Incremental Build of configuration Debug for project advancedCompleteReceiver ****
make all 
Building file: ../src/main.c
Invoking: MCU GCC Compiler
/home/niks/stm32workspace/advancedCompleteReceiver/Debug
arm-none-eabi-gcc -mcpu=cortex-m0 -mthumb -mfloat-abi=soft -DSTM32F051R8Tx -DSTM32F0 -DSTM32 -DSTM32F0DISCOVERY -DDEBUG -DUSE_STDPERIPH_DRIVER -DSTM32F051 -I"/home/niks/stm32workspace/stm32f0discovery_stdperiph_lib" -I"/home/niks/stm32workspace/advancedCompleteReceiver/inc" -I"/home/niks/stm32workspace/stm32f0discovery_stdperiph_lib/StdPeriph_Driver/inc" -I"/home/niks/stm32workspace/stm32f0discovery_stdperiph_lib/CMSIS/device" -I"/home/niks/stm32workspace/stm32f0discovery_stdperiph_lib/CMSIS/core" -I"/home/niks/stm32workspace/stm32f0discovery_stdperiph_lib/Utilities" -O0 -g3 -Wall -fmessage-length=0 -ffunction-sections -c -MMD -MP -MF"src/main.d" -MT"src/main.o" -o "src/main.o" "../src/main.c"
In file included from ../src/main.c:16:0:
/home/niks/stm32workspace/advancedCompleteReceiver/inc/MyStringFunctions.h:13:5: warning: conflicting types for built-in function 'pow'
 int pow(int base, int afterpoint);
     ^
../src/main.c: In function 'main':
../src/main.c:183:7: warning: unused variable 'sdTmpWriteString' [-Wunused-variable]
  char sdTmpWriteString[20];
       ^
../src/main.c:144:10: warning: variable 'AT_data' set but not used [-Wunused-but-set-variable]
  uint8_t AT_data[4];
          ^
../src/main.c:143:10: warning: variable 'commandStatus' set but not used [-Wunused-but-set-variable]
  uint8_t commandStatus;
          ^
Finished building: ../src/main.c
 
Building target: advancedCompleteReceiver.elf
Invoking: MCU GCC Linker
arm-none-eabi-gcc -mcpu=cortex-m0 -mthumb -mfloat-abi=soft -L"/home/niks/stm32workspace/stm32f0discovery_stdperiph_lib/Debug" -T"/home/niks/stm32workspace/advancedCompleteReceiver/LinkerScript.ld" -Wl,-Map=output.map -Wl,--gc-sections -lm -o "advancedCompleteReceiver.elf" @"objects.list"  -lstm32f0discovery_stdperiph_lib
Finished building target: advancedCompleteReceiver.elf
 
make --no-print-directory post-build
Generating binary and Printing size information:
arm-none-eabi-objcopy -O binary "advancedCompleteReceiver.elf" "advancedCompleteReceiver.bin"
arm-none-eabi-size "advancedCompleteReceiver.elf"
   text	   data	    bss	    dec	    hex	filename
  57080	   2196	    632	  59908	   ea04	advancedCompleteReceiver.elf
 
12:10:12 **** Incremental Build of configuration Debug for project stm32f0discovery_stdperiph_lib ****
make all 
make: Nothing to be done for 'all'.
12:10:12 **** Incremental Build of configuration Debug for project advancedCompleteReceiver ****
make all 
make: Nothing to be done for 'all'.
12:10:20 **** Incremental Build of configuration Debug for project stm32f0discovery_stdperiph_lib ****
make all 
make: Nothing to be done for 'all'.
12:10:20 **** Incremental Build of configuration Debug for project advancedCompleteReceiver ****
make all 
make: Nothing to be done for 'all'.
12:11:12 **** Incremental Build of configuration Debug for project stm32f0discovery_stdperiph_lib ****
make all 
make: Nothing to be done for 'all'.
12:11:12 **** Incremental Build of configuration Debug for project advancedCompleteReceiver ****
make all 
Building file: ../src/main.c
Invoking: MCU GCC Compiler
/home/niks/stm32workspace/advancedCompleteReceiver/Debug
arm-none-eabi-gcc -mcpu=cortex-m0 -mthumb -mfloat-abi=soft -DSTM32F051R8Tx -DSTM32F0 -DSTM32 -DSTM32F0DISCOVERY -DDEBUG -DUSE_STDPERIPH_DRIVER -DSTM32F051 -I"/home/niks/stm32workspace/stm32f0discovery_stdperiph_lib" -I"/home/niks/stm32workspace/advancedCompleteReceiver/inc" -I"/home/niks/stm32workspace/stm32f0discovery_stdperiph_lib/StdPeriph_Driver/inc" -I"/home/niks/stm32workspace/stm32f0discovery_stdperiph_lib/CMSIS/device" -I"/home/niks/stm32workspace/stm32f0discovery_stdperiph_lib/CMSIS/core" -I"/home/niks/stm32workspace/stm32f0discovery_stdperiph_lib/Utilities" -O0 -g3 -Wall -fmessage-length=0 -ffunction-sections -c -MMD -MP -MF"src/main.d" -MT"src/main.o" -o "src/main.o" "../src/main.c"
In file included from ../src/main.c:16:0:
/home/niks/stm32workspace/advancedCompleteReceiver/inc/MyStringFunctions.h:13:5: warning: conflicting types for built-in function 'pow'
 int pow(int base, int afterpoint);
     ^
../src/main.c: In function 'main':
../src/main.c:183:7: warning: unused variable 'sdTmpWriteString' [-Wunused-variable]
  char sdTmpWriteString[20];
       ^
../src/main.c:144:10: warning: variable 'AT_data' set but not used [-Wunused-but-set-variable]
  uint8_t AT_data[4];
          ^
../src/main.c:143:10: warning: variable 'commandStatus' set but not used [-Wunused-but-set-variable]
  uint8_t commandStatus;
          ^
Finished building: ../src/main.c
 
Building target: advancedCompleteReceiver.elf
Invoking: MCU GCC Linker
arm-none-eabi-gcc -mcpu=cortex-m0 -mthumb -mfloat-abi=soft -L"/home/niks/stm32workspace/stm32f0discovery_stdperiph_lib/Debug" -T"/home/niks/stm32workspace/advancedCompleteReceiver/LinkerScript.ld" -Wl,-Map=output.map -Wl,--gc-sections -lm -o "advancedCompleteReceiver.elf" @"objects.list"  -lstm32f0discovery_stdperiph_lib
Finished building target: advancedCompleteReceiver.elf
 
make --no-print-directory post-build
Generating binary and Printing size information:
arm-none-eabi-objcopy -O binary "advancedCompleteReceiver.elf" "advancedCompleteReceiver.bin"
arm-none-eabi-size "advancedCompleteReceiver.elf"
   text	   data	    bss	    dec	    hex	filename
  57176	   2196	    632	  60004	   ea64	advancedCompleteReceiver.elf
 
12:11:26 **** Incremental Build of configuration Debug for project stm32f0discovery_stdperiph_lib ****
make all 
make: Nothing to be done for 'all'.
12:11:26 **** Incremental Build of configuration Debug for project advancedCompleteReceiver ****
make all 
Building file: ../src/main.c
Invoking: MCU GCC Compiler
/home/niks/stm32workspace/advancedCompleteReceiver/Debug
arm-none-eabi-gcc -mcpu=cortex-m0 -mthumb -mfloat-abi=soft -DSTM32F051R8Tx -DSTM32F0 -DSTM32 -DSTM32F0DISCOVERY -DDEBUG -DUSE_STDPERIPH_DRIVER -DSTM32F051 -I"/home/niks/stm32workspace/stm32f0discovery_stdperiph_lib" -I"/home/niks/stm32workspace/advancedCompleteReceiver/inc" -I"/home/niks/stm32workspace/stm32f0discovery_stdperiph_lib/StdPeriph_Driver/inc" -I"/home/niks/stm32workspace/stm32f0discovery_stdperiph_lib/CMSIS/device" -I"/home/niks/stm32workspace/stm32f0discovery_stdperiph_lib/CMSIS/core" -I"/home/niks/stm32workspace/stm32f0discovery_stdperiph_lib/Utilities" -O0 -g3 -Wall -fmessage-length=0 -ffunction-sections -c -MMD -MP -MF"src/main.d" -MT"src/main.o" -o "src/main.o" "../src/main.c"
In file included from ../src/main.c:16:0:
/home/niks/stm32workspace/advancedCompleteReceiver/inc/MyStringFunctions.h:13:5: warning: conflicting types for built-in function 'pow'
 int pow(int base, int afterpoint);
     ^
../src/main.c: In function 'main':
../src/main.c:538:7: error: 'AT_data' undeclared (first use in this function)
       AT_data[i - 5] = xbeeReceiveBuffer[i];
       ^
../src/main.c:538:7: note: each undeclared identifier is reported only once for each function it appears in
../src/main.c:571:5: error: 'commandStatus' undeclared (first use in this function)
     commandStatus = xbeeReceiveBuffer[i++];
     ^
../src/main.c:182:7: warning: unused variable 'sdTmpWriteString' [-Wunused-variable]
  char sdTmpWriteString[20];
       ^
make: *** [src/main.o] Error 1
src/subdir.mk:24: recipe for target 'src/main.o' failed
12:11:37 **** Incremental Build of configuration Debug for project stm32f0discovery_stdperiph_lib ****
make all 
make: Nothing to be done for 'all'.
12:11:37 **** Incremental Build of configuration Debug for project advancedCompleteReceiver ****
make all 
Building file: ../src/main.c
Invoking: MCU GCC Compiler
/home/niks/stm32workspace/advancedCompleteReceiver/Debug
arm-none-eabi-gcc -mcpu=cortex-m0 -mthumb -mfloat-abi=soft -DSTM32F051R8Tx -DSTM32F0 -DSTM32 -DSTM32F0DISCOVERY -DDEBUG -DUSE_STDPERIPH_DRIVER -DSTM32F051 -I"/home/niks/stm32workspace/stm32f0discovery_stdperiph_lib" -I"/home/niks/stm32workspace/advancedCompleteReceiver/inc" -I"/home/niks/stm32workspace/stm32f0discovery_stdperiph_lib/StdPeriph_Driver/inc" -I"/home/niks/stm32workspace/stm32f0discovery_stdperiph_lib/CMSIS/device" -I"/home/niks/stm32workspace/stm32f0discovery_stdperiph_lib/CMSIS/core" -I"/home/niks/stm32workspace/stm32f0discovery_stdperiph_lib/Utilities" -O0 -g3 -Wall -fmessage-length=0 -ffunction-sections -c -MMD -MP -MF"src/main.d" -MT"src/main.o" -o "src/main.o" "../src/main.c"
In file included from ../src/main.c:16:0:
/home/niks/stm32workspace/advancedCompleteReceiver/inc/MyStringFunctions.h:13:5: warning: conflicting types for built-in function 'pow'
 int pow(int base, int afterpoint);
     ^
../src/main.c: In function 'main':
../src/main.c:183:7: warning: unused variable 'sdTmpWriteString' [-Wunused-variable]
  char sdTmpWriteString[20];
       ^
../src/main.c:144:10: warning: variable 'AT_data' set but not used [-Wunused-but-set-variable]
  uint8_t AT_data[4];
          ^
../src/main.c:143:10: warning: variable 'commandStatus' set but not used [-Wunused-but-set-variable]
  uint8_t commandStatus;
          ^
Finished building: ../src/main.c
 
Building target: advancedCompleteReceiver.elf
Invoking: MCU GCC Linker
arm-none-eabi-gcc -mcpu=cortex-m0 -mthumb -mfloat-abi=soft -L"/home/niks/stm32workspace/stm32f0discovery_stdperiph_lib/Debug" -T"/home/niks/stm32workspace/advancedCompleteReceiver/LinkerScript.ld" -Wl,-Map=output.map -Wl,--gc-sections -lm -o "advancedCompleteReceiver.elf" @"objects.list"  -lstm32f0discovery_stdperiph_lib
Finished building target: advancedCompleteReceiver.elf
 
make --no-print-directory post-build
Generating binary and Printing size information:
arm-none-eabi-objcopy -O binary "advancedCompleteReceiver.elf" "advancedCompleteReceiver.bin"
arm-none-eabi-size "advancedCompleteReceiver.elf"
   text	   data	    bss	    dec	    hex	filename
  57176	   2196	    632	  60004	   ea64	advancedCompleteReceiver.elf
 
12:11:47 **** Incremental Build of configuration Debug for project stm32f0discovery_stdperiph_lib ****
make all 
make: Nothing to be done for 'all'.
12:11:47 **** Incremental Build of configuration Debug for project advancedCompleteReceiver ****
make all 
make: Nothing to be done for 'all'.
14:18:17 **** Incremental Build of configuration Debug for project stm32f0discovery_stdperiph_lib ****
make all 
Building file: ../Utilities/stm32f0_discovery.c
Invoking: MCU GCC Compiler
/home/niks/stm32workspace/stm32f0discovery_stdperiph_lib/Debug
arm-none-eabi-gcc -mcpu=cortex-m0 -mthumb -mfloat-abi=soft -DSTM32F051R8Tx -DSTM32F0 -DSTM32 -DSTM32F0DISCOVERY -DUSE_STDPERIPH_DRIVER -DSTM32F051 -I"/home/niks/stm32workspace/stm32f0discovery_stdperiph_lib/StdPeriph_Driver/inc" -I"/home/niks/stm32workspace/stm32f0discovery_stdperiph_lib/CMSIS/device" -I"/home/niks/stm32workspace/stm32f0discovery_stdperiph_lib/CMSIS/core" -I"/home/niks/stm32workspace/stm32f0discovery_stdperiph_lib/Utilities" -O0 -g3 -Wall -fmessage-length=0 -ffunction-sections -c -MMD -MP -MF"Utilities/stm32f0_discovery.d" -MT"Utilities/stm32f0_discovery.o" -o "Utilities/stm32f0_discovery.o" "../Utilities/stm32f0_discovery.c"
Finished building: ../Utilities/stm32f0_discovery.c
 
Building file: ../StdPeriph_Driver/src/stm32f0xx_adc.c
Invoking: MCU GCC Compiler
/home/niks/stm32workspace/stm32f0discovery_stdperiph_lib/Debug
arm-none-eabi-gcc -mcpu=cortex-m0 -mthumb -mfloat-abi=soft -DSTM32F051R8Tx -DSTM32F0 -DSTM32 -DSTM32F0DISCOVERY -DUSE_STDPERIPH_DRIVER -DSTM32F051 -I"/home/niks/stm32workspace/stm32f0discovery_stdperiph_lib/StdPeriph_Driver/inc" -I"/home/niks/stm32workspace/stm32f0discovery_stdperiph_lib/CMSIS/device" -I"/home/niks/stm32workspace/stm32f0discovery_stdperiph_lib/CMSIS/core" -I"/home/niks/stm32workspace/stm32f0discovery_stdperiph_lib/Utilities" -O0 -g3 -Wall -fmessage-length=0 -ffunction-sections -c -MMD -MP -MF"StdPeriph_Driver/src/stm32f0xx_adc.d" -MT"StdPeriph_Driver/src/stm32f0xx_adc.o" -o "StdPeriph_Driver/src/stm32f0xx_adc.o" "../StdPeriph_Driver/src/stm32f0xx_adc.c"
Finished building: ../StdPeriph_Driver/src/stm32f0xx_adc.c
 
Building file: ../StdPeriph_Driver/src/stm32f0xx_cec.c
Invoking: MCU GCC Compiler
/home/niks/stm32workspace/stm32f0discovery_stdperiph_lib/Debug
arm-none-eabi-gcc -mcpu=cortex-m0 -mthumb -mfloat-abi=soft -DSTM32F051R8Tx -DSTM32F0 -DSTM32 -DSTM32F0DISCOVERY -DUSE_STDPERIPH_DRIVER -DSTM32F051 -I"/home/niks/stm32workspace/stm32f0discovery_stdperiph_lib/StdPeriph_Driver/inc" -I"/home/niks/stm32workspace/stm32f0discovery_stdperiph_lib/CMSIS/device" -I"/home/niks/stm32workspace/stm32f0discovery_stdperiph_lib/CMSIS/core" -I"/home/niks/stm32workspace/stm32f0discovery_stdperiph_lib/Utilities" -O0 -g3 -Wall -fmessage-length=0 -ffunction-sections -c -MMD -MP -MF"StdPeriph_Driver/src/stm32f0xx_cec.d" -MT"StdPeriph_Driver/src/stm32f0xx_cec.o" -o "StdPeriph_Driver/src/stm32f0xx_cec.o" "../StdPeriph_Driver/src/stm32f0xx_cec.c"
Finished building: ../StdPeriph_Driver/src/stm32f0xx_cec.c
 
Building file: ../StdPeriph_Driver/src/stm32f0xx_comp.c
Invoking: MCU GCC Compiler
/home/niks/stm32workspace/stm32f0discovery_stdperiph_lib/Debug
arm-none-eabi-gcc -mcpu=cortex-m0 -mthumb -mfloat-abi=soft -DSTM32F051R8Tx -DSTM32F0 -DSTM32 -DSTM32F0DISCOVERY -DUSE_STDPERIPH_DRIVER -DSTM32F051 -I"/home/niks/stm32workspace/stm32f0discovery_stdperiph_lib/StdPeriph_Driver/inc" -I"/home/niks/stm32workspace/stm32f0discovery_stdperiph_lib/CMSIS/device" -I"/home/niks/stm32workspace/stm32f0discovery_stdperiph_lib/CMSIS/core" -I"/home/niks/stm32workspace/stm32f0discovery_stdperiph_lib/Utilities" -O0 -g3 -Wall -fmessage-length=0 -ffunction-sections -c -MMD -MP -MF"StdPeriph_Driver/src/stm32f0xx_comp.d" -MT"StdPeriph_Driver/src/stm32f0xx_comp.o" -o "StdPeriph_Driver/src/stm32f0xx_comp.o" "../StdPeriph_Driver/src/stm32f0xx_comp.c"
Finished building: ../StdPeriph_Driver/src/stm32f0xx_comp.c
 
Building file: ../StdPeriph_Driver/src/stm32f0xx_crc.c
Invoking: MCU GCC Compiler
/home/niks/stm32workspace/stm32f0discovery_stdperiph_lib/Debug
arm-none-eabi-gcc -mcpu=cortex-m0 -mthumb -mfloat-abi=soft -DSTM32F051R8Tx -DSTM32F0 -DSTM32 -DSTM32F0DISCOVERY -DUSE_STDPERIPH_DRIVER -DSTM32F051 -I"/home/niks/stm32workspace/stm32f0discovery_stdperiph_lib/StdPeriph_Driver/inc" -I"/home/niks/stm32workspace/stm32f0discovery_stdperiph_lib/CMSIS/device" -I"/home/niks/stm32workspace/stm32f0discovery_stdperiph_lib/CMSIS/core" -I"/home/niks/stm32workspace/stm32f0discovery_stdperiph_lib/Utilities" -O0 -g3 -Wall -fmessage-length=0 -ffunction-sections -c -MMD -MP -MF"StdPeriph_Driver/src/stm32f0xx_crc.d" -MT"StdPeriph_Driver/src/stm32f0xx_crc.o" -o "StdPeriph_Driver/src/stm32f0xx_crc.o" "../StdPeriph_Driver/src/stm32f0xx_crc.c"
Finished building: ../StdPeriph_Driver/src/stm32f0xx_crc.c
 
Building file: ../StdPeriph_Driver/src/stm32f0xx_dac.c
Invoking: MCU GCC Compiler
/home/niks/stm32workspace/stm32f0discovery_stdperiph_lib/Debug
arm-none-eabi-gcc -mcpu=cortex-m0 -mthumb -mfloat-abi=soft -DSTM32F051R8Tx -DSTM32F0 -DSTM32 -DSTM32F0DISCOVERY -DUSE_STDPERIPH_DRIVER -DSTM32F051 -I"/home/niks/stm32workspace/stm32f0discovery_stdperiph_lib/StdPeriph_Driver/inc" -I"/home/niks/stm32workspace/stm32f0discovery_stdperiph_lib/CMSIS/device" -I"/home/niks/stm32workspace/stm32f0discovery_stdperiph_lib/CMSIS/core" -I"/home/niks/stm32workspace/stm32f0discovery_stdperiph_lib/Utilities" -O0 -g3 -Wall -fmessage-length=0 -ffunction-sections -c -MMD -MP -MF"StdPeriph_Driver/src/stm32f0xx_dac.d" -MT"StdPeriph_Driver/src/stm32f0xx_dac.o" -o "StdPeriph_Driver/src/stm32f0xx_dac.o" "../StdPeriph_Driver/src/stm32f0xx_dac.c"
Finished building: ../StdPeriph_Driver/src/stm32f0xx_dac.c
 
Building file: ../StdPeriph_Driver/src/stm32f0xx_dbgmcu.c
Invoking: MCU GCC Compiler
/home/niks/stm32workspace/stm32f0discovery_stdperiph_lib/Debug
arm-none-eabi-gcc -mcpu=cortex-m0 -mthumb -mfloat-abi=soft -DSTM32F051R8Tx -DSTM32F0 -DSTM32 -DSTM32F0DISCOVERY -DUSE_STDPERIPH_DRIVER -DSTM32F051 -I"/home/niks/stm32workspace/stm32f0discovery_stdperiph_lib/StdPeriph_Driver/inc" -I"/home/niks/stm32workspace/stm32f0discovery_stdperiph_lib/CMSIS/device" -I"/home/niks/stm32workspace/stm32f0discovery_stdperiph_lib/CMSIS/core" -I"/home/niks/stm32workspace/stm32f0discovery_stdperiph_lib/Utilities" -O0 -g3 -Wall -fmessage-length=0 -ffunction-sections -c -MMD -MP -MF"StdPeriph_Driver/src/stm32f0xx_dbgmcu.d" -MT"StdPeriph_Driver/src/stm32f0xx_dbgmcu.o" -o "StdPeriph_Driver/src/stm32f0xx_dbgmcu.o" "../StdPeriph_Driver/src/stm32f0xx_dbgmcu.c"
Finished building: ../StdPeriph_Driver/src/stm32f0xx_dbgmcu.c
 
Building file: ../StdPeriph_Driver/src/stm32f0xx_dma.c
Invoking: MCU GCC Compiler
/home/niks/stm32workspace/stm32f0discovery_stdperiph_lib/Debug
arm-none-eabi-gcc -mcpu=cortex-m0 -mthumb -mfloat-abi=soft -DSTM32F051R8Tx -DSTM32F0 -DSTM32 -DSTM32F0DISCOVERY -DUSE_STDPERIPH_DRIVER -DSTM32F051 -I"/home/niks/stm32workspace/stm32f0discovery_stdperiph_lib/StdPeriph_Driver/inc" -I"/home/niks/stm32workspace/stm32f0discovery_stdperiph_lib/CMSIS/device" -I"/home/niks/stm32workspace/stm32f0discovery_stdperiph_lib/CMSIS/core" -I"/home/niks/stm32workspace/stm32f0discovery_stdperiph_lib/Utilities" -O0 -g3 -Wall -fmessage-length=0 -ffunction-sections -c -MMD -MP -MF"StdPeriph_Driver/src/stm32f0xx_dma.d" -MT"StdPeriph_Driver/src/stm32f0xx_dma.o" -o "StdPeriph_Driver/src/stm32f0xx_dma.o" "../StdPeriph_Driver/src/stm32f0xx_dma.c"
Finished building: ../StdPeriph_Driver/src/stm32f0xx_dma.c
 
Building file: ../StdPeriph_Driver/src/stm32f0xx_exti.c
Invoking: MCU GCC Compiler
/home/niks/stm32workspace/stm32f0discovery_stdperiph_lib/Debug
arm-none-eabi-gcc -mcpu=cortex-m0 -mthumb -mfloat-abi=soft -DSTM32F051R8Tx -DSTM32F0 -DSTM32 -DSTM32F0DISCOVERY -DUSE_STDPERIPH_DRIVER -DSTM32F051 -I"/home/niks/stm32workspace/stm32f0discovery_stdperiph_lib/StdPeriph_Driver/inc" -I"/home/niks/stm32workspace/stm32f0discovery_stdperiph_lib/CMSIS/device" -I"/home/niks/stm32workspace/stm32f0discovery_stdperiph_lib/CMSIS/core" -I"/home/niks/stm32workspace/stm32f0discovery_stdperiph_lib/Utilities" -O0 -g3 -Wall -fmessage-length=0 -ffunction-sections -c -MMD -MP -MF"StdPeriph_Driver/src/stm32f0xx_exti.d" -MT"StdPeriph_Driver/src/stm32f0xx_exti.o" -o "StdPeriph_Driver/src/stm32f0xx_exti.o" "../StdPeriph_Driver/src/stm32f0xx_exti.c"
Finished building: ../StdPeriph_Driver/src/stm32f0xx_exti.c
 
Building file: ../StdPeriph_Driver/src/stm32f0xx_flash.c
Invoking: MCU GCC Compiler
/home/niks/stm32workspace/stm32f0discovery_stdperiph_lib/Debug
arm-none-eabi-gcc -mcpu=cortex-m0 -mthumb -mfloat-abi=soft -DSTM32F051R8Tx -DSTM32F0 -DSTM32 -DSTM32F0DISCOVERY -DUSE_STDPERIPH_DRIVER -DSTM32F051 -I"/home/niks/stm32workspace/stm32f0discovery_stdperiph_lib/StdPeriph_Driver/inc" -I"/home/niks/stm32workspace/stm32f0discovery_stdperiph_lib/CMSIS/device" -I"/home/niks/stm32workspace/stm32f0discovery_stdperiph_lib/CMSIS/core" -I"/home/niks/stm32workspace/stm32f0discovery_stdperiph_lib/Utilities" -O0 -g3 -Wall -fmessage-length=0 -ffunction-sections -c -MMD -MP -MF"StdPeriph_Driver/src/stm32f0xx_flash.d" -MT"StdPeriph_Driver/src/stm32f0xx_flash.o" -o "StdPeriph_Driver/src/stm32f0xx_flash.o" "../StdPeriph_Driver/src/stm32f0xx_flash.c"
Finished building: ../StdPeriph_Driver/src/stm32f0xx_flash.c
 
Building file: ../StdPeriph_Driver/src/stm32f0xx_gpio.c
Invoking: MCU GCC Compiler
/home/niks/stm32workspace/stm32f0discovery_stdperiph_lib/Debug
arm-none-eabi-gcc -mcpu=cortex-m0 -mthumb -mfloat-abi=soft -DSTM32F051R8Tx -DSTM32F0 -DSTM32 -DSTM32F0DISCOVERY -DUSE_STDPERIPH_DRIVER -DSTM32F051 -I"/home/niks/stm32workspace/stm32f0discovery_stdperiph_lib/StdPeriph_Driver/inc" -I"/home/niks/stm32workspace/stm32f0discovery_stdperiph_lib/CMSIS/device" -I"/home/niks/stm32workspace/stm32f0discovery_stdperiph_lib/CMSIS/core" -I"/home/niks/stm32workspace/stm32f0discovery_stdperiph_lib/Utilities" -O0 -g3 -Wall -fmessage-length=0 -ffunction-sections -c -MMD -MP -MF"StdPeriph_Driver/src/stm32f0xx_gpio.d" -MT"StdPeriph_Driver/src/stm32f0xx_gpio.o" -o "StdPeriph_Driver/src/stm32f0xx_gpio.o" "../StdPeriph_Driver/src/stm32f0xx_gpio.c"
Finished building: ../StdPeriph_Driver/src/stm32f0xx_gpio.c
 
Building file: ../StdPeriph_Driver/src/stm32f0xx_i2c.c
Invoking: MCU GCC Compiler
/home/niks/stm32workspace/stm32f0discovery_stdperiph_lib/Debug
arm-none-eabi-gcc -mcpu=cortex-m0 -mthumb -mfloat-abi=soft -DSTM32F051R8Tx -DSTM32F0 -DSTM32 -DSTM32F0DISCOVERY -DUSE_STDPERIPH_DRIVER -DSTM32F051 -I"/home/niks/stm32workspace/stm32f0discovery_stdperiph_lib/StdPeriph_Driver/inc" -I"/home/niks/stm32workspace/stm32f0discovery_stdperiph_lib/CMSIS/device" -I"/home/niks/stm32workspace/stm32f0discovery_stdperiph_lib/CMSIS/core" -I"/home/niks/stm32workspace/stm32f0discovery_stdperiph_lib/Utilities" -O0 -g3 -Wall -fmessage-length=0 -ffunction-sections -c -MMD -MP -MF"StdPeriph_Driver/src/stm32f0xx_i2c.d" -MT"StdPeriph_Driver/src/stm32f0xx_i2c.o" -o "StdPeriph_Driver/src/stm32f0xx_i2c.o" "../StdPeriph_Driver/src/stm32f0xx_i2c.c"
Finished building: ../StdPeriph_Driver/src/stm32f0xx_i2c.c
 
Building file: ../StdPeriph_Driver/src/stm32f0xx_iwdg.c
Invoking: MCU GCC Compiler
/home/niks/stm32workspace/stm32f0discovery_stdperiph_lib/Debug
arm-none-eabi-gcc -mcpu=cortex-m0 -mthumb -mfloat-abi=soft -DSTM32F051R8Tx -DSTM32F0 -DSTM32 -DSTM32F0DISCOVERY -DUSE_STDPERIPH_DRIVER -DSTM32F051 -I"/home/niks/stm32workspace/stm32f0discovery_stdperiph_lib/StdPeriph_Driver/inc" -I"/home/niks/stm32workspace/stm32f0discovery_stdperiph_lib/CMSIS/device" -I"/home/niks/stm32workspace/stm32f0discovery_stdperiph_lib/CMSIS/core" -I"/home/niks/stm32workspace/stm32f0discovery_stdperiph_lib/Utilities" -O0 -g3 -Wall -fmessage-length=0 -ffunction-sections -c -MMD -MP -MF"StdPeriph_Driver/src/stm32f0xx_iwdg.d" -MT"StdPeriph_Driver/src/stm32f0xx_iwdg.o" -o "StdPeriph_Driver/src/stm32f0xx_iwdg.o" "../StdPeriph_Driver/src/stm32f0xx_iwdg.c"
Finished building: ../StdPeriph_Driver/src/stm32f0xx_iwdg.c
 
Building file: ../StdPeriph_Driver/src/stm32f0xx_misc.c
Invoking: MCU GCC Compiler
/home/niks/stm32workspace/stm32f0discovery_stdperiph_lib/Debug
arm-none-eabi-gcc -mcpu=cortex-m0 -mthumb -mfloat-abi=soft -DSTM32F051R8Tx -DSTM32F0 -DSTM32 -DSTM32F0DISCOVERY -DUSE_STDPERIPH_DRIVER -DSTM32F051 -I"/home/niks/stm32workspace/stm32f0discovery_stdperiph_lib/StdPeriph_Driver/inc" -I"/home/niks/stm32workspace/stm32f0discovery_stdperiph_lib/CMSIS/device" -I"/home/niks/stm32workspace/stm32f0discovery_stdperiph_lib/CMSIS/core" -I"/home/niks/stm32workspace/stm32f0discovery_stdperiph_lib/Utilities" -O0 -g3 -Wall -fmessage-length=0 -ffunction-sections -c -MMD -MP -MF"StdPeriph_Driver/src/stm32f0xx_misc.d" -MT"StdPeriph_Driver/src/stm32f0xx_misc.o" -o "StdPeriph_Driver/src/stm32f0xx_misc.o" "../StdPeriph_Driver/src/stm32f0xx_misc.c"
Finished building: ../StdPeriph_Driver/src/stm32f0xx_misc.c
 
Building file: ../StdPeriph_Driver/src/stm32f0xx_pwr.c
Invoking: MCU GCC Compiler
/home/niks/stm32workspace/stm32f0discovery_stdperiph_lib/Debug
arm-none-eabi-gcc -mcpu=cortex-m0 -mthumb -mfloat-abi=soft -DSTM32F051R8Tx -DSTM32F0 -DSTM32 -DSTM32F0DISCOVERY -DUSE_STDPERIPH_DRIVER -DSTM32F051 -I"/home/niks/stm32workspace/stm32f0discovery_stdperiph_lib/StdPeriph_Driver/inc" -I"/home/niks/stm32workspace/stm32f0discovery_stdperiph_lib/CMSIS/device" -I"/home/niks/stm32workspace/stm32f0discovery_stdperiph_lib/CMSIS/core" -I"/home/niks/stm32workspace/stm32f0discovery_stdperiph_lib/Utilities" -O0 -g3 -Wall -fmessage-length=0 -ffunction-sections -c -MMD -MP -MF"StdPeriph_Driver/src/stm32f0xx_pwr.d" -MT"StdPeriph_Driver/src/stm32f0xx_pwr.o" -o "StdPeriph_Driver/src/stm32f0xx_pwr.o" "../StdPeriph_Driver/src/stm32f0xx_pwr.c"
Finished building: ../StdPeriph_Driver/src/stm32f0xx_pwr.c
 
Building file: ../StdPeriph_Driver/src/stm32f0xx_rcc.c
Invoking: MCU GCC Compiler
/home/niks/stm32workspace/stm32f0discovery_stdperiph_lib/Debug
arm-none-eabi-gcc -mcpu=cortex-m0 -mthumb -mfloat-abi=soft -DSTM32F051R8Tx -DSTM32F0 -DSTM32 -DSTM32F0DISCOVERY -DUSE_STDPERIPH_DRIVER -DSTM32F051 -I"/home/niks/stm32workspace/stm32f0discovery_stdperiph_lib/StdPeriph_Driver/inc" -I"/home/niks/stm32workspace/stm32f0discovery_stdperiph_lib/CMSIS/device" -I"/home/niks/stm32workspace/stm32f0discovery_stdperiph_lib/CMSIS/core" -I"/home/niks/stm32workspace/stm32f0discovery_stdperiph_lib/Utilities" -O0 -g3 -Wall -fmessage-length=0 -ffunction-sections -c -MMD -MP -MF"StdPeriph_Driver/src/stm32f0xx_rcc.d" -MT"StdPeriph_Driver/src/stm32f0xx_rcc.o" -o "StdPeriph_Driver/src/stm32f0xx_rcc.o" "../StdPeriph_Driver/src/stm32f0xx_rcc.c"
Finished building: ../StdPeriph_Driver/src/stm32f0xx_rcc.c
 
Building file: ../StdPeriph_Driver/src/stm32f0xx_rtc.c
Invoking: MCU GCC Compiler
/home/niks/stm32workspace/stm32f0discovery_stdperiph_lib/Debug
arm-none-eabi-gcc -mcpu=cortex-m0 -mthumb -mfloat-abi=soft -DSTM32F051R8Tx -DSTM32F0 -DSTM32 -DSTM32F0DISCOVERY -DUSE_STDPERIPH_DRIVER -DSTM32F051 -I"/home/niks/stm32workspace/stm32f0discovery_stdperiph_lib/StdPeriph_Driver/inc" -I"/home/niks/stm32workspace/stm32f0discovery_stdperiph_lib/CMSIS/device" -I"/home/niks/stm32workspace/stm32f0discovery_stdperiph_lib/CMSIS/core" -I"/home/niks/stm32workspace/stm32f0discovery_stdperiph_lib/Utilities" -O0 -g3 -Wall -fmessage-length=0 -ffunction-sections -c -MMD -MP -MF"StdPeriph_Driver/src/stm32f0xx_rtc.d" -MT"StdPeriph_Driver/src/stm32f0xx_rtc.o" -o "StdPeriph_Driver/src/stm32f0xx_rtc.o" "../StdPeriph_Driver/src/stm32f0xx_rtc.c"
../StdPeriph_Driver/src/stm32f0xx_rtc.c: In function 'RTC_DeInit':
../StdPeriph_Driver/src/stm32f0xx_rtc.c:311:17: warning: unused variable 'wutcounter' [-Wunused-variable]
   __IO uint32_t wutcounter = 0x00;
                 ^
Finished building: ../StdPeriph_Driver/src/stm32f0xx_rtc.c
 
Building file: ../StdPeriph_Driver/src/stm32f0xx_spi.c
Invoking: MCU GCC Compiler
/home/niks/stm32workspace/stm32f0discovery_stdperiph_lib/Debug
arm-none-eabi-gcc -mcpu=cortex-m0 -mthumb -mfloat-abi=soft -DSTM32F051R8Tx -DSTM32F0 -DSTM32 -DSTM32F0DISCOVERY -DUSE_STDPERIPH_DRIVER -DSTM32F051 -I"/home/niks/stm32workspace/stm32f0discovery_stdperiph_lib/StdPeriph_Driver/inc" -I"/home/niks/stm32workspace/stm32f0discovery_stdperiph_lib/CMSIS/device" -I"/home/niks/stm32workspace/stm32f0discovery_stdperiph_lib/CMSIS/core" -I"/home/niks/stm32workspace/stm32f0discovery_stdperiph_lib/Utilities" -O0 -g3 -Wall -fmessage-length=0 -ffunction-sections -c -MMD -MP -MF"StdPeriph_Driver/src/stm32f0xx_spi.d" -MT"StdPeriph_Driver/src/stm32f0xx_spi.o" -o "StdPeriph_Driver/src/stm32f0xx_spi.o" "../StdPeriph_Driver/src/stm32f0xx_spi.c"
Finished building: ../StdPeriph_Driver/src/stm32f0xx_spi.c
 
Building file: ../StdPeriph_Driver/src/stm32f0xx_syscfg.c
Invoking: MCU GCC Compiler
/home/niks/stm32workspace/stm32f0discovery_stdperiph_lib/Debug
arm-none-eabi-gcc -mcpu=cortex-m0 -mthumb -mfloat-abi=soft -DSTM32F051R8Tx -DSTM32F0 -DSTM32 -DSTM32F0DISCOVERY -DUSE_STDPERIPH_DRIVER -DSTM32F051 -I"/home/niks/stm32workspace/stm32f0discovery_stdperiph_lib/StdPeriph_Driver/inc" -I"/home/niks/stm32workspace/stm32f0discovery_stdperiph_lib/CMSIS/device" -I"/home/niks/stm32workspace/stm32f0discovery_stdperiph_lib/CMSIS/core" -I"/home/niks/stm32workspace/stm32f0discovery_stdperiph_lib/Utilities" -O0 -g3 -Wall -fmessage-length=0 -ffunction-sections -c -MMD -MP -MF"StdPeriph_Driver/src/stm32f0xx_syscfg.d" -MT"StdPeriph_Driver/src/stm32f0xx_syscfg.o" -o "StdPeriph_Driver/src/stm32f0xx_syscfg.o" "../StdPeriph_Driver/src/stm32f0xx_syscfg.c"
Finished building: ../StdPeriph_Driver/src/stm32f0xx_syscfg.c
 
Building file: ../StdPeriph_Driver/src/stm32f0xx_tim.c
Invoking: MCU GCC Compiler
/home/niks/stm32workspace/stm32f0discovery_stdperiph_lib/Debug
arm-none-eabi-gcc -mcpu=cortex-m0 -mthumb -mfloat-abi=soft -DSTM32F051R8Tx -DSTM32F0 -DSTM32 -DSTM32F0DISCOVERY -DUSE_STDPERIPH_DRIVER -DSTM32F051 -I"/home/niks/stm32workspace/stm32f0discovery_stdperiph_lib/StdPeriph_Driver/inc" -I"/home/niks/stm32workspace/stm32f0discovery_stdperiph_lib/CMSIS/device" -I"/home/niks/stm32workspace/stm32f0discovery_stdperiph_lib/CMSIS/core" -I"/home/niks/stm32workspace/stm32f0discovery_stdperiph_lib/Utilities" -O0 -g3 -Wall -fmessage-length=0 -ffunction-sections -c -MMD -MP -MF"StdPeriph_Driver/src/stm32f0xx_tim.d" -MT"StdPeriph_Driver/src/stm32f0xx_tim.o" -o "StdPeriph_Driver/src/stm32f0xx_tim.o" "../StdPeriph_Driver/src/stm32f0xx_tim.c"
Finished building: ../StdPeriph_Driver/src/stm32f0xx_tim.c
 
Building file: ../StdPeriph_Driver/src/stm32f0xx_usart.c
Invoking: MCU GCC Compiler
/home/niks/stm32workspace/stm32f0discovery_stdperiph_lib/Debug
arm-none-eabi-gcc -mcpu=cortex-m0 -mthumb -mfloat-abi=soft -DSTM32F051R8Tx -DSTM32F0 -DSTM32 -DSTM32F0DISCOVERY -DUSE_STDPERIPH_DRIVER -DSTM32F051 -I"/home/niks/stm32workspace/stm32f0discovery_stdperiph_lib/StdPeriph_Driver/inc" -I"/home/niks/stm32workspace/stm32f0discovery_stdperiph_lib/CMSIS/device" -I"/home/niks/stm32workspace/stm32f0discovery_stdperiph_lib/CMSIS/core" -I"/home/niks/stm32workspace/stm32f0discovery_stdperiph_lib/Utilities" -O0 -g3 -Wall -fmessage-length=0 -ffunction-sections -c -MMD -MP -MF"StdPeriph_Driver/src/stm32f0xx_usart.d" -MT"StdPeriph_Driver/src/stm32f0xx_usart.o" -o "StdPeriph_Driver/src/stm32f0xx_usart.o" "../StdPeriph_Driver/src/stm32f0xx_usart.c"
Finished building: ../StdPeriph_Driver/src/stm32f0xx_usart.c
 
Building file: ../StdPeriph_Driver/src/stm32f0xx_wwdg.c
Invoking: MCU GCC Compiler
/home/niks/stm32workspace/stm32f0discovery_stdperiph_lib/Debug
arm-none-eabi-gcc -mcpu=cortex-m0 -mthumb -mfloat-abi=soft -DSTM32F051R8Tx -DSTM32F0 -DSTM32 -DSTM32F0DISCOVERY -DUSE_STDPERIPH_DRIVER -DSTM32F051 -I"/home/niks/stm32workspace/stm32f0discovery_stdperiph_lib/StdPeriph_Driver/inc" -I"/home/niks/stm32workspace/stm32f0discovery_stdperiph_lib/CMSIS/device" -I"/home/niks/stm32workspace/stm32f0discovery_stdperiph_lib/CMSIS/core" -I"/home/niks/stm32workspace/stm32f0discovery_stdperiph_lib/Utilities" -O0 -g3 -Wall -fmessage-length=0 -ffunction-sections -c -MMD -MP -MF"StdPeriph_Driver/src/stm32f0xx_wwdg.d" -MT"StdPeriph_Driver/src/stm32f0xx_wwdg.o" -o "StdPeriph_Driver/src/stm32f0xx_wwdg.o" "../StdPeriph_Driver/src/stm32f0xx_wwdg.c"
Finished building: ../StdPeriph_Driver/src/stm32f0xx_wwdg.c
 
Building target: libstm32f0discovery_stdperiph_lib.a
Invoking: MCU GCC Archiver
arm-none-eabi-ar -r  "libstm32f0discovery_stdperiph_lib.a" @"objects.list"  
arm-none-eabi-ar: creating libstm32f0discovery_stdperiph_lib.a
Finished building target: libstm32f0discovery_stdperiph_lib.a
 
14:18:19 **** Incremental Build of configuration Debug for project advancedSerialComplete ****
make all 
Building file: ../src/main.c
Invoking: MCU GCC Compiler
/home/niks/stm32workspace/advancedSerialComplete/Debug
arm-none-eabi-gcc -mcpu=cortex-m0 -mthumb -mfloat-abi=soft -DSTM32F051R8Tx -DSTM32F0 -DSTM32 -DSTM32F0DISCOVERY -DDEBUG -DUSE_STDPERIPH_DRIVER -DSTM32F051 -I"/home/niks/stm32workspace/stm32f0discovery_stdperiph_lib" -I"/home/niks/stm32workspace/advancedSerialComplete/inc" -I"/home/niks/stm32workspace/stm32f0discovery_stdperiph_lib/StdPeriph_Driver/inc" -I"/home/niks/stm32workspace/stm32f0discovery_stdperiph_lib/CMSIS/device" -I"/home/niks/stm32workspace/stm32f0discovery_stdperiph_lib/CMSIS/core" -I"/home/niks/stm32workspace/stm32f0discovery_stdperiph_lib/Utilities" -O0 -g3 -Wall -fmessage-length=0 -ffunction-sections -c -MMD -MP -MF"src/main.d" -MT"src/main.o" -o "src/main.o" "../src/main.c"
Finished building: ../src/main.c
 
Building target: advancedSerialComplete.elf
Invoking: MCU GCC Linker
arm-none-eabi-gcc -mcpu=cortex-m0 -mthumb -mfloat-abi=soft -L"/home/niks/stm32workspace/stm32f0discovery_stdperiph_lib/Debug" -T"/home/niks/stm32workspace/advancedSerialComplete/LinkerScript.ld" -Wl,-Map=output.map -Wl,--gc-sections -lm -o "advancedSerialComplete.elf" @"objects.list"  -lstm32f0discovery_stdperiph_lib
Finished building target: advancedSerialComplete.elf
 
make --no-print-directory post-build
Generating binary and Printing size information:
arm-none-eabi-objcopy -O binary "advancedSerialComplete.elf" "advancedSerialComplete.bin"
arm-none-eabi-size "advancedSerialComplete.elf"
   text	   data	    bss	    dec	    hex	filename
  22380	   1356	    440	  24176	   5e70	advancedSerialComplete.elf
 
14:18:21 **** Incremental Build of configuration Debug for project stm32f0discovery_stdperiph_lib ****
make all 
make: Nothing to be done for 'all'.
14:18:22 **** Incremental Build of configuration Debug for project advancedSerialComplete ****
make all 
make: Nothing to be done for 'all'.
14:35:54 **** Incremental Build of configuration Debug for project stm32f0discovery_stdperiph_lib ****
make all 
make: Nothing to be done for 'all'.
14:35:54 **** Incremental Build of configuration Debug for project advancedSerialComplete ****
make all 
Building file: ../src/main.c
Invoking: MCU GCC Compiler
/home/niks/stm32workspace/advancedSerialComplete/Debug
arm-none-eabi-gcc -mcpu=cortex-m0 -mthumb -mfloat-abi=soft -DSTM32F051R8Tx -DSTM32F0 -DSTM32 -DSTM32F0DISCOVERY -DDEBUG -DUSE_STDPERIPH_DRIVER -DSTM32F051 -I"/home/niks/stm32workspace/stm32f0discovery_stdperiph_lib" -I"/home/niks/stm32workspace/advancedSerialComplete/inc" -I"/home/niks/stm32workspace/stm32f0discovery_stdperiph_lib/StdPeriph_Driver/inc" -I"/home/niks/stm32workspace/stm32f0discovery_stdperiph_lib/CMSIS/device" -I"/home/niks/stm32workspace/stm32f0discovery_stdperiph_lib/CMSIS/core" -I"/home/niks/stm32workspace/stm32f0discovery_stdperiph_lib/Utilities" -O0 -g3 -Wall -fmessage-length=0 -ffunction-sections -c -MMD -MP -MF"src/main.d" -MT"src/main.o" -o "src/main.o" "../src/main.c"
Finished building: ../src/main.c
 
Building target: advancedSerialComplete.elf
Invoking: MCU GCC Linker
arm-none-eabi-gcc -mcpu=cortex-m0 -mthumb -mfloat-abi=soft -L"/home/niks/stm32workspace/stm32f0discovery_stdperiph_lib/Debug" -T"/home/niks/stm32workspace/advancedSerialComplete/LinkerScript.ld" -Wl,-Map=output.map -Wl,--gc-sections -lm -o "advancedSerialComplete.elf" @"objects.list"  -lstm32f0discovery_stdperiph_lib
Finished building target: advancedSerialComplete.elf
 
make --no-print-directory post-build
Generating binary and Printing size information:
arm-none-eabi-objcopy -O binary "advancedSerialComplete.elf" "advancedSerialComplete.bin"
arm-none-eabi-size "advancedSerialComplete.elf"
   text	   data	    bss	    dec	    hex	filename
  23300	   1356	    440	  25096	   6208	advancedSerialComplete.elf
 
14:35:58 **** Incremental Build of configuration Debug for project stm32f0discovery_stdperiph_lib ****
make all 
make: Nothing to be done for 'all'.
14:35:58 **** Incremental Build of configuration Debug for project advancedSerialComplete ****
make all 
Building file: ../src/main.c
Invoking: MCU GCC Compiler
/home/niks/stm32workspace/advancedSerialComplete/Debug
arm-none-eabi-gcc -mcpu=cortex-m0 -mthumb -mfloat-abi=soft -DSTM32F051R8Tx -DSTM32F0 -DSTM32 -DSTM32F0DISCOVERY -DDEBUG -DUSE_STDPERIPH_DRIVER -DSTM32F051 -I"/home/niks/stm32workspace/stm32f0discovery_stdperiph_lib" -I"/home/niks/stm32workspace/advancedSerialComplete/inc" -I"/home/niks/stm32workspace/stm32f0discovery_stdperiph_lib/StdPeriph_Driver/inc" -I"/home/niks/stm32workspace/stm32f0discovery_stdperiph_lib/CMSIS/device" -I"/home/niks/stm32workspace/stm32f0discovery_stdperiph_lib/CMSIS/core" -I"/home/niks/stm32workspace/stm32f0discovery_stdperiph_lib/Utilities" -O0 -g3 -Wall -fmessage-length=0 -ffunction-sections -c -MMD -MP -MF"src/main.d" -MT"src/main.o" -o "src/main.o" "../src/main.c"
Finished building: ../src/main.c
 
Building target: advancedSerialComplete.elf
Invoking: MCU GCC Linker
arm-none-eabi-gcc -mcpu=cortex-m0 -mthumb -mfloat-abi=soft -L"/home/niks/stm32workspace/stm32f0discovery_stdperiph_lib/Debug" -T"/home/niks/stm32workspace/advancedSerialComplete/LinkerScript.ld" -Wl,-Map=output.map -Wl,--gc-sections -lm -o "advancedSerialComplete.elf" @"objects.list"  -lstm32f0discovery_stdperiph_lib
Finished building target: advancedSerialComplete.elf
 
make --no-print-directory post-build
Generating binary and Printing size information:
arm-none-eabi-objcopy -O binary "advancedSerialComplete.elf" "advancedSerialComplete.bin"
arm-none-eabi-size "advancedSerialComplete.elf"
   text	   data	    bss	    dec	    hex	filename
  23300	   1356	    440	  25096	   6208	advancedSerialComplete.elf
 
15:10:56 **** Incremental Build of configuration Debug for project stm32f0discovery_stdperiph_lib ****
make all 
make: Nothing to be done for 'all'.
15:10:57 **** Incremental Build of configuration Debug for project advancedSerialComplete ****
make all 
Building file: ../src/main.c
Invoking: MCU GCC Compiler
/home/niks/stm32workspace/advancedSerialComplete/Debug
arm-none-eabi-gcc -mcpu=cortex-m0 -mthumb -mfloat-abi=soft -DSTM32F051R8Tx -DSTM32F0 -DSTM32 -DSTM32F0DISCOVERY -DDEBUG -DUSE_STDPERIPH_DRIVER -DSTM32F051 -I"/home/niks/stm32workspace/stm32f0discovery_stdperiph_lib" -I"/home/niks/stm32workspace/advancedSerialComplete/inc" -I"/home/niks/stm32workspace/stm32f0discovery_stdperiph_lib/StdPeriph_Driver/inc" -I"/home/niks/stm32workspace/stm32f0discovery_stdperiph_lib/CMSIS/device" -I"/home/niks/stm32workspace/stm32f0discovery_stdperiph_lib/CMSIS/core" -I"/home/niks/stm32workspace/stm32f0discovery_stdperiph_lib/Utilities" -O0 -g3 -Wall -fmessage-length=0 -ffunction-sections -c -MMD -MP -MF"src/main.d" -MT"src/main.o" -o "src/main.o" "../src/main.c"
Finished building: ../src/main.c
 
Building target: advancedSerialComplete.elf
Invoking: MCU GCC Linker
arm-none-eabi-gcc -mcpu=cortex-m0 -mthumb -mfloat-abi=soft -L"/home/niks/stm32workspace/stm32f0discovery_stdperiph_lib/Debug" -T"/home/niks/stm32workspace/advancedSerialComplete/LinkerScript.ld" -Wl,-Map=output.map -Wl,--gc-sections -lm -o "advancedSerialComplete.elf" @"objects.list"  -lstm32f0discovery_stdperiph_lib
Finished building target: advancedSerialComplete.elf
 
make --no-print-directory post-build
Generating binary and Printing size information:
arm-none-eabi-objcopy -O binary "advancedSerialComplete.elf" "advancedSerialComplete.bin"
arm-none-eabi-size "advancedSerialComplete.elf"
   text	   data	    bss	    dec	    hex	filename
  23300	   1356	    440	  25096	   6208	advancedSerialComplete.elf
 
15:11:03 **** Incremental Build of configuration Debug for project stm32f0discovery_stdperiph_lib ****
make all 
make: Nothing to be done for 'all'.
15:11:03 **** Incremental Build of configuration Debug for project advancedSerialComplete ****
make all 
make: Nothing to be done for 'all'.
15:11:05 **** Incremental Build of configuration Debug for project stm32f0discovery_stdperiph_lib ****
make all 
make: Nothing to be done for 'all'.
15:11:06 **** Incremental Build of configuration Debug for project advancedSerialComplete ****
make all 
make: Nothing to be done for 'all'.
15:32:09 **** Incremental Build of configuration Debug for project stm32f0discovery_stdperiph_lib ****
make all 
make: Nothing to be done for 'all'.
15:32:09 **** Build of configuration Debug for project advancedCompleteReceiver ****
make all 
Building file: ../src/main.c
Invoking: MCU GCC Compiler
/home/niks/stm32workspace/advancedCompleteReceiver/Debug
arm-none-eabi-gcc -mcpu=cortex-m0 -mthumb -mfloat-abi=soft -DSTM32F051R8Tx -DSTM32F0 -DSTM32 -DSTM32F0DISCOVERY -DDEBUG -DUSE_STDPERIPH_DRIVER -DSTM32F051 -I"/home/niks/stm32workspace/stm32f0discovery_stdperiph_lib" -I"/home/niks/stm32workspace/advancedCompleteReceiver/inc" -I"/home/niks/stm32workspace/stm32f0discovery_stdperiph_lib/StdPeriph_Driver/inc" -I"/home/niks/stm32workspace/stm32f0discovery_stdperiph_lib/CMSIS/device" -I"/home/niks/stm32workspace/stm32f0discovery_stdperiph_lib/CMSIS/core" -I"/home/niks/stm32workspace/stm32f0discovery_stdperiph_lib/Utilities" -O0 -g3 -Wall -fmessage-length=0 -ffunction-sections -c -MMD -MP -MF"src/main.d" -MT"src/main.o" -o "src/main.o" "../src/main.c"
In file included from ../src/main.c:16:0:
/home/niks/stm32workspace/advancedCompleteReceiver/inc/MyStringFunctions.h:13:5: warning: conflicting types for built-in function 'pow'
 int pow(int base, int afterpoint);
     ^
../src/main.c: In function 'main':
../src/main.c:183:7: warning: unused variable 'sdTmpWriteString' [-Wunused-variable]
  char sdTmpWriteString[20];
       ^
../src/main.c:144:10: warning: variable 'AT_data' set but not used [-Wunused-but-set-variable]
  uint8_t AT_data[4];
          ^
../src/main.c:143:10: warning: variable 'commandStatus' set but not used [-Wunused-but-set-variable]
  uint8_t commandStatus;
          ^
Finished building: ../src/main.c
 
Building target: advancedCompleteReceiver.elf
Invoking: MCU GCC Linker
arm-none-eabi-gcc -mcpu=cortex-m0 -mthumb -mfloat-abi=soft -L"/home/niks/stm32workspace/stm32f0discovery_stdperiph_lib/Debug" -T"/home/niks/stm32workspace/advancedCompleteReceiver/LinkerScript.ld" -Wl,-Map=output.map -Wl,--gc-sections -lm -o "advancedCompleteReceiver.elf" @"objects.list"  -lstm32f0discovery_stdperiph_lib
Finished building target: advancedCompleteReceiver.elf
 
make --no-print-directory post-build
Generating binary and Printing size information:
arm-none-eabi-objcopy -O binary "advancedCompleteReceiver.elf" "advancedCompleteReceiver.bin"
arm-none-eabi-size "advancedCompleteReceiver.elf"
   text	   data	    bss	    dec	    hex	filename
  57208	   2196	    632	  60036	   ea84	advancedCompleteReceiver.elf
 
15:32:13 **** Incremental Build of configuration Debug for project stm32f0discovery_stdperiph_lib ****
make all 
make: Nothing to be done for 'all'.
15:32:13 **** Incremental Build of configuration Debug for project advancedCompleteReceiver ****
make all 
make: Nothing to be done for 'all'.
15:32:24 **** Incremental Build of configuration Debug for project stm32f0discovery_stdperiph_lib ****
make all 
make: Nothing to be done for 'all'.
15:32:25 **** Incremental Build of configuration Debug for project advancedCompleteReceiver ****
make all 
make: Nothing to be done for 'all'.
17:09:49 **** Incremental Build of configuration Debug for project stm32f0discovery_stdperiph_lib ****
make all 
make: Nothing to be done for 'all'.
17:09:49 **** Incremental Build of configuration Debug for project advancedSerialComplete ****
make all 
Building file: ../src/main.c
Invoking: MCU GCC Compiler
/home/niks/stm32workspace/advancedSerialComplete/Debug
arm-none-eabi-gcc -mcpu=cortex-m0 -mthumb -mfloat-abi=soft -DSTM32F051R8Tx -DSTM32F0 -DSTM32 -DSTM32F0DISCOVERY -DDEBUG -DUSE_STDPERIPH_DRIVER -DSTM32F051 -I"/home/niks/stm32workspace/stm32f0discovery_stdperiph_lib" -I"/home/niks/stm32workspace/advancedSerialComplete/inc" -I"/home/niks/stm32workspace/stm32f0discovery_stdperiph_lib/StdPeriph_Driver/inc" -I"/home/niks/stm32workspace/stm32f0discovery_stdperiph_lib/CMSIS/device" -I"/home/niks/stm32workspace/stm32f0discovery_stdperiph_lib/CMSIS/core" -I"/home/niks/stm32workspace/stm32f0discovery_stdperiph_lib/Utilities" -O0 -g3 -Wall -fmessage-length=0 -ffunction-sections -c -MMD -MP -MF"src/main.d" -MT"src/main.o" -o "src/main.o" "../src/main.c"
Finished building: ../src/main.c
 
Building target: advancedSerialComplete.elf
Invoking: MCU GCC Linker
arm-none-eabi-gcc -mcpu=cortex-m0 -mthumb -mfloat-abi=soft -L"/home/niks/stm32workspace/stm32f0discovery_stdperiph_lib/Debug" -T"/home/niks/stm32workspace/advancedSerialComplete/LinkerScript.ld" -Wl,-Map=output.map -Wl,--gc-sections -lm -o "advancedSerialComplete.elf" @"objects.list"  -lstm32f0discovery_stdperiph_lib
Finished building target: advancedSerialComplete.elf
 
make --no-print-directory post-build
Generating binary and Printing size information:
arm-none-eabi-objcopy -O binary "advancedSerialComplete.elf" "advancedSerialComplete.bin"
arm-none-eabi-size "advancedSerialComplete.elf"
   text	   data	    bss	    dec	    hex	filename
  23316	   1356	    440	  25112	   6218	advancedSerialComplete.elf
 
17:09:50 **** Incremental Build of configuration Debug for project stm32f0discovery_stdperiph_lib ****
make all 
make: Nothing to be done for 'all'.
17:09:51 **** Incremental Build of configuration Debug for project advancedSerialComplete ****
make all 
make: Nothing to be done for 'all'.
17:11:58 **** Incremental Build of configuration Debug for project stm32f0discovery_stdperiph_lib ****
make all 
make: Nothing to be done for 'all'.
17:11:58 **** Incremental Build of configuration Debug for project advancedSerialComplete ****
make all 
Building file: ../src/main.c
[...]
/home/niks/stm32workspace/stm32f0308-disco_stdperiph_lib/Debug
arm-none-eabi-gcc -mcpu=cortex-m0 -mthumb -mfloat-abi=soft -DSTM32F0 -DSTM32F0308_DISCO -DSTM32F030R8Tx -DSTM32 -DUSE_STDPERIPH_DRIVER -DSTM32F030 -I"/home/niks/stm32workspace/stm32f0308-disco_stdperiph_lib/StdPeriph_Driver/inc" -I"/home/niks/stm32workspace/stm32f0308-disco_stdperiph_lib/CMSIS/device" -I"/home/niks/stm32workspace/stm32f0308-disco_stdperiph_lib/CMSIS/core" -I"/home/niks/stm32workspace/stm32f0308-disco_stdperiph_lib/Utilities" -O0 -g3 -Wall -fmessage-length=0 -ffunction-sections -c -MMD -MP -MF"StdPeriph_Driver/src/stm32f0xx_adc.d" -MT"StdPeriph_Driver/src/stm32f0xx_adc.o" -o "StdPeriph_Driver/src/stm32f0xx_adc.o" "../StdPeriph_Driver/src/stm32f0xx_adc.c"
Finished building: ../StdPeriph_Driver/src/stm32f0xx_adc.c
 
Building file: ../StdPeriph_Driver/src/stm32f0xx_cec.c
Invoking: MCU GCC Compiler
/home/niks/stm32workspace/stm32f0308-disco_stdperiph_lib/Debug
arm-none-eabi-gcc -mcpu=cortex-m0 -mthumb -mfloat-abi=soft -DSTM32F0 -DSTM32F0308_DISCO -DSTM32F030R8Tx -DSTM32 -DUSE_STDPERIPH_DRIVER -DSTM32F030 -I"/home/niks/stm32workspace/stm32f0308-disco_stdperiph_lib/StdPeriph_Driver/inc" -I"/home/niks/stm32workspace/stm32f0308-disco_stdperiph_lib/CMSIS/device" -I"/home/niks/stm32workspace/stm32f0308-disco_stdperiph_lib/CMSIS/core" -I"/home/niks/stm32workspace/stm32f0308-disco_stdperiph_lib/Utilities" -O0 -g3 -Wall -fmessage-length=0 -ffunction-sections -c -MMD -MP -MF"StdPeriph_Driver/src/stm32f0xx_cec.d" -MT"StdPeriph_Driver/src/stm32f0xx_cec.o" -o "StdPeriph_Driver/src/stm32f0xx_cec.o" "../StdPeriph_Driver/src/stm32f0xx_cec.c"
Finished building: ../StdPeriph_Driver/src/stm32f0xx_cec.c
 
Building file: ../StdPeriph_Driver/src/stm32f0xx_comp.c
Invoking: MCU GCC Compiler
/home/niks/stm32workspace/stm32f0308-disco_stdperiph_lib/Debug
arm-none-eabi-gcc -mcpu=cortex-m0 -mthumb -mfloat-abi=soft -DSTM32F0 -DSTM32F0308_DISCO -DSTM32F030R8Tx -DSTM32 -DUSE_STDPERIPH_DRIVER -DSTM32F030 -I"/home/niks/stm32workspace/stm32f0308-disco_stdperiph_lib/StdPeriph_Driver/inc" -I"/home/niks/stm32workspace/stm32f0308-disco_stdperiph_lib/CMSIS/device" -I"/home/niks/stm32workspace/stm32f0308-disco_stdperiph_lib/CMSIS/core" -I"/home/niks/stm32workspace/stm32f0308-disco_stdperiph_lib/Utilities" -O0 -g3 -Wall -fmessage-length=0 -ffunction-sections -c -MMD -MP -MF"StdPeriph_Driver/src/stm32f0xx_comp.d" -MT"StdPeriph_Driver/src/stm32f0xx_comp.o" -o "StdPeriph_Driver/src/stm32f0xx_comp.o" "../StdPeriph_Driver/src/stm32f0xx_comp.c"
Finished building: ../StdPeriph_Driver/src/stm32f0xx_comp.c
 
Building file: ../StdPeriph_Driver/src/stm32f0xx_crc.c
Invoking: MCU GCC Compiler
/home/niks/stm32workspace/stm32f0308-disco_stdperiph_lib/Debug
arm-none-eabi-gcc -mcpu=cortex-m0 -mthumb -mfloat-abi=soft -DSTM32F0 -DSTM32F0308_DISCO -DSTM32F030R8Tx -DSTM32 -DUSE_STDPERIPH_DRIVER -DSTM32F030 -I"/home/niks/stm32workspace/stm32f0308-disco_stdperiph_lib/StdPeriph_Driver/inc" -I"/home/niks/stm32workspace/stm32f0308-disco_stdperiph_lib/CMSIS/device" -I"/home/niks/stm32workspace/stm32f0308-disco_stdperiph_lib/CMSIS/core" -I"/home/niks/stm32workspace/stm32f0308-disco_stdperiph_lib/Utilities" -O0 -g3 -Wall -fmessage-length=0 -ffunction-sections -c -MMD -MP -MF"StdPeriph_Driver/src/stm32f0xx_crc.d" -MT"StdPeriph_Driver/src/stm32f0xx_crc.o" -o "StdPeriph_Driver/src/stm32f0xx_crc.o" "../StdPeriph_Driver/src/stm32f0xx_crc.c"
Finished building: ../StdPeriph_Driver/src/stm32f0xx_crc.c
 
Building file: ../StdPeriph_Driver/src/stm32f0xx_dac.c
Invoking: MCU GCC Compiler
/home/niks/stm32workspace/stm32f0308-disco_stdperiph_lib/Debug
arm-none-eabi-gcc -mcpu=cortex-m0 -mthumb -mfloat-abi=soft -DSTM32F0 -DSTM32F0308_DISCO -DSTM32F030R8Tx -DSTM32 -DUSE_STDPERIPH_DRIVER -DSTM32F030 -I"/home/niks/stm32workspace/stm32f0308-disco_stdperiph_lib/StdPeriph_Driver/inc" -I"/home/niks/stm32workspace/stm32f0308-disco_stdperiph_lib/CMSIS/device" -I"/home/niks/stm32workspace/stm32f0308-disco_stdperiph_lib/CMSIS/core" -I"/home/niks/stm32workspace/stm32f0308-disco_stdperiph_lib/Utilities" -O0 -g3 -Wall -fmessage-length=0 -ffunction-sections -c -MMD -MP -MF"StdPeriph_Driver/src/stm32f0xx_dac.d" -MT"StdPeriph_Driver/src/stm32f0xx_dac.o" -o "StdPeriph_Driver/src/stm32f0xx_dac.o" "../StdPeriph_Driver/src/stm32f0xx_dac.c"
Finished building: ../StdPeriph_Driver/src/stm32f0xx_dac.c
 
Building file: ../StdPeriph_Driver/src/stm32f0xx_dbgmcu.c
Invoking: MCU GCC Compiler
/home/niks/stm32workspace/stm32f0308-disco_stdperiph_lib/Debug
arm-none-eabi-gcc -mcpu=cortex-m0 -mthumb -mfloat-abi=soft -DSTM32F0 -DSTM32F0308_DISCO -DSTM32F030R8Tx -DSTM32 -DUSE_STDPERIPH_DRIVER -DSTM32F030 -I"/home/niks/stm32workspace/stm32f0308-disco_stdperiph_lib/StdPeriph_Driver/inc" -I"/home/niks/stm32workspace/stm32f0308-disco_stdperiph_lib/CMSIS/device" -I"/home/niks/stm32workspace/stm32f0308-disco_stdperiph_lib/CMSIS/core" -I"/home/niks/stm32workspace/stm32f0308-disco_stdperiph_lib/Utilities" -O0 -g3 -Wall -fmessage-length=0 -ffunction-sections -c -MMD -MP -MF"StdPeriph_Driver/src/stm32f0xx_dbgmcu.d" -MT"StdPeriph_Driver/src/stm32f0xx_dbgmcu.o" -o "StdPeriph_Driver/src/stm32f0xx_dbgmcu.o" "../StdPeriph_Driver/src/stm32f0xx_dbgmcu.c"
Finished building: ../StdPeriph_Driver/src/stm32f0xx_dbgmcu.c
 
Building file: ../StdPeriph_Driver/src/stm32f0xx_dma.c
Invoking: MCU GCC Compiler
/home/niks/stm32workspace/stm32f0308-disco_stdperiph_lib/Debug
arm-none-eabi-gcc -mcpu=cortex-m0 -mthumb -mfloat-abi=soft -DSTM32F0 -DSTM32F0308_DISCO -DSTM32F030R8Tx -DSTM32 -DUSE_STDPERIPH_DRIVER -DSTM32F030 -I"/home/niks/stm32workspace/stm32f0308-disco_stdperiph_lib/StdPeriph_Driver/inc" -I"/home/niks/stm32workspace/stm32f0308-disco_stdperiph_lib/CMSIS/device" -I"/home/niks/stm32workspace/stm32f0308-disco_stdperiph_lib/CMSIS/core" -I"/home/niks/stm32workspace/stm32f0308-disco_stdperiph_lib/Utilities" -O0 -g3 -Wall -fmessage-length=0 -ffunction-sections -c -MMD -MP -MF"StdPeriph_Driver/src/stm32f0xx_dma.d" -MT"StdPeriph_Driver/src/stm32f0xx_dma.o" -o "StdPeriph_Driver/src/stm32f0xx_dma.o" "../StdPeriph_Driver/src/stm32f0xx_dma.c"
Finished building: ../StdPeriph_Driver/src/stm32f0xx_dma.c
 
Building file: ../StdPeriph_Driver/src/stm32f0xx_exti.c
Invoking: MCU GCC Compiler
/home/niks/stm32workspace/stm32f0308-disco_stdperiph_lib/Debug
arm-none-eabi-gcc -mcpu=cortex-m0 -mthumb -mfloat-abi=soft -DSTM32F0 -DSTM32F0308_DISCO -DSTM32F030R8Tx -DSTM32 -DUSE_STDPERIPH_DRIVER -DSTM32F030 -I"/home/niks/stm32workspace/stm32f0308-disco_stdperiph_lib/StdPeriph_Driver/inc" -I"/home/niks/stm32workspace/stm32f0308-disco_stdperiph_lib/CMSIS/device" -I"/home/niks/stm32workspace/stm32f0308-disco_stdperiph_lib/CMSIS/core" -I"/home/niks/stm32workspace/stm32f0308-disco_stdperiph_lib/Utilities" -O0 -g3 -Wall -fmessage-length=0 -ffunction-sections -c -MMD -MP -MF"StdPeriph_Driver/src/stm32f0xx_exti.d" -MT"StdPeriph_Driver/src/stm32f0xx_exti.o" -o "StdPeriph_Driver/src/stm32f0xx_exti.o" "../StdPeriph_Driver/src/stm32f0xx_exti.c"
Finished building: ../StdPeriph_Driver/src/stm32f0xx_exti.c
 
Building file: ../StdPeriph_Driver/src/stm32f0xx_flash.c
Invoking: MCU GCC Compiler
/home/niks/stm32workspace/stm32f0308-disco_stdperiph_lib/Debug
arm-none-eabi-gcc -mcpu=cortex-m0 -mthumb -mfloat-abi=soft -DSTM32F0 -DSTM32F0308_DISCO -DSTM32F030R8Tx -DSTM32 -DUSE_STDPERIPH_DRIVER -DSTM32F030 -I"/home/niks/stm32workspace/stm32f0308-disco_stdperiph_lib/StdPeriph_Driver/inc" -I"/home/niks/stm32workspace/stm32f0308-disco_stdperiph_lib/CMSIS/device" -I"/home/niks/stm32workspace/stm32f0308-disco_stdperiph_lib/CMSIS/core" -I"/home/niks/stm32workspace/stm32f0308-disco_stdperiph_lib/Utilities" -O0 -g3 -Wall -fmessage-length=0 -ffunction-sections -c -MMD -MP -MF"StdPeriph_Driver/src/stm32f0xx_flash.d" -MT"StdPeriph_Driver/src/stm32f0xx_flash.o" -o "StdPeriph_Driver/src/stm32f0xx_flash.o" "../StdPeriph_Driver/src/stm32f0xx_flash.c"
Finished building: ../StdPeriph_Driver/src/stm32f0xx_flash.c
 
Building file: ../StdPeriph_Driver/src/stm32f0xx_gpio.c
Invoking: MCU GCC Compiler
/home/niks/stm32workspace/stm32f0308-disco_stdperiph_lib/Debug
arm-none-eabi-gcc -mcpu=cortex-m0 -mthumb -mfloat-abi=soft -DSTM32F0 -DSTM32F0308_DISCO -DSTM32F030R8Tx -DSTM32 -DUSE_STDPERIPH_DRIVER -DSTM32F030 -I"/home/niks/stm32workspace/stm32f0308-disco_stdperiph_lib/StdPeriph_Driver/inc" -I"/home/niks/stm32workspace/stm32f0308-disco_stdperiph_lib/CMSIS/device" -I"/home/niks/stm32workspace/stm32f0308-disco_stdperiph_lib/CMSIS/core" -I"/home/niks/stm32workspace/stm32f0308-disco_stdperiph_lib/Utilities" -O0 -g3 -Wall -fmessage-length=0 -ffunction-sections -c -MMD -MP -MF"StdPeriph_Driver/src/stm32f0xx_gpio.d" -MT"StdPeriph_Driver/src/stm32f0xx_gpio.o" -o "StdPeriph_Driver/src/stm32f0xx_gpio.o" "../StdPeriph_Driver/src/stm32f0xx_gpio.c"
Finished building: ../StdPeriph_Driver/src/stm32f0xx_gpio.c
 
Building file: ../StdPeriph_Driver/src/stm32f0xx_i2c.c
Invoking: MCU GCC Compiler
/home/niks/stm32workspace/stm32f0308-disco_stdperiph_lib/Debug
arm-none-eabi-gcc -mcpu=cortex-m0 -mthumb -mfloat-abi=soft -DSTM32F0 -DSTM32F0308_DISCO -DSTM32F030R8Tx -DSTM32 -DUSE_STDPERIPH_DRIVER -DSTM32F030 -I"/home/niks/stm32workspace/stm32f0308-disco_stdperiph_lib/StdPeriph_Driver/inc" -I"/home/niks/stm32workspace/stm32f0308-disco_stdperiph_lib/CMSIS/device" -I"/home/niks/stm32workspace/stm32f0308-disco_stdperiph_lib/CMSIS/core" -I"/home/niks/stm32workspace/stm32f0308-disco_stdperiph_lib/Utilities" -O0 -g3 -Wall -fmessage-length=0 -ffunction-sections -c -MMD -MP -MF"StdPeriph_Driver/src/stm32f0xx_i2c.d" -MT"StdPeriph_Driver/src/stm32f0xx_i2c.o" -o "StdPeriph_Driver/src/stm32f0xx_i2c.o" "../StdPeriph_Driver/src/stm32f0xx_i2c.c"
Finished building: ../StdPeriph_Driver/src/stm32f0xx_i2c.c
 
Building file: ../StdPeriph_Driver/src/stm32f0xx_iwdg.c
Invoking: MCU GCC Compiler
/home/niks/stm32workspace/stm32f0308-disco_stdperiph_lib/Debug
arm-none-eabi-gcc -mcpu=cortex-m0 -mthumb -mfloat-abi=soft -DSTM32F0 -DSTM32F0308_DISCO -DSTM32F030R8Tx -DSTM32 -DUSE_STDPERIPH_DRIVER -DSTM32F030 -I"/home/niks/stm32workspace/stm32f0308-disco_stdperiph_lib/StdPeriph_Driver/inc" -I"/home/niks/stm32workspace/stm32f0308-disco_stdperiph_lib/CMSIS/device" -I"/home/niks/stm32workspace/stm32f0308-disco_stdperiph_lib/CMSIS/core" -I"/home/niks/stm32workspace/stm32f0308-disco_stdperiph_lib/Utilities" -O0 -g3 -Wall -fmessage-length=0 -ffunction-sections -c -MMD -MP -MF"StdPeriph_Driver/src/stm32f0xx_iwdg.d" -MT"StdPeriph_Driver/src/stm32f0xx_iwdg.o" -o "StdPeriph_Driver/src/stm32f0xx_iwdg.o" "../StdPeriph_Driver/src/stm32f0xx_iwdg.c"
Finished building: ../StdPeriph_Driver/src/stm32f0xx_iwdg.c
 
Building file: ../StdPeriph_Driver/src/stm32f0xx_misc.c
Invoking: MCU GCC Compiler
/home/niks/stm32workspace/stm32f0308-disco_stdperiph_lib/Debug
arm-none-eabi-gcc -mcpu=cortex-m0 -mthumb -mfloat-abi=soft -DSTM32F0 -DSTM32F0308_DISCO -DSTM32F030R8Tx -DSTM32 -DUSE_STDPERIPH_DRIVER -DSTM32F030 -I"/home/niks/stm32workspace/stm32f0308-disco_stdperiph_lib/StdPeriph_Driver/inc" -I"/home/niks/stm32workspace/stm32f0308-disco_stdperiph_lib/CMSIS/device" -I"/home/niks/stm32workspace/stm32f0308-disco_stdperiph_lib/CMSIS/core" -I"/home/niks/stm32workspace/stm32f0308-disco_stdperiph_lib/Utilities" -O0 -g3 -Wall -fmessage-length=0 -ffunction-sections -c -MMD -MP -MF"StdPeriph_Driver/src/stm32f0xx_misc.d" -MT"StdPeriph_Driver/src/stm32f0xx_misc.o" -o "StdPeriph_Driver/src/stm32f0xx_misc.o" "../StdPeriph_Driver/src/stm32f0xx_misc.c"
Finished building: ../StdPeriph_Driver/src/stm32f0xx_misc.c
 
Building file: ../StdPeriph_Driver/src/stm32f0xx_pwr.c
Invoking: MCU GCC Compiler
/home/niks/stm32workspace/stm32f0308-disco_stdperiph_lib/Debug
arm-none-eabi-gcc -mcpu=cortex-m0 -mthumb -mfloat-abi=soft -DSTM32F0 -DSTM32F0308_DISCO -DSTM32F030R8Tx -DSTM32 -DUSE_STDPERIPH_DRIVER -DSTM32F030 -I"/home/niks/stm32workspace/stm32f0308-disco_stdperiph_lib/StdPeriph_Driver/inc" -I"/home/niks/stm32workspace/stm32f0308-disco_stdperiph_lib/CMSIS/device" -I"/home/niks/stm32workspace/stm32f0308-disco_stdperiph_lib/CMSIS/core" -I"/home/niks/stm32workspace/stm32f0308-disco_stdperiph_lib/Utilities" -O0 -g3 -Wall -fmessage-length=0 -ffunction-sections -c -MMD -MP -MF"StdPeriph_Driver/src/stm32f0xx_pwr.d" -MT"StdPeriph_Driver/src/stm32f0xx_pwr.o" -o "StdPeriph_Driver/src/stm32f0xx_pwr.o" "../StdPeriph_Driver/src/stm32f0xx_pwr.c"
Finished building: ../StdPeriph_Driver/src/stm32f0xx_pwr.c
 
Building file: ../StdPeriph_Driver/src/stm32f0xx_rcc.c
Invoking: MCU GCC Compiler
/home/niks/stm32workspace/stm32f0308-disco_stdperiph_lib/Debug
arm-none-eabi-gcc -mcpu=cortex-m0 -mthumb -mfloat-abi=soft -DSTM32F0 -DSTM32F0308_DISCO -DSTM32F030R8Tx -DSTM32 -DUSE_STDPERIPH_DRIVER -DSTM32F030 -I"/home/niks/stm32workspace/stm32f0308-disco_stdperiph_lib/StdPeriph_Driver/inc" -I"/home/niks/stm32workspace/stm32f0308-disco_stdperiph_lib/CMSIS/device" -I"/home/niks/stm32workspace/stm32f0308-disco_stdperiph_lib/CMSIS/core" -I"/home/niks/stm32workspace/stm32f0308-disco_stdperiph_lib/Utilities" -O0 -g3 -Wall -fmessage-length=0 -ffunction-sections -c -MMD -MP -MF"StdPeriph_Driver/src/stm32f0xx_rcc.d" -MT"StdPeriph_Driver/src/stm32f0xx_rcc.o" -o "StdPeriph_Driver/src/stm32f0xx_rcc.o" "../StdPeriph_Driver/src/stm32f0xx_rcc.c"
Finished building: ../StdPeriph_Driver/src/stm32f0xx_rcc.c
 
Building file: ../StdPeriph_Driver/src/stm32f0xx_rtc.c
Invoking: MCU GCC Compiler
/home/niks/stm32workspace/stm32f0308-disco_stdperiph_lib/Debug
arm-none-eabi-gcc -mcpu=cortex-m0 -mthumb -mfloat-abi=soft -DSTM32F0 -DSTM32F0308_DISCO -DSTM32F030R8Tx -DSTM32 -DUSE_STDPERIPH_DRIVER -DSTM32F030 -I"/home/niks/stm32workspace/stm32f0308-disco_stdperiph_lib/StdPeriph_Driver/inc" -I"/home/niks/stm32workspace/stm32f0308-disco_stdperiph_lib/CMSIS/device" -I"/home/niks/stm32workspace/stm32f0308-disco_stdperiph_lib/CMSIS/core" -I"/home/niks/stm32workspace/stm32f0308-disco_stdperiph_lib/Utilities" -O0 -g3 -Wall -fmessage-length=0 -ffunction-sections -c -MMD -MP -MF"StdPeriph_Driver/src/stm32f0xx_rtc.d" -MT"StdPeriph_Driver/src/stm32f0xx_rtc.o" -o "StdPeriph_Driver/src/stm32f0xx_rtc.o" "../StdPeriph_Driver/src/stm32f0xx_rtc.c"
Finished building: ../StdPeriph_Driver/src/stm32f0xx_rtc.c
 
Building file: ../StdPeriph_Driver/src/stm32f0xx_spi.c
Invoking: MCU GCC Compiler
/home/niks/stm32workspace/stm32f0308-disco_stdperiph_lib/Debug
arm-none-eabi-gcc -mcpu=cortex-m0 -mthumb -mfloat-abi=soft -DSTM32F0 -DSTM32F0308_DISCO -DSTM32F030R8Tx -DSTM32 -DUSE_STDPERIPH_DRIVER -DSTM32F030 -I"/home/niks/stm32workspace/stm32f0308-disco_stdperiph_lib/StdPeriph_Driver/inc" -I"/home/niks/stm32workspace/stm32f0308-disco_stdperiph_lib/CMSIS/device" -I"/home/niks/stm32workspace/stm32f0308-disco_stdperiph_lib/CMSIS/core" -I"/home/niks/stm32workspace/stm32f0308-disco_stdperiph_lib/Utilities" -O0 -g3 -Wall -fmessage-length=0 -ffunction-sections -c -MMD -MP -MF"StdPeriph_Driver/src/stm32f0xx_spi.d" -MT"StdPeriph_Driver/src/stm32f0xx_spi.o" -o "StdPeriph_Driver/src/stm32f0xx_spi.o" "../StdPeriph_Driver/src/stm32f0xx_spi.c"
Finished building: ../StdPeriph_Driver/src/stm32f0xx_spi.c
 
Building file: ../StdPeriph_Driver/src/stm32f0xx_syscfg.c
Invoking: MCU GCC Compiler
/home/niks/stm32workspace/stm32f0308-disco_stdperiph_lib/Debug
arm-none-eabi-gcc -mcpu=cortex-m0 -mthumb -mfloat-abi=soft -DSTM32F0 -DSTM32F0308_DISCO -DSTM32F030R8Tx -DSTM32 -DUSE_STDPERIPH_DRIVER -DSTM32F030 -I"/home/niks/stm32workspace/stm32f0308-disco_stdperiph_lib/StdPeriph_Driver/inc" -I"/home/niks/stm32workspace/stm32f0308-disco_stdperiph_lib/CMSIS/device" -I"/home/niks/stm32workspace/stm32f0308-disco_stdperiph_lib/CMSIS/core" -I"/home/niks/stm32workspace/stm32f0308-disco_stdperiph_lib/Utilities" -O0 -g3 -Wall -fmessage-length=0 -ffunction-sections -c -MMD -MP -MF"StdPeriph_Driver/src/stm32f0xx_syscfg.d" -MT"StdPeriph_Driver/src/stm32f0xx_syscfg.o" -o "StdPeriph_Driver/src/stm32f0xx_syscfg.o" "../StdPeriph_Driver/src/stm32f0xx_syscfg.c"
Finished building: ../StdPeriph_Driver/src/stm32f0xx_syscfg.c
 
Building file: ../StdPeriph_Driver/src/stm32f0xx_tim.c
Invoking: MCU GCC Compiler
/home/niks/stm32workspace/stm32f0308-disco_stdperiph_lib/Debug
arm-none-eabi-gcc -mcpu=cortex-m0 -mthumb -mfloat-abi=soft -DSTM32F0 -DSTM32F0308_DISCO -DSTM32F030R8Tx -DSTM32 -DUSE_STDPERIPH_DRIVER -DSTM32F030 -I"/home/niks/stm32workspace/stm32f0308-disco_stdperiph_lib/StdPeriph_Driver/inc" -I"/home/niks/stm32workspace/stm32f0308-disco_stdperiph_lib/CMSIS/device" -I"/home/niks/stm32workspace/stm32f0308-disco_stdperiph_lib/CMSIS/core" -I"/home/niks/stm32workspace/stm32f0308-disco_stdperiph_lib/Utilities" -O0 -g3 -Wall -fmessage-length=0 -ffunction-sections -c -MMD -MP -MF"StdPeriph_Driver/src/stm32f0xx_tim.d" -MT"StdPeriph_Driver/src/stm32f0xx_tim.o" -o "StdPeriph_Driver/src/stm32f0xx_tim.o" "../StdPeriph_Driver/src/stm32f0xx_tim.c"
Finished building: ../StdPeriph_Driver/src/stm32f0xx_tim.c
 
Building file: ../StdPeriph_Driver/src/stm32f0xx_usart.c
Invoking: MCU GCC Compiler
/home/niks/stm32workspace/stm32f0308-disco_stdperiph_lib/Debug
arm-none-eabi-gcc -mcpu=cortex-m0 -mthumb -mfloat-abi=soft -DSTM32F0 -DSTM32F0308_DISCO -DSTM32F030R8Tx -DSTM32 -DUSE_STDPERIPH_DRIVER -DSTM32F030 -I"/home/niks/stm32workspace/stm32f0308-disco_stdperiph_lib/StdPeriph_Driver/inc" -I"/home/niks/stm32workspace/stm32f0308-disco_stdperiph_lib/CMSIS/device" -I"/home/niks/stm32workspace/stm32f0308-disco_stdperiph_lib/CMSIS/core" -I"/home/niks/stm32workspace/stm32f0308-disco_stdperiph_lib/Utilities" -O0 -g3 -Wall -fmessage-length=0 -ffunction-sections -c -MMD -MP -MF"StdPeriph_Driver/src/stm32f0xx_usart.d" -MT"StdPeriph_Driver/src/stm32f0xx_usart.o" -o "StdPeriph_Driver/src/stm32f0xx_usart.o" "../StdPeriph_Driver/src/stm32f0xx_usart.c"
Finished building: ../StdPeriph_Driver/src/stm32f0xx_usart.c
 
Building file: ../StdPeriph_Driver/src/stm32f0xx_wwdg.c
Invoking: MCU GCC Compiler
/home/niks/stm32workspace/stm32f0308-disco_stdperiph_lib/Debug
arm-none-eabi-gcc -mcpu=cortex-m0 -mthumb -mfloat-abi=soft -DSTM32F0 -DSTM32F0308_DISCO -DSTM32F030R8Tx -DSTM32 -DUSE_STDPERIPH_DRIVER -DSTM32F030 -I"/home/niks/stm32workspace/stm32f0308-disco_stdperiph_lib/StdPeriph_Driver/inc" -I"/home/niks/stm32workspace/stm32f0308-disco_stdperiph_lib/CMSIS/device" -I"/home/niks/stm32workspace/stm32f0308-disco_stdperiph_lib/CMSIS/core" -I"/home/niks/stm32workspace/stm32f0308-disco_stdperiph_lib/Utilities" -O0 -g3 -Wall -fmessage-length=0 -ffunction-sections -c -MMD -MP -MF"StdPeriph_Driver/src/stm32f0xx_wwdg.d" -MT"StdPeriph_Driver/src/stm32f0xx_wwdg.o" -o "StdPeriph_Driver/src/stm32f0xx_wwdg.o" "../StdPeriph_Driver/src/stm32f0xx_wwdg.c"
Finished building: ../StdPeriph_Driver/src/stm32f0xx_wwdg.c
 
Building target: libstm32f0308-disco_stdperiph_lib.a
Invoking: MCU GCC Archiver
arm-none-eabi-ar -r  "libstm32f0308-disco_stdperiph_lib.a" @"objects.list"  
arm-none-eabi-ar: creating libstm32f0308-disco_stdperiph_lib.a
Finished building target: libstm32f0308-disco_stdperiph_lib.a
 
18:49:09 **** Build of configuration Debug for project brushlessControl ****
make all 
Building target: brushlessControl.elf
Invoking: MCU GCC Linker
arm-none-eabi-gcc -mcpu=cortex-m0 -mthumb -mfloat-abi=soft -L"/home/niks/stm32workspace/stm32f0308-disco_stdperiph_lib/Debug" -T"/home/niks/stm32workspace/brushlessControl/LinkerScript.ld" -Wl,-Map=output.map -Wl,--gc-sections -lm -o "brushlessControl.elf" @"objects.list"  -lstm32f0308-disco_stdperiph_lib
Finished building target: brushlessControl.elf
 
make --no-print-directory post-build
Generating binary and Printing size information:
arm-none-eabi-objcopy -O binary "brushlessControl.elf" "brushlessControl.bin"
arm-none-eabi-size "brushlessControl.elf"
   text	   data	    bss	    dec	    hex	filename
   3768	   1076	   1568	   6412	   190c	brushlessControl.elf
 
18:49:19 **** Incremental Build of configuration Debug for project stm32f0308-disco_stdperiph_lib ****
make all 
make: Nothing to be done for 'all'.
18:49:19 **** Incremental Build of configuration Debug for project brushlessControl ****
make all 
make: Nothing to be done for 'all'.
