09:52:57 **** Clean-only build of configuration Debug for project stm32f0discovery_stdperiph_lib ****
make clean 
rm -rf *
 
09:52:57 **** Clean-only build of configuration Debug for project FileSyst ****
make clean 
rm -rf *
 
11:15:42 **** Build of configuration Debug for project completeTransmitter ****
make all 
make: Nothing to be done for 'all'.
11:22:03 **** Incremental Build of configuration Debug for project completeTransmitter ****
make all 
Building file: ../src/main.c
Invoking: MCU GCC Compiler
/home/niks/stm32workspace/completeTransmitter/Debug
arm-none-eabi-gcc -mcpu=cortex-m0 -mthumb -mfloat-abi=soft -DSTM32F051R8Tx -DSTM32F0 -DSTM32 -DSTM32F0DISCOVERY -DDEBUG -DUSE_STDPERIPH_DRIVER -DSTM32F051 -I"/home/niks/stm32workspace/completeTransmitter/inc" -I"/home/niks/stm32workspace/completeTransmitter/CMSIS/core" -I"/home/niks/stm32workspace/completeTransmitter/CMSIS/device" -I"/home/niks/stm32workspace/completeTransmitter/Utilities" -I"/home/niks/stm32workspace/completeTransmitter/StdPeriph_Driver/inc" -O0 -g3 -Wall -fmessage-length=0 -ffunction-sections -c -MMD -MP -MF"src/main.d" -MT"src/main.o" -o "src/main.o" "../src/main.c"
Finished building: ../src/main.c
 
Building target: completeTransmitter.elf
Invoking: MCU GCC Linker
arm-none-eabi-gcc -mcpu=cortex-m0 -mthumb -mfloat-abi=soft -T"/home/niks/stm32workspace/completeTransmitter/LinkerScript.ld" -Wl,-Map=output.map -Wl,--gc-sections -lm -o "completeTransmitter.elf" @"objects.list"  
Finished building target: completeTransmitter.elf
 
make --no-print-directory post-build
Generating binary and Printing size information:
arm-none-eabi-objcopy -O binary "completeTransmitter.elf" "completeTransmitter.bin"
arm-none-eabi-size "completeTransmitter.elf"
   text	   data	    bss	    dec	    hex	filename
  46776	   2204	    600	  49580	   c1ac	completeTransmitter.elf
 
13:22:16 **** Build of configuration Debug for project completeTransmitter ****
make all 
Building file: ../src/main.c
Invoking: MCU GCC Compiler
/home/niks/stm32workspace/completeTransmitter/Debug
arm-none-eabi-gcc -mcpu=cortex-m0 -mthumb -mfloat-abi=soft -DSTM32F051R8Tx -DSTM32F0 -DSTM32 -DSTM32F0DISCOVERY -DDEBUG -DUSE_STDPERIPH_DRIVER -DSTM32F051 -I"/home/niks/stm32workspace/completeTransmitter/inc" -I"/home/niks/stm32workspace/completeTransmitter/CMSIS/core" -I"/home/niks/stm32workspace/completeTransmitter/CMSIS/device" -I"/home/niks/stm32workspace/completeTransmitter/Utilities" -I"/home/niks/stm32workspace/completeTransmitter/StdPeriph_Driver/inc" -O0 -g3 -Wall -fmessage-length=0 -ffunction-sections -c -MMD -MP -MF"src/main.d" -MT"src/main.o" -o "src/main.o" "../src/main.c"
Finished building: ../src/main.c
 
Building target: completeTransmitter.elf
Invoking: MCU GCC Linker
arm-none-eabi-gcc -mcpu=cortex-m0 -mthumb -mfloat-abi=soft -T"/home/niks/stm32workspace/completeTransmitter/LinkerScript.ld" -Wl,-Map=output.map -Wl,--gc-sections -lm -o "completeTransmitter.elf" @"objects.list"  
Finished building target: completeTransmitter.elf
 
make --no-print-directory post-build
Generating binary and Printing size information:
arm-none-eabi-objcopy -O binary "completeTransmitter.elf" "completeTransmitter.bin"
arm-none-eabi-size "completeTransmitter.elf"
   text	   data	    bss	    dec	    hex	filename
  46760	   2204	    600	  49564	   c19c	completeTransmitter.elf
 
13:22:17 **** Incremental Build of configuration Debug for project stm32f0discovery_stdperiph_lib ****
make all 
Building file: ../Utilities/stm32f0_discovery.c
Invoking: MCU GCC Compiler
/home/niks/stm32workspace/stm32f0discovery_stdperiph_lib/Debug
arm-none-eabi-gcc -mcpu=cortex-m0 -mthumb -mfloat-abi=soft -DSTM32F051R8Tx -DSTM32F0 -DSTM32 -DSTM32F0DISCOVERY -DUSE_STDPERIPH_DRIVER -DSTM32F051 -I"/home/niks/stm32workspace/stm32f0discovery_stdperiph_lib/StdPeriph_Driver/inc" -I"/home/niks/stm32workspace/stm32f0discovery_stdperiph_lib/CMSIS/device" -I"/home/niks/stm32workspace/stm32f0discovery_stdperiph_lib/CMSIS/core" -I"/home/niks/stm32workspace/stm32f0discovery_stdperiph_lib/Utilities" -O0 -g3 -Wall -fmessage-length=0 -ffunction-sections -c -MMD -MP -MF"Utilities/stm32f0_discovery.d" -MT"Utilities/stm32f0_discovery.o" -o "Utilities/stm32f0_discovery.o" "../Utilities/stm32f0_discovery.c"
Finished building: ../Utilities/stm32f0_discovery.c
 
Building file: ../StdPeriph_Driver/src/stm32f0xx_adc.c
Invoking: MCU GCC Compiler
/home/niks/stm32workspace/stm32f0discovery_stdperiph_lib/Debug
arm-none-eabi-gcc -mcpu=cortex-m0 -mthumb -mfloat-abi=soft -DSTM32F051R8Tx -DSTM32F0 -DSTM32 -DSTM32F0DISCOVERY -DUSE_STDPERIPH_DRIVER -DSTM32F051 -I"/home/niks/stm32workspace/stm32f0discovery_stdperiph_lib/StdPeriph_Driver/inc" -I"/home/niks/stm32workspace/stm32f0discovery_stdperiph_lib/CMSIS/device" -I"/home/niks/stm32workspace/stm32f0discovery_stdperiph_lib/CMSIS/core" -I"/home/niks/stm32workspace/stm32f0discovery_stdperiph_lib/Utilities" -O0 -g3 -Wall -fmessage-length=0 -ffunction-sections -c -MMD -MP -MF"StdPeriph_Driver/src/stm32f0xx_adc.d" -MT"StdPeriph_Driver/src/stm32f0xx_adc.o" -o "StdPeriph_Driver/src/stm32f0xx_adc.o" "../StdPeriph_Driver/src/stm32f0xx_adc.c"
Finished building: ../StdPeriph_Driver/src/stm32f0xx_adc.c
 
Building file: ../StdPeriph_Driver/src/stm32f0xx_cec.c
Invoking: MCU GCC Compiler
/home/niks/stm32workspace/stm32f0discovery_stdperiph_lib/Debug
arm-none-eabi-gcc -mcpu=cortex-m0 -mthumb -mfloat-abi=soft -DSTM32F051R8Tx -DSTM32F0 -DSTM32 -DSTM32F0DISCOVERY -DUSE_STDPERIPH_DRIVER -DSTM32F051 -I"/home/niks/stm32workspace/stm32f0discovery_stdperiph_lib/StdPeriph_Driver/inc" -I"/home/niks/stm32workspace/stm32f0discovery_stdperiph_lib/CMSIS/device" -I"/home/niks/stm32workspace/stm32f0discovery_stdperiph_lib/CMSIS/core" -I"/home/niks/stm32workspace/stm32f0discovery_stdperiph_lib/Utilities" -O0 -g3 -Wall -fmessage-length=0 -ffunction-sections -c -MMD -MP -MF"StdPeriph_Driver/src/stm32f0xx_cec.d" -MT"StdPeriph_Driver/src/stm32f0xx_cec.o" -o "StdPeriph_Driver/src/stm32f0xx_cec.o" "../StdPeriph_Driver/src/stm32f0xx_cec.c"
Finished building: ../StdPeriph_Driver/src/stm32f0xx_cec.c
 
Building file: ../StdPeriph_Driver/src/stm32f0xx_comp.c
Invoking: MCU GCC Compiler
/home/niks/stm32workspace/stm32f0discovery_stdperiph_lib/Debug
arm-none-eabi-gcc -mcpu=cortex-m0 -mthumb -mfloat-abi=soft -DSTM32F051R8Tx -DSTM32F0 -DSTM32 -DSTM32F0DISCOVERY -DUSE_STDPERIPH_DRIVER -DSTM32F051 -I"/home/niks/stm32workspace/stm32f0discovery_stdperiph_lib/StdPeriph_Driver/inc" -I"/home/niks/stm32workspace/stm32f0discovery_stdperiph_lib/CMSIS/device" -I"/home/niks/stm32workspace/stm32f0discovery_stdperiph_lib/CMSIS/core" -I"/home/niks/stm32workspace/stm32f0discovery_stdperiph_lib/Utilities" -O0 -g3 -Wall -fmessage-length=0 -ffunction-sections -c -MMD -MP -MF"StdPeriph_Driver/src/stm32f0xx_comp.d" -MT"StdPeriph_Driver/src/stm32f0xx_comp.o" -o "StdPeriph_Driver/src/stm32f0xx_comp.o" "../StdPeriph_Driver/src/stm32f0xx_comp.c"
Finished building: ../StdPeriph_Driver/src/stm32f0xx_comp.c
 
Building file: ../StdPeriph_Driver/src/stm32f0xx_crc.c
Invoking: MCU GCC Compiler
/home/niks/stm32workspace/stm32f0discovery_stdperiph_lib/Debug
arm-none-eabi-gcc -mcpu=cortex-m0 -mthumb -mfloat-abi=soft -DSTM32F051R8Tx -DSTM32F0 -DSTM32 -DSTM32F0DISCOVERY -DUSE_STDPERIPH_DRIVER -DSTM32F051 -I"/home/niks/stm32workspace/stm32f0discovery_stdperiph_lib/StdPeriph_Driver/inc" -I"/home/niks/stm32workspace/stm32f0discovery_stdperiph_lib/CMSIS/device" -I"/home/niks/stm32workspace/stm32f0discovery_stdperiph_lib/CMSIS/core" -I"/home/niks/stm32workspace/stm32f0discovery_stdperiph_lib/Utilities" -O0 -g3 -Wall -fmessage-length=0 -ffunction-sections -c -MMD -MP -MF"StdPeriph_Driver/src/stm32f0xx_crc.d" -MT"StdPeriph_Driver/src/stm32f0xx_crc.o" -o "StdPeriph_Driver/src/stm32f0xx_crc.o" "../StdPeriph_Driver/src/stm32f0xx_crc.c"
Finished building: ../StdPeriph_Driver/src/stm32f0xx_crc.c
 
Building file: ../StdPeriph_Driver/src/stm32f0xx_dac.c
Invoking: MCU GCC Compiler
/home/niks/stm32workspace/stm32f0discovery_stdperiph_lib/Debug
arm-none-eabi-gcc -mcpu=cortex-m0 -mthumb -mfloat-abi=soft -DSTM32F051R8Tx -DSTM32F0 -DSTM32 -DSTM32F0DISCOVERY -DUSE_STDPERIPH_DRIVER -DSTM32F051 -I"/home/niks/stm32workspace/stm32f0discovery_stdperiph_lib/StdPeriph_Driver/inc" -I"/home/niks/stm32workspace/stm32f0discovery_stdperiph_lib/CMSIS/device" -I"/home/niks/stm32workspace/stm32f0discovery_stdperiph_lib/CMSIS/core" -I"/home/niks/stm32workspace/stm32f0discovery_stdperiph_lib/Utilities" -O0 -g3 -Wall -fmessage-length=0 -ffunction-sections -c -MMD -MP -MF"StdPeriph_Driver/src/stm32f0xx_dac.d" -MT"StdPeriph_Driver/src/stm32f0xx_dac.o" -o "StdPeriph_Driver/src/stm32f0xx_dac.o" "../StdPeriph_Driver/src/stm32f0xx_dac.c"
Finished building: ../StdPeriph_Driver/src/stm32f0xx_dac.c
 
Building file: ../StdPeriph_Driver/src/stm32f0xx_dbgmcu.c
Invoking: MCU GCC Compiler
/home/niks/stm32workspace/stm32f0discovery_stdperiph_lib/Debug
arm-none-eabi-gcc -mcpu=cortex-m0 -mthumb -mfloat-abi=soft -DSTM32F051R8Tx -DSTM32F0 -DSTM32 -DSTM32F0DISCOVERY -DUSE_STDPERIPH_DRIVER -DSTM32F051 -I"/home/niks/stm32workspace/stm32f0discovery_stdperiph_lib/StdPeriph_Driver/inc" -I"/home/niks/stm32workspace/stm32f0discovery_stdperiph_lib/CMSIS/device" -I"/home/niks/stm32workspace/stm32f0discovery_stdperiph_lib/CMSIS/core" -I"/home/niks/stm32workspace/stm32f0discovery_stdperiph_lib/Utilities" -O0 -g3 -Wall -fmessage-length=0 -ffunction-sections -c -MMD -MP -MF"StdPeriph_Driver/src/stm32f0xx_dbgmcu.d" -MT"StdPeriph_Driver/src/stm32f0xx_dbgmcu.o" -o "StdPeriph_Driver/src/stm32f0xx_dbgmcu.o" "../StdPeriph_Driver/src/stm32f0xx_dbgmcu.c"
Finished building: ../StdPeriph_Driver/src/stm32f0xx_dbgmcu.c
 
Building file: ../StdPeriph_Driver/src/stm32f0xx_dma.c
Invoking: MCU GCC Compiler
/home/niks/stm32workspace/stm32f0discovery_stdperiph_lib/Debug
arm-none-eabi-gcc -mcpu=cortex-m0 -mthumb -mfloat-abi=soft -DSTM32F051R8Tx -DSTM32F0 -DSTM32 -DSTM32F0DISCOVERY -DUSE_STDPERIPH_DRIVER -DSTM32F051 -I"/home/niks/stm32workspace/stm32f0discovery_stdperiph_lib/StdPeriph_Driver/inc" -I"/home/niks/stm32workspace/stm32f0discovery_stdperiph_lib/CMSIS/device" -I"/home/niks/stm32workspace/stm32f0discovery_stdperiph_lib/CMSIS/core" -I"/home/niks/stm32workspace/stm32f0discovery_stdperiph_lib/Utilities" -O0 -g3 -Wall -fmessage-length=0 -ffunction-sections -c -MMD -MP -MF"StdPeriph_Driver/src/stm32f0xx_dma.d" -MT"StdPeriph_Driver/src/stm32f0xx_dma.o" -o "StdPeriph_Driver/src/stm32f0xx_dma.o" "../StdPeriph_Driver/src/stm32f0xx_dma.c"
Finished building: ../StdPeriph_Driver/src/stm32f0xx_dma.c
 
Building file: ../StdPeriph_Driver/src/stm32f0xx_exti.c
Invoking: MCU GCC Compiler
/home/niks/stm32workspace/stm32f0discovery_stdperiph_lib/Debug
arm-none-eabi-gcc -mcpu=cortex-m0 -mthumb -mfloat-abi=soft -DSTM32F051R8Tx -DSTM32F0 -DSTM32 -DSTM32F0DISCOVERY -DUSE_STDPERIPH_DRIVER -DSTM32F051 -I"/home/niks/stm32workspace/stm32f0discovery_stdperiph_lib/StdPeriph_Driver/inc" -I"/home/niks/stm32workspace/stm32f0discovery_stdperiph_lib/CMSIS/device" -I"/home/niks/stm32workspace/stm32f0discovery_stdperiph_lib/CMSIS/core" -I"/home/niks/stm32workspace/stm32f0discovery_stdperiph_lib/Utilities" -O0 -g3 -Wall -fmessage-length=0 -ffunction-sections -c -MMD -MP -MF"StdPeriph_Driver/src/stm32f0xx_exti.d" -MT"StdPeriph_Driver/src/stm32f0xx_exti.o" -o "StdPeriph_Driver/src/stm32f0xx_exti.o" "../StdPeriph_Driver/src/stm32f0xx_exti.c"
Finished building: ../StdPeriph_Driver/src/stm32f0xx_exti.c
 
Building file: ../StdPeriph_Driver/src/stm32f0xx_flash.c
Invoking: MCU GCC Compiler
/home/niks/stm32workspace/stm32f0discovery_stdperiph_lib/Debug
arm-none-eabi-gcc -mcpu=cortex-m0 -mthumb -mfloat-abi=soft -DSTM32F051R8Tx -DSTM32F0 -DSTM32 -DSTM32F0DISCOVERY -DUSE_STDPERIPH_DRIVER -DSTM32F051 -I"/home/niks/stm32workspace/stm32f0discovery_stdperiph_lib/StdPeriph_Driver/inc" -I"/home/niks/stm32workspace/stm32f0discovery_stdperiph_lib/CMSIS/device" -I"/home/niks/stm32workspace/stm32f0discovery_stdperiph_lib/CMSIS/core" -I"/home/niks/stm32workspace/stm32f0discovery_stdperiph_lib/Utilities" -O0 -g3 -Wall -fmessage-length=0 -ffunction-sections -c -MMD -MP -MF"StdPeriph_Driver/src/stm32f0xx_flash.d" -MT"StdPeriph_Driver/src/stm32f0xx_flash.o" -o "StdPeriph_Driver/src/stm32f0xx_flash.o" "../StdPeriph_Driver/src/stm32f0xx_flash.c"
Finished building: ../StdPeriph_Driver/src/stm32f0xx_flash.c
 
Building file: ../StdPeriph_Driver/src/stm32f0xx_gpio.c
Invoking: MCU GCC Compiler
/home/niks/stm32workspace/stm32f0discovery_stdperiph_lib/Debug
arm-none-eabi-gcc -mcpu=cortex-m0 -mthumb -mfloat-abi=soft -DSTM32F051R8Tx -DSTM32F0 -DSTM32 -DSTM32F0DISCOVERY -DUSE_STDPERIPH_DRIVER -DSTM32F051 -I"/home/niks/stm32workspace/stm32f0discovery_stdperiph_lib/StdPeriph_Driver/inc" -I"/home/niks/stm32workspace/stm32f0discovery_stdperiph_lib/CMSIS/device" -I"/home/niks/stm32workspace/stm32f0discovery_stdperiph_lib/CMSIS/core" -I"/home/niks/stm32workspace/stm32f0discovery_stdperiph_lib/Utilities" -O0 -g3 -Wall -fmessage-length=0 -ffunction-sections -c -MMD -MP -MF"StdPeriph_Driver/src/stm32f0xx_gpio.d" -MT"StdPeriph_Driver/src/stm32f0xx_gpio.o" -o "StdPeriph_Driver/src/stm32f0xx_gpio.o" "../StdPeriph_Driver/src/stm32f0xx_gpio.c"
Finished building: ../StdPeriph_Driver/src/stm32f0xx_gpio.c
 
Building file: ../StdPeriph_Driver/src/stm32f0xx_i2c.c
Invoking: MCU GCC Compiler
/home/niks/stm32workspace/stm32f0discovery_stdperiph_lib/Debug
arm-none-eabi-gcc -mcpu=cortex-m0 -mthumb -mfloat-abi=soft -DSTM32F051R8Tx -DSTM32F0 -DSTM32 -DSTM32F0DISCOVERY -DUSE_STDPERIPH_DRIVER -DSTM32F051 -I"/home/niks/stm32workspace/stm32f0discovery_stdperiph_lib/StdPeriph_Driver/inc" -I"/home/niks/stm32workspace/stm32f0discovery_stdperiph_lib/CMSIS/device" -I"/home/niks/stm32workspace/stm32f0discovery_stdperiph_lib/CMSIS/core" -I"/home/niks/stm32workspace/stm32f0discovery_stdperiph_lib/Utilities" -O0 -g3 -Wall -fmessage-length=0 -ffunction-sections -c -MMD -MP -MF"StdPeriph_Driver/src/stm32f0xx_i2c.d" -MT"StdPeriph_Driver/src/stm32f0xx_i2c.o" -o "StdPeriph_Driver/src/stm32f0xx_i2c.o" "../StdPeriph_Driver/src/stm32f0xx_i2c.c"
Finished building: ../StdPeriph_Driver/src/stm32f0xx_i2c.c
 
Building file: ../StdPeriph_Driver/src/stm32f0xx_iwdg.c
Invoking: MCU GCC Compiler
/home/niks/stm32workspace/stm32f0discovery_stdperiph_lib/Debug
arm-none-eabi-gcc -mcpu=cortex-m0 -mthumb -mfloat-abi=soft -DSTM32F051R8Tx -DSTM32F0 -DSTM32 -DSTM32F0DISCOVERY -DUSE_STDPERIPH_DRIVER -DSTM32F051 -I"/home/niks/stm32workspace/stm32f0discovery_stdperiph_lib/StdPeriph_Driver/inc" -I"/home/niks/stm32workspace/stm32f0discovery_stdperiph_lib/CMSIS/device" -I"/home/niks/stm32workspace/stm32f0discovery_stdperiph_lib/CMSIS/core" -I"/home/niks/stm32workspace/stm32f0discovery_stdperiph_lib/Utilities" -O0 -g3 -Wall -fmessage-length=0 -ffunction-sections -c -MMD -MP -MF"StdPeriph_Driver/src/stm32f0xx_iwdg.d" -MT"StdPeriph_Driver/src/stm32f0xx_iwdg.o" -o "StdPeriph_Driver/src/stm32f0xx_iwdg.o" "../StdPeriph_Driver/src/stm32f0xx_iwdg.c"
Finished building: ../StdPeriph_Driver/src/stm32f0xx_iwdg.c
 
Building file: ../StdPeriph_Driver/src/stm32f0xx_misc.c
Invoking: MCU GCC Compiler
/home/niks/stm32workspace/stm32f0discovery_stdperiph_lib/Debug
arm-none-eabi-gcc -mcpu=cortex-m0 -mthumb -mfloat-abi=soft -DSTM32F051R8Tx -DSTM32F0 -DSTM32 -DSTM32F0DISCOVERY -DUSE_STDPERIPH_DRIVER -DSTM32F051 -I"/home/niks/stm32workspace/stm32f0discovery_stdperiph_lib/StdPeriph_Driver/inc" -I"/home/niks/stm32workspace/stm32f0discovery_stdperiph_lib/CMSIS/device" -I"/home/niks/stm32workspace/stm32f0discovery_stdperiph_lib/CMSIS/core" -I"/home/niks/stm32workspace/stm32f0discovery_stdperiph_lib/Utilities" -O0 -g3 -Wall -fmessage-length=0 -ffunction-sections -c -MMD -MP -MF"StdPeriph_Driver/src/stm32f0xx_misc.d" -MT"StdPeriph_Driver/src/stm32f0xx_misc.o" -o "StdPeriph_Driver/src/stm32f0xx_misc.o" "../StdPeriph_Driver/src/stm32f0xx_misc.c"
Finished building: ../StdPeriph_Driver/src/stm32f0xx_misc.c
 
Building file: ../StdPeriph_Driver/src/stm32f0xx_pwr.c
Invoking: MCU GCC Compiler
/home/niks/stm32workspace/stm32f0discovery_stdperiph_lib/Debug
arm-none-eabi-gcc -mcpu=cortex-m0 -mthumb -mfloat-abi=soft -DSTM32F051R8Tx -DSTM32F0 -DSTM32 -DSTM32F0DISCOVERY -DUSE_STDPERIPH_DRIVER -DSTM32F051 -I"/home/niks/stm32workspace/stm32f0discovery_stdperiph_lib/StdPeriph_Driver/inc" -I"/home/niks/stm32workspace/stm32f0discovery_stdperiph_lib/CMSIS/device" -I"/home/niks/stm32workspace/stm32f0discovery_stdperiph_lib/CMSIS/core" -I"/home/niks/stm32workspace/stm32f0discovery_stdperiph_lib/Utilities" -O0 -g3 -Wall -fmessage-length=0 -ffunction-sections -c -MMD -MP -MF"StdPeriph_Driver/src/stm32f0xx_pwr.d" -MT"StdPeriph_Driver/src/stm32f0xx_pwr.o" -o "StdPeriph_Driver/src/stm32f0xx_pwr.o" "../StdPeriph_Driver/src/stm32f0xx_pwr.c"
Finished building: ../StdPeriph_Driver/src/stm32f0xx_pwr.c
 
Building file: ../StdPeriph_Driver/src/stm32f0xx_rcc.c
Invoking: MCU GCC Compiler
/home/niks/stm32workspace/stm32f0discovery_stdperiph_lib/Debug
arm-none-eabi-gcc -mcpu=cortex-m0 -mthumb -mfloat-abi=soft -DSTM32F051R8Tx -DSTM32F0 -DSTM32 -DSTM32F0DISCOVERY -DUSE_STDPERIPH_DRIVER -DSTM32F051 -I"/home/niks/stm32workspace/stm32f0discovery_stdperiph_lib/StdPeriph_Driver/inc" -I"/home/niks/stm32workspace/stm32f0discovery_stdperiph_lib/CMSIS/device" -I"/home/niks/stm32workspace/stm32f0discovery_stdperiph_lib/CMSIS/core" -I"/home/niks/stm32workspace/stm32f0discovery_stdperiph_lib/Utilities" -O0 -g3 -Wall -fmessage-length=0 -ffunction-sections -c -MMD -MP -MF"StdPeriph_Driver/src/stm32f0xx_rcc.d" -MT"StdPeriph_Driver/src/stm32f0xx_rcc.o" -o "StdPeriph_Driver/src/stm32f0xx_rcc.o" "../StdPeriph_Driver/src/stm32f0xx_rcc.c"
Finished building: ../StdPeriph_Driver/src/stm32f0xx_rcc.c
 
Building file: ../StdPeriph_Driver/src/stm32f0xx_rtc.c
Invoking: MCU GCC Compiler
/home/niks/stm32workspace/stm32f0discovery_stdperiph_lib/Debug
arm-none-eabi-gcc -mcpu=cortex-m0 -mthumb -mfloat-abi=soft -DSTM32F051R8Tx -DSTM32F0 -DSTM32 -DSTM32F0DISCOVERY -DUSE_STDPERIPH_DRIVER -DSTM32F051 -I"/home/niks/stm32workspace/stm32f0discovery_stdperiph_lib/StdPeriph_Driver/inc" -I"/home/niks/stm32workspace/stm32f0discovery_stdperiph_lib/CMSIS/device" -I"/home/niks/stm32workspace/stm32f0discovery_stdperiph_lib/CMSIS/core" -I"/home/niks/stm32workspace/stm32f0discovery_stdperiph_lib/Utilities" -O0 -g3 -Wall -fmessage-length=0 -ffunction-sections -c -MMD -MP -MF"StdPeriph_Driver/src/stm32f0xx_rtc.d" -MT"StdPeriph_Driver/src/stm32f0xx_rtc.o" -o "StdPeriph_Driver/src/stm32f0xx_rtc.o" "../StdPeriph_Driver/src/stm32f0xx_rtc.c"
../StdPeriph_Driver/src/stm32f0xx_rtc.c: In function 'RTC_DeInit':
../StdPeriph_Driver/src/stm32f0xx_rtc.c:311:17: warning: unused variable 'wutcounter' [-Wunused-variable]
   __IO uint32_t wutcounter = 0x00;
                 ^
Finished building: ../StdPeriph_Driver/src/stm32f0xx_rtc.c
 
Building file: ../StdPeriph_Driver/src/stm32f0xx_spi.c
Invoking: MCU GCC Compiler
/home/niks/stm32workspace/stm32f0discovery_stdperiph_lib/Debug
arm-none-eabi-gcc -mcpu=cortex-m0 -mthumb -mfloat-abi=soft -DSTM32F051R8Tx -DSTM32F0 -DSTM32 -DSTM32F0DISCOVERY -DUSE_STDPERIPH_DRIVER -DSTM32F051 -I"/home/niks/stm32workspace/stm32f0discovery_stdperiph_lib/StdPeriph_Driver/inc" -I"/home/niks/stm32workspace/stm32f0discovery_stdperiph_lib/CMSIS/device" -I"/home/niks/stm32workspace/stm32f0discovery_stdperiph_lib/CMSIS/core" -I"/home/niks/stm32workspace/stm32f0discovery_stdperiph_lib/Utilities" -O0 -g3 -Wall -fmessage-length=0 -ffunction-sections -c -MMD -MP -MF"StdPeriph_Driver/src/stm32f0xx_spi.d" -MT"StdPeriph_Driver/src/stm32f0xx_spi.o" -o "StdPeriph_Driver/src/stm32f0xx_spi.o" "../StdPeriph_Driver/src/stm32f0xx_spi.c"
Finished building: ../StdPeriph_Driver/src/stm32f0xx_spi.c
 
Building file: ../StdPeriph_Driver/src/stm32f0xx_syscfg.c
Invoking: MCU GCC Compiler
/home/niks/stm32workspace/stm32f0discovery_stdperiph_lib/Debug
arm-none-eabi-gcc -mcpu=cortex-m0 -mthumb -mfloat-abi=soft -DSTM32F051R8Tx -DSTM32F0 -DSTM32 -DSTM32F0DISCOVERY -DUSE_STDPERIPH_DRIVER -DSTM32F051 -I"/home/niks/stm32workspace/stm32f0discovery_stdperiph_lib/StdPeriph_Driver/inc" -I"/home/niks/stm32workspace/stm32f0discovery_stdperiph_lib/CMSIS/device" -I"/home/niks/stm32workspace/stm32f0discovery_stdperiph_lib/CMSIS/core" -I"/home/niks/stm32workspace/stm32f0discovery_stdperiph_lib/Utilities" -O0 -g3 -Wall -fmessage-length=0 -ffunction-sections -c -MMD -MP -MF"StdPeriph_Driver/src/stm32f0xx_syscfg.d" -MT"StdPeriph_Driver/src/stm32f0xx_syscfg.o" -o "StdPeriph_Driver/src/stm32f0xx_syscfg.o" "../StdPeriph_Driver/src/stm32f0xx_syscfg.c"
Finished building: ../StdPeriph_Driver/src/stm32f0xx_syscfg.c
 
Building file: ../StdPeriph_Driver/src/stm32f0xx_tim.c
Invoking: MCU GCC Compiler
/home/niks/stm32workspace/stm32f0discovery_stdperiph_lib/Debug
arm-none-eabi-gcc -mcpu=cortex-m0 -mthumb -mfloat-abi=soft -DSTM32F051R8Tx -DSTM32F0 -DSTM32 -DSTM32F0DISCOVERY -DUSE_STDPERIPH_DRIVER -DSTM32F051 -I"/home/niks/stm32workspace/stm32f0discovery_stdperiph_lib/StdPeriph_Driver/inc" -I"/home/niks/stm32workspace/stm32f0discovery_stdperiph_lib/CMSIS/device" -I"/home/niks/stm32workspace/stm32f0discovery_stdperiph_lib/CMSIS/core" -I"/home/niks/stm32workspace/stm32f0discovery_stdperiph_lib/Utilities" -O0 -g3 -Wall -fmessage-length=0 -ffunction-sections -c -MMD -MP -MF"StdPeriph_Driver/src/stm32f0xx_tim.d" -MT"StdPeriph_Driver/src/stm32f0xx_tim.o" -o "StdPeriph_Driver/src/stm32f0xx_tim.o" "../StdPeriph_Driver/src/stm32f0xx_tim.c"
Finished building: ../StdPeriph_Driver/src/stm32f0xx_tim.c
 
Building file: ../StdPeriph_Driver/src/stm32f0xx_usart.c
Invoking: MCU GCC Compiler
/home/niks/stm32workspace/stm32f0discovery_stdperiph_lib/Debug
arm-none-eabi-gcc -mcpu=cortex-m0 -mthumb -mfloat-abi=soft -DSTM32F051R8Tx -DSTM32F0 -DSTM32 -DSTM32F0DISCOVERY -DUSE_STDPERIPH_DRIVER -DSTM32F051 -I"/home/niks/stm32workspace/stm32f0discovery_stdperiph_lib/StdPeriph_Driver/inc" -I"/home/niks/stm32workspace/stm32f0discovery_stdperiph_lib/CMSIS/device" -I"/home/niks/stm32workspace/stm32f0discovery_stdperiph_lib/CMSIS/core" -I"/home/niks/stm32workspace/stm32f0discovery_stdperiph_lib/Utilities" -O0 -g3 -Wall -fmessage-length=0 -ffunction-sections -c -MMD -MP -MF"StdPeriph_Driver/src/stm32f0xx_usart.d" -MT"StdPeriph_Driver/src/stm32f0xx_usart.o" -o "StdPeriph_Driver/src/stm32f0xx_usart.o" "../StdPeriph_Driver/src/stm32f0xx_usart.c"
Finished building: ../StdPeriph_Driver/src/stm32f0xx_usart.c
 
Building file: ../StdPeriph_Driver/src/stm32f0xx_wwdg.c
Invoking: MCU GCC Compiler
/home/niks/stm32workspace/stm32f0discovery_stdperiph_lib/Debug
arm-none-eabi-gcc -mcpu=cortex-m0 -mthumb -mfloat-abi=soft -DSTM32F051R8Tx -DSTM32F0 -DSTM32 -DSTM32F0DISCOVERY -DUSE_STDPERIPH_DRIVER -DSTM32F051 -I"/home/niks/stm32workspace/stm32f0discovery_stdperiph_lib/StdPeriph_Driver/inc" -I"/home/niks/stm32workspace/stm32f0discovery_stdperiph_lib/CMSIS/device" -I"/home/niks/stm32workspace/stm32f0discovery_stdperiph_lib/CMSIS/core" -I"/home/niks/stm32workspace/stm32f0discovery_stdperiph_lib/Utilities" -O0 -g3 -Wall -fmessage-length=0 -ffunction-sections -c -MMD -MP -MF"StdPeriph_Driver/src/stm32f0xx_wwdg.d" -MT"StdPeriph_Driver/src/stm32f0xx_wwdg.o" -o "StdPeriph_Driver/src/stm32f0xx_wwdg.o" "../StdPeriph_Driver/src/stm32f0xx_wwdg.c"
Finished building: ../StdPeriph_Driver/src/stm32f0xx_wwdg.c
 
Building target: libstm32f0discovery_stdperiph_lib.a
Invoking: MCU GCC Archiver
arm-none-eabi-ar -r  "libstm32f0discovery_stdperiph_lib.a" @"objects.list"  
arm-none-eabi-ar: creating libstm32f0discovery_stdperiph_lib.a
Finished building target: libstm32f0discovery_stdperiph_lib.a
 
13:22:21 **** Incremental Build of configuration Debug for project completeTransmitter ****
make all 
make: Nothing to be done for 'all'.
13:54:33 **** Incremental Build of configuration Debug for project completeTransmitter ****
make all 
Building file: ../src/main.c
Invoking: MCU GCC Compiler
/home/niks/stm32workspace/completeTransmitter/Debug
arm-none-eabi-gcc -mcpu=cortex-m0 -mthumb -mfloat-abi=soft -DSTM32F051R8Tx -DSTM32F0 -DSTM32 -DSTM32F0DISCOVERY -DDEBUG -DUSE_STDPERIPH_DRIVER -DSTM32F051 -I"/home/niks/stm32workspace/completeTransmitter/inc" -I"/home/niks/stm32workspace/completeTransmitter/CMSIS/core" -I"/home/niks/stm32workspace/completeTransmitter/CMSIS/device" -I"/home/niks/stm32workspace/completeTransmitter/Utilities" -I"/home/niks/stm32workspace/completeTransmitter/StdPeriph_Driver/inc" -O0 -g3 -Wall -fmessage-length=0 -ffunction-sections -c -MMD -MP -MF"src/main.d" -MT"src/main.o" -o "src/main.o" "../src/main.c"
Finished building: ../src/main.c
 
Building target: completeTransmitter.elf
Invoking: MCU GCC Linker
arm-none-eabi-gcc -mcpu=cortex-m0 -mthumb -mfloat-abi=soft -T"/home/niks/stm32workspace/completeTransmitter/LinkerScript.ld" -Wl,-Map=output.map -Wl,--gc-sections -lm -o "completeTransmitter.elf" @"objects.list"  
Finished building target: completeTransmitter.elf
 
make --no-print-directory post-build
Generating binary and Printing size information:
arm-none-eabi-objcopy -O binary "completeTransmitter.elf" "completeTransmitter.bin"
arm-none-eabi-size "completeTransmitter.elf"
   text	   data	    bss	    dec	    hex	filename
  46776	   2204	    600	  49580	   c1ac	completeTransmitter.elf
 
13:54:33 **** Incremental Build of configuration Debug for project stm32f0discovery_stdperiph_lib ****
make all 
make: Nothing to be done for 'all'.
13:54:35 **** Incremental Build of configuration Debug for project completeTransmitter ****
make all 
make: Nothing to be done for 'all'.
14:06:46 **** Build of configuration Debug for project completeReceiver ****
make all 
Building file: ../src/main.c
Invoking: MCU GCC Compiler
/home/niks/stm32workspace/completeReceiver/Debug
arm-none-eabi-gcc -mcpu=cortex-m0 -mthumb -mfloat-abi=soft -DSTM32F051R8Tx -DSTM32F0 -DSTM32 -DSTM32F0DISCOVERY -DDEBUG -DUSE_STDPERIPH_DRIVER -DSTM32F051 -I"/home/niks/stm32workspace/completeReceiver/inc" -I"/home/niks/stm32workspace/completeReceiver/CMSIS/core" -I"/home/niks/stm32workspace/completeReceiver/CMSIS/device" -I"/home/niks/stm32workspace/completeReceiver/Utilities" -I"/home/niks/stm32workspace/completeReceiver/StdPeriph_Driver/inc" -O0 -g3 -Wall -fmessage-length=0 -ffunction-sections -c -MMD -MP -MF"src/main.d" -MT"src/main.o" -o "src/main.o" "../src/main.c"
In file included from ../src/main.c:16:0:
/home/niks/stm32workspace/completeReceiver/inc/MyStringFunctions.h:13:5: warning: conflicting types for built-in function 'pow'
 int pow(int base, int afterpoint);
     ^
../src/main.c: In function 'main':
../src/main.c:147:10: warning: variable 'AT_data' set but not used [-Wunused-but-set-variable]
  uint8_t AT_data[4];
          ^
../src/main.c:146:10: warning: variable 'commandStatus' set but not used [-Wunused-but-set-variable]
  uint8_t commandStatus;
          ^
Finished building: ../src/main.c
 
Building target: completeReceiver.elf
Invoking: MCU GCC Linker
arm-none-eabi-gcc -mcpu=cortex-m0 -mthumb -mfloat-abi=soft -T"/home/niks/stm32workspace/completeReceiver/LinkerScript.ld" -Wl,-Map=output.map -Wl,--gc-sections -lm -o "completeReceiver.elf" @"objects.list"  
Finished building target: completeReceiver.elf
 
make --no-print-directory post-build
Generating binary and Printing size information:
arm-none-eabi-objcopy -O binary "completeReceiver.elf" "completeReceiver.bin"
arm-none-eabi-size "completeReceiver.elf"
   text	   data	    bss	    dec	    hex	filename
  60208	   2204	    640	  63052	   f64c	completeReceiver.elf
 
14:06:49 **** Incremental Build of configuration Debug for project completeReceiver ****
make all 
make: Nothing to be done for 'all'.
14:06:49 **** Incremental Build of configuration Debug for project stm32f0discovery_stdperiph_lib ****
make all 
make: Nothing to be done for 'all'.
14:06:56 **** Incremental Build of configuration Debug for project completeReceiver ****
make all 
make: Nothing to be done for 'all'.
14:08:46 **** Incremental Build of configuration Debug for project completeReceiver ****
make all 
Building file: ../src/main.c
Invoking: MCU GCC Compiler
/home/niks/stm32workspace/completeReceiver/Debug
arm-none-eabi-gcc -mcpu=cortex-m0 -mthumb -mfloat-abi=soft -DSTM32F051R8Tx -DSTM32F0 -DSTM32 -DSTM32F0DISCOVERY -DDEBUG -DUSE_STDPERIPH_DRIVER -DSTM32F051 -I"/home/niks/stm32workspace/completeReceiver/inc" -I"/home/niks/stm32workspace/completeReceiver/CMSIS/core" -I"/home/niks/stm32workspace/completeReceiver/CMSIS/device" -I"/home/niks/stm32workspace/completeReceiver/Utilities" -I"/home/niks/stm32workspace/completeReceiver/StdPeriph_Driver/inc" -O0 -g3 -Wall -fmessage-length=0 -ffunction-sections -c -MMD -MP -MF"src/main.d" -MT"src/main.o" -o "src/main.o" "../src/main.c"
In file included from ../src/main.c:16:0:
/home/niks/stm32workspace/completeReceiver/inc/MyStringFunctions.h:13:5: warning: conflicting types for built-in function 'pow'
 int pow(int base, int afterpoint);
     ^
../src/main.c: In function 'main':
../src/main.c:147:10: warning: variable 'AT_data' set but not used [-Wunused-but-set-variable]
  uint8_t AT_data[4];
          ^
../src/main.c:146:10: warning: variable 'commandStatus' set but not used [-Wunused-but-set-variable]
  uint8_t commandStatus;
          ^
Finished building: ../src/main.c
 
Building target: completeReceiver.elf
Invoking: MCU GCC Linker
arm-none-eabi-gcc -mcpu=cortex-m0 -mthumb -mfloat-abi=soft -T"/home/niks/stm32workspace/completeReceiver/LinkerScript.ld" -Wl,-Map=output.map -Wl,--gc-sections -lm -o "completeReceiver.elf" @"objects.list"  
Finished building target: completeReceiver.elf
 
make --no-print-directory post-build
Generating binary and Printing size information:
arm-none-eabi-objcopy -O binary "completeReceiver.elf" "completeReceiver.bin"
arm-none-eabi-size "completeReceiver.elf"
   text	   data	    bss	    dec	    hex	filename
  60184	   2204	    640	  63028	   f634	completeReceiver.elf
 
14:08:46 **** Incremental Build of configuration Debug for project stm32f0discovery_stdperiph_lib ****
make all 
make: Nothing to be done for 'all'.
14:08:48 **** Incremental Build of configuration Debug for project completeReceiver ****
make all 
make: Nothing to be done for 'all'.
17:25:31 **** Incremental Build of configuration Debug for project stm32f0discovery_stdperiph_lib ****
make all 
Building file: ../Utilities/stm32f0_discovery.c
Invoking: MCU GCC Compiler
/home/niks/stm32workspace/stm32f0discovery_stdperiph_lib/Debug
arm-none-eabi-gcc -mcpu=cortex-m0 -mthumb -mfloat-abi=soft -DSTM32F051R8Tx -DSTM32F0 -DSTM32 -DSTM32F0DISCOVERY -DUSE_STDPERIPH_DRIVER -DSTM32F051 -I"/home/niks/stm32workspace/stm32f0discovery_stdperiph_lib/StdPeriph_Driver/inc" -I"/home/niks/stm32workspace/stm32f0discovery_stdperiph_lib/CMSIS/device" -I"/home/niks/stm32workspace/stm32f0discovery_stdperiph_lib/CMSIS/core" -I"/home/niks/stm32workspace/stm32f0discovery_stdperiph_lib/Utilities" -O0 -g3 -Wall -fmessage-length=0 -ffunction-sections -c -MMD -MP -MF"Utilities/stm32f0_discovery.d" -MT"Utilities/stm32f0_discovery.o" -o "Utilities/stm32f0_discovery.o" "../Utilities/stm32f0_discovery.c"
Finished building: ../Utilities/stm32f0_discovery.c
 
Building file: ../StdPeriph_Driver/src/stm32f0xx_adc.c
Invoking: MCU GCC Compiler
/home/niks/stm32workspace/stm32f0discovery_stdperiph_lib/Debug
arm-none-eabi-gcc -mcpu=cortex-m0 -mthumb -mfloat-abi=soft -DSTM32F051R8Tx -DSTM32F0 -DSTM32 -DSTM32F0DISCOVERY -DUSE_STDPERIPH_DRIVER -DSTM32F051 -I"/home/niks/stm32workspace/stm32f0discovery_stdperiph_lib/StdPeriph_Driver/inc" -I"/home/niks/stm32workspace/stm32f0discovery_stdperiph_lib/CMSIS/device" -I"/home/niks/stm32workspace/stm32f0discovery_stdperiph_lib/CMSIS/core" -I"/home/niks/stm32workspace/stm32f0discovery_stdperiph_lib/Utilities" -O0 -g3 -Wall -fmessage-length=0 -ffunction-sections -c -MMD -MP -MF"StdPeriph_Driver/src/stm32f0xx_adc.d" -MT"StdPeriph_Driver/src/stm32f0xx_adc.o" -o "StdPeriph_Driver/src/stm32f0xx_adc.o" "../StdPeriph_Driver/src/stm32f0xx_adc.c"
Finished building: ../StdPeriph_Driver/src/stm32f0xx_adc.c
 
Building file: ../StdPeriph_Driver/src/stm32f0xx_cec.c
Invoking: MCU GCC Compiler
/home/niks/stm32workspace/stm32f0discovery_stdperiph_lib/Debug
arm-none-eabi-gcc -mcpu=cortex-m0 -mthumb -mfloat-abi=soft -DSTM32F051R8Tx -DSTM32F0 -DSTM32 -DSTM32F0DISCOVERY -DUSE_STDPERIPH_DRIVER -DSTM32F051 -I"/home/niks/stm32workspace/stm32f0discovery_stdperiph_lib/StdPeriph_Driver/inc" -I"/home/niks/stm32workspace/stm32f0discovery_stdperiph_lib/CMSIS/device" -I"/home/niks/stm32workspace/stm32f0discovery_stdperiph_lib/CMSIS/core" -I"/home/niks/stm32workspace/stm32f0discovery_stdperiph_lib/Utilities" -O0 -g3 -Wall -fmessage-length=0 -ffunction-sections -c -MMD -MP -MF"StdPeriph_Driver/src/stm32f0xx_cec.d" -MT"StdPeriph_Driver/src/stm32f0xx_cec.o" -o "StdPeriph_Driver/src/stm32f0xx_cec.o" "../StdPeriph_Driver/src/stm32f0xx_cec.c"
Finished building: ../StdPeriph_Driver/src/stm32f0xx_cec.c
 
Building file: ../StdPeriph_Driver/src/stm32f0xx_comp.c
Invoking: MCU GCC Compiler
/home/niks/stm32workspace/stm32f0discovery_stdperiph_lib/Debug
arm-none-eabi-gcc -mcpu=cortex-m0 -mthumb -mfloat-abi=soft -DSTM32F051R8Tx -DSTM32F0 -DSTM32 -DSTM32F0DISCOVERY -DUSE_STDPERIPH_DRIVER -DSTM32F051 -I"/home/niks/stm32workspace/stm32f0discovery_stdperiph_lib/StdPeriph_Driver/inc" -I"/home/niks/stm32workspace/stm32f0discovery_stdperiph_lib/CMSIS/device" -I"/home/niks/stm32workspace/stm32f0discovery_stdperiph_lib/CMSIS/core" -I"/home/niks/stm32workspace/stm32f0discovery_stdperiph_lib/Utilities" -O0 -g3 -Wall -fmessage-length=0 -ffunction-sections -c -MMD -MP -MF"StdPeriph_Driver/src/stm32f0xx_comp.d" -MT"StdPeriph_Driver/src/stm32f0xx_comp.o" -o "StdPeriph_Driver/src/stm32f0xx_comp.o" "../StdPeriph_Driver/src/stm32f0xx_comp.c"
Finished building: ../StdPeriph_Driver/src/stm32f0xx_comp.c
 
Building file: ../StdPeriph_Driver/src/stm32f0xx_crc.c
Invoking: MCU GCC Compiler
/home/niks/stm32workspace/stm32f0discovery_stdperiph_lib/Debug
arm-none-eabi-gcc -mcpu=cortex-m0 -mthumb -mfloat-abi=soft -DSTM32F051R8Tx -DSTM32F0 -DSTM32 -DSTM32F0DISCOVERY -DUSE_STDPERIPH_DRIVER -DSTM32F051 -I"/home/niks/stm32workspace/stm32f0discovery_stdperiph_lib/StdPeriph_Driver/inc" -I"/home/niks/stm32workspace/stm32f0discovery_stdperiph_lib/CMSIS/device" -I"/home/niks/stm32workspace/stm32f0discovery_stdperiph_lib/CMSIS/core" -I"/home/niks/stm32workspace/stm32f0discovery_stdperiph_lib/Utilities" -O0 -g3 -Wall -fmessage-length=0 -ffunction-sections -c -MMD -MP -MF"StdPeriph_Driver/src/stm32f0xx_crc.d" -MT"StdPeriph_Driver/src/stm32f0xx_crc.o" -o "StdPeriph_Driver/src/stm32f0xx_crc.o" "../StdPeriph_Driver/src/stm32f0xx_crc.c"
Finished building: ../StdPeriph_Driver/src/stm32f0xx_crc.c
 
Building file: ../StdPeriph_Driver/src/stm32f0xx_dac.c
Invoking: MCU GCC Compiler
/home/niks/stm32workspace/stm32f0discovery_stdperiph_lib/Debug
arm-none-eabi-gcc -mcpu=cortex-m0 -mthumb -mfloat-abi=soft -DSTM32F051R8Tx -DSTM32F0 -DSTM32 -DSTM32F0DISCOVERY -DUSE_STDPERIPH_DRIVER -DSTM32F051 -I"/home/niks/stm32workspace/stm32f0discovery_stdperiph_lib/StdPeriph_Driver/inc" -I"/home/niks/stm32workspace/stm32f0discovery_stdperiph_lib/CMSIS/device" -I"/home/niks/stm32workspace/stm32f0discovery_stdperiph_lib/CMSIS/core" -I"/home/niks/stm32workspace/stm32f0discovery_stdperiph_lib/Utilities" -O0 -g3 -Wall -fmessage-length=0 -ffunction-sections -c -MMD -MP -MF"StdPeriph_Driver/src/stm32f0xx_dac.d" -MT"StdPeriph_Driver/src/stm32f0xx_dac.o" -o "StdPeriph_Driver/src/stm32f0xx_dac.o" "../StdPeriph_Driver/src/stm32f0xx_dac.c"
Finished building: ../StdPeriph_Driver/src/stm32f0xx_dac.c
 
Building file: ../StdPeriph_Driver/src/stm32f0xx_dbgmcu.c
Invoking: MCU GCC Compiler
/home/niks/stm32workspace/stm32f0discovery_stdperiph_lib/Debug
arm-none-eabi-gcc -mcpu=cortex-m0 -mthumb -mfloat-abi=soft -DSTM32F051R8Tx -DSTM32F0 -DSTM32 -DSTM32F0DISCOVERY -DUSE_STDPERIPH_DRIVER -DSTM32F051 -I"/home/niks/stm32workspace/stm32f0discovery_stdperiph_lib/StdPeriph_Driver/inc" -I"/home/niks/stm32workspace/stm32f0discovery_stdperiph_lib/CMSIS/device" -I"/home/niks/stm32workspace/stm32f0discovery_stdperiph_lib/CMSIS/core" -I"/home/niks/stm32workspace/stm32f0discovery_stdperiph_lib/Utilities" -O0 -g3 -Wall -fmessage-length=0 -ffunction-sections -c -MMD -MP -MF"StdPeriph_Driver/src/stm32f0xx_dbgmcu.d" -MT"StdPeriph_Driver/src/stm32f0xx_dbgmcu.o" -o "StdPeriph_Driver/src/stm32f0xx_dbgmcu.o" "../StdPeriph_Driver/src/stm32f0xx_dbgmcu.c"
Finished building: ../StdPeriph_Driver/src/stm32f0xx_dbgmcu.c
 
Building file: ../StdPeriph_Driver/src/stm32f0xx_dma.c
Invoking: MCU GCC Compiler
/home/niks/stm32workspace/stm32f0discovery_stdperiph_lib/Debug
arm-none-eabi-gcc -mcpu=cortex-m0 -mthumb -mfloat-abi=soft -DSTM32F051R8Tx -DSTM32F0 -DSTM32 -DSTM32F0DISCOVERY -DUSE_STDPERIPH_DRIVER -DSTM32F051 -I"/home/niks/stm32workspace/stm32f0discovery_stdperiph_lib/StdPeriph_Driver/inc" -I"/home/niks/stm32workspace/stm32f0discovery_stdperiph_lib/CMSIS/device" -I"/home/niks/stm32workspace/stm32f0discovery_stdperiph_lib/CMSIS/core" -I"/home/niks/stm32workspace/stm32f0discovery_stdperiph_lib/Utilities" -O0 -g3 -Wall -fmessage-length=0 -ffunction-sections -c -MMD -MP -MF"StdPeriph_Driver/src/stm32f0xx_dma.d" -MT"StdPeriph_Driver/src/stm32f0xx_dma.o" -o "StdPeriph_Driver/src/stm32f0xx_dma.o" "../StdPeriph_Driver/src/stm32f0xx_dma.c"
Finished building: ../StdPeriph_Driver/src/stm32f0xx_dma.c
 
Building file: ../StdPeriph_Driver/src/stm32f0xx_exti.c
Invoking: MCU GCC Compiler
/home/niks/stm32workspace/stm32f0discovery_stdperiph_lib/Debug
arm-none-eabi-gcc -mcpu=cortex-m0 -mthumb -mfloat-abi=soft -DSTM32F051R8Tx -DSTM32F0 -DSTM32 -DSTM32F0DISCOVERY -DUSE_STDPERIPH_DRIVER -DSTM32F051 -I"/home/niks/stm32workspace/stm32f0discovery_stdperiph_lib/StdPeriph_Driver/inc" -I"/home/niks/stm32workspace/stm32f0discovery_stdperiph_lib/CMSIS/device" -I"/home/niks/stm32workspace/stm32f0discovery_stdperiph_lib/CMSIS/core" -I"/home/niks/stm32workspace/stm32f0discovery_stdperiph_lib/Utilities" -O0 -g3 -Wall -fmessage-length=0 -ffunction-sections -c -MMD -MP -MF"StdPeriph_Driver/src/stm32f0xx_exti.d" -MT"StdPeriph_Driver/src/stm32f0xx_exti.o" -o "StdPeriph_Driver/src/stm32f0xx_exti.o" "../StdPeriph_Driver/src/stm32f0xx_exti.c"
Finished building: ../StdPeriph_Driver/src/stm32f0xx_exti.c
 
Building file: ../StdPeriph_Driver/src/stm32f0xx_flash.c
Invoking: MCU GCC Compiler
/home/niks/stm32workspace/stm32f0discovery_stdperiph_lib/Debug
arm-none-eabi-gcc -mcpu=cortex-m0 -mthumb -mfloat-abi=soft -DSTM32F051R8Tx -DSTM32F0 -DSTM32 -DSTM32F0DISCOVERY -DUSE_STDPERIPH_DRIVER -DSTM32F051 -I"/home/niks/stm32workspace/stm32f0discovery_stdperiph_lib/StdPeriph_Driver/inc" -I"/home/niks/stm32workspace/stm32f0discovery_stdperiph_lib/CMSIS/device" -I"/home/niks/stm32workspace/stm32f0discovery_stdperiph_lib/CMSIS/core" -I"/home/niks/stm32workspace/stm32f0discovery_stdperiph_lib/Utilities" -O0 -g3 -Wall -fmessage-length=0 -ffunction-sections -c -MMD -MP -MF"StdPeriph_Driver/src/stm32f0xx_flash.d" -MT"StdPeriph_Driver/src/stm32f0xx_flash.o" -o "StdPeriph_Driver/src/stm32f0xx_flash.o" "../StdPeriph_Driver/src/stm32f0xx_flash.c"
Finished building: ../StdPeriph_Driver/src/stm32f0xx_flash.c
 
Building file: ../StdPeriph_Driver/src/stm32f0xx_gpio.c
Invoking: MCU GCC Compiler
/home/niks/stm32workspace/stm32f0discovery_stdperiph_lib/Debug
arm-none-eabi-gcc -mcpu=cortex-m0 -mthumb -mfloat-abi=soft -DSTM32F051R8Tx -DSTM32F0 -DSTM32 -DSTM32F0DISCOVERY -DUSE_STDPERIPH_DRIVER -DSTM32F051 -I"/home/niks/stm32workspace/stm32f0discovery_stdperiph_lib/StdPeriph_Driver/inc" -I"/home/niks/stm32workspace/stm32f0discovery_stdperiph_lib/CMSIS/device" -I"/home/niks/stm32workspace/stm32f0discovery_stdperiph_lib/CMSIS/core" -I"/home/niks/stm32workspace/stm32f0discovery_stdperiph_lib/Utilities" -O0 -g3 -Wall -fmessage-length=0 -ffunction-sections -c -MMD -MP -MF"StdPeriph_Driver/src/stm32f0xx_gpio.d" -MT"StdPeriph_Driver/src/stm32f0xx_gpio.o" -o "StdPeriph_Driver/src/stm32f0xx_gpio.o" "../StdPeriph_Driver/src/stm32f0xx_gpio.c"
Finished building: ../StdPeriph_Driver/src/stm32f0xx_gpio.c
 
Building file: ../StdPeriph_Driver/src/stm32f0xx_i2c.c
Invoking: MCU GCC Compiler
/home/niks/stm32workspace/stm32f0discovery_stdperiph_lib/Debug
arm-none-eabi-gcc -mcpu=cortex-m0 -mthumb -mfloat-abi=soft -DSTM32F051R8Tx -DSTM32F0 -DSTM32 -DSTM32F0DISCOVERY -DUSE_STDPERIPH_DRIVER -DSTM32F051 -I"/home/niks/stm32workspace/stm32f0discovery_stdperiph_lib/StdPeriph_Driver/inc" -I"/home/niks/stm32workspace/stm32f0discovery_stdperiph_lib/CMSIS/device" -I"/home/niks/stm32workspace/stm32f0discovery_stdperiph_lib/CMSIS/core" -I"/home/niks/stm32workspace/stm32f0discovery_stdperiph_lib/Utilities" -O0 -g3 -Wall -fmessage-length=0 -ffunction-sections -c -MMD -MP -MF"StdPeriph_Driver/src/stm32f0xx_i2c.d" -MT"StdPeriph_Driver/src/stm32f0xx_i2c.o" -o "StdPeriph_Driver/src/stm32f0xx_i2c.o" "../StdPeriph_Driver/src/stm32f0xx_i2c.c"
Finished building: ../StdPeriph_Driver/src/stm32f0xx_i2c.c
 
Building file: ../StdPeriph_Driver/src/stm32f0xx_iwdg.c
Invoking: MCU GCC Compiler
/home/niks/stm32workspace/stm32f0discovery_stdperiph_lib/Debug
arm-none-eabi-gcc -mcpu=cortex-m0 -mthumb -mfloat-abi=soft -DSTM32F051R8Tx -DSTM32F0 -DSTM32 -DSTM32F0DISCOVERY -DUSE_STDPERIPH_DRIVER -DSTM32F051 -I"/home/niks/stm32workspace/stm32f0discovery_stdperiph_lib/StdPeriph_Driver/inc" -I"/home/niks/stm32workspace/stm32f0discovery_stdperiph_lib/CMSIS/device" -I"/home/niks/stm32workspace/stm32f0discovery_stdperiph_lib/CMSIS/core" -I"/home/niks/stm32workspace/stm32f0discovery_stdperiph_lib/Utilities" -O0 -g3 -Wall -fmessage-length=0 -ffunction-sections -c -MMD -MP -MF"StdPeriph_Driver/src/stm32f0xx_iwdg.d" -MT"StdPeriph_Driver/src/stm32f0xx_iwdg.o" -o "StdPeriph_Driver/src/stm32f0xx_iwdg.o" "../StdPeriph_Driver/src/stm32f0xx_iwdg.c"
Finished building: ../StdPeriph_Driver/src/stm32f0xx_iwdg.c
 
Building file: ../StdPeriph_Driver/src/stm32f0xx_misc.c
Invoking: MCU GCC Compiler
/home/niks/stm32workspace/stm32f0discovery_stdperiph_lib/Debug
arm-none-eabi-gcc -mcpu=cortex-m0 -mthumb -mfloat-abi=soft -DSTM32F051R8Tx -DSTM32F0 -DSTM32 -DSTM32F0DISCOVERY -DUSE_STDPERIPH_DRIVER -DSTM32F051 -I"/home/niks/stm32workspace/stm32f0discovery_stdperiph_lib/StdPeriph_Driver/inc" -I"/home/niks/stm32workspace/stm32f0discovery_stdperiph_lib/CMSIS/device" -I"/home/niks/stm32workspace/stm32f0discovery_stdperiph_lib/CMSIS/core" -I"/home/niks/stm32workspace/stm32f0discovery_stdperiph_lib/Utilities" -O0 -g3 -Wall -fmessage-length=0 -ffunction-sections -c -MMD -MP -MF"StdPeriph_Driver/src/stm32f0xx_misc.d" -MT"StdPeriph_Driver/src/stm32f0xx_misc.o" -o "StdPeriph_Driver/src/stm32f0xx_misc.o" "../StdPeriph_Driver/src/stm32f0xx_misc.c"
Finished building: ../StdPeriph_Driver/src/stm32f0xx_misc.c
 
Building file: ../StdPeriph_Driver/src/stm32f0xx_pwr.c
Invoking: MCU GCC Compiler
/home/niks/stm32workspace/stm32f0discovery_stdperiph_lib/Debug
arm-none-eabi-gcc -mcpu=cortex-m0 -mthumb -mfloat-abi=soft -DSTM32F051R8Tx -DSTM32F0 -DSTM32 -DSTM32F0DISCOVERY -DUSE_STDPERIPH_DRIVER -DSTM32F051 -I"/home/niks/stm32workspace/stm32f0discovery_stdperiph_lib/StdPeriph_Driver/inc" -I"/home/niks/stm32workspace/stm32f0discovery_stdperiph_lib/CMSIS/device" -I"/home/niks/stm32workspace/stm32f0discovery_stdperiph_lib/CMSIS/core" -I"/home/niks/stm32workspace/stm32f0discovery_stdperiph_lib/Utilities" -O0 -g3 -Wall -fmessage-length=0 -ffunction-sections -c -MMD -MP -MF"StdPeriph_Driver/src/stm32f0xx_pwr.d" -MT"StdPeriph_Driver/src/stm32f0xx_pwr.o" -o "StdPeriph_Driver/src/stm32f0xx_pwr.o" "../StdPeriph_Driver/src/stm32f0xx_pwr.c"
Finished building: ../StdPeriph_Driver/src/stm32f0xx_pwr.c
 
Building file: ../StdPeriph_Driver/src/stm32f0xx_rcc.c
Invoking: MCU GCC Compiler
/home/niks/stm32workspace/stm32f0discovery_stdperiph_lib/Debug
arm-none-eabi-gcc -mcpu=cortex-m0 -mthumb -mfloat-abi=soft -DSTM32F051R8Tx -DSTM32F0 -DSTM32 -DSTM32F0DISCOVERY -DUSE_STDPERIPH_DRIVER -DSTM32F051 -I"/home/niks/stm32workspace/stm32f0discovery_stdperiph_lib/StdPeriph_Driver/inc" -I"/home/niks/stm32workspace/stm32f0discovery_stdperiph_lib/CMSIS/device" -I"/home/niks/stm32workspace/stm32f0discovery_stdperiph_lib/CMSIS/core" -I"/home/niks/stm32workspace/stm32f0discovery_stdperiph_lib/Utilities" -O0 -g3 -Wall -fmessage-length=0 -ffunction-sections -c -MMD -MP -MF"StdPeriph_Driver/src/stm32f0xx_rcc.d" -MT"StdPeriph_Driver/src/stm32f0xx_rcc.o" -o "StdPeriph_Driver/src/stm32f0xx_rcc.o" "../StdPeriph_Driver/src/stm32f0xx_rcc.c"
Finished building: ../StdPeriph_Driver/src/stm32f0xx_rcc.c
 
Building file: ../StdPeriph_Driver/src/stm32f0xx_rtc.c
Invoking: MCU GCC Compiler
/home/niks/stm32workspace/stm32f0discovery_stdperiph_lib/Debug
arm-none-eabi-gcc -mcpu=cortex-m0 -mthumb -mfloat-abi=soft -DSTM32F051R8Tx -DSTM32F0 -DSTM32 -DSTM32F0DISCOVERY -DUSE_STDPERIPH_DRIVER -DSTM32F051 -I"/home/niks/stm32workspace/stm32f0discovery_stdperiph_lib/StdPeriph_Driver/inc" -I"/home/niks/stm32workspace/stm32f0discovery_stdperiph_lib/CMSIS/device" -I"/home/niks/stm32workspace/stm32f0discovery_stdperiph_lib/CMSIS/core" -I"/home/niks/stm32workspace/stm32f0discovery_stdperiph_lib/Utilities" -O0 -g3 -Wall -fmessage-length=0 -ffunction-sections -c -MMD -MP -MF"StdPeriph_Driver/src/stm32f0xx_rtc.d" -MT"StdPeriph_Driver/src/stm32f0xx_rtc.o" -o "StdPeriph_Driver/src/stm32f0xx_rtc.o" "../StdPeriph_Driver/src/stm32f0xx_rtc.c"
../StdPeriph_Driver/src/stm32f0xx_rtc.c: In function 'RTC_DeInit':
../StdPeriph_Driver/src/stm32f0xx_rtc.c:311:17: warning: unused variable 'wutcounter' [-Wunused-variable]
   __IO uint32_t wutcounter = 0x00;
                 ^
Finished building: ../StdPeriph_Driver/src/stm32f0xx_rtc.c
 
Building file: ../StdPeriph_Driver/src/stm32f0xx_spi.c
Invoking: MCU GCC Compiler
/home/niks/stm32workspace/stm32f0discovery_stdperiph_lib/Debug
arm-none-eabi-gcc -mcpu=cortex-m0 -mthumb -mfloat-abi=soft -DSTM32F051R8Tx -DSTM32F0 -DSTM32 -DSTM32F0DISCOVERY -DUSE_STDPERIPH_DRIVER -DSTM32F051 -I"/home/niks/stm32workspace/stm32f0discovery_stdperiph_lib/StdPeriph_Driver/inc" -I"/home/niks/stm32workspace/stm32f0discovery_stdperiph_lib/CMSIS/device" -I"/home/niks/stm32workspace/stm32f0discovery_stdperiph_lib/CMSIS/core" -I"/home/niks/stm32workspace/stm32f0discovery_stdperiph_lib/Utilities" -O0 -g3 -Wall -fmessage-length=0 -ffunction-sections -c -MMD -MP -MF"StdPeriph_Driver/src/stm32f0xx_spi.d" -MT"StdPeriph_Driver/src/stm32f0xx_spi.o" -o "StdPeriph_Driver/src/stm32f0xx_spi.o" "../StdPeriph_Driver/src/stm32f0xx_spi.c"
Finished building: ../StdPeriph_Driver/src/stm32f0xx_spi.c
 
Building file: ../StdPeriph_Driver/src/stm32f0xx_syscfg.c
Invoking: MCU GCC Compiler
/home/niks/stm32workspace/stm32f0discovery_stdperiph_lib/Debug
arm-none-eabi-gcc -mcpu=cortex-m0 -mthumb -mfloat-abi=soft -DSTM32F051R8Tx -DSTM32F0 -DSTM32 -DSTM32F0DISCOVERY -DUSE_STDPERIPH_DRIVER -DSTM32F051 -I"/home/niks/stm32workspace/stm32f0discovery_stdperiph_lib/StdPeriph_Driver/inc" -I"/home/niks/stm32workspace/stm32f0discovery_stdperiph_lib/CMSIS/device" -I"/home/niks/stm32workspace/stm32f0discovery_stdperiph_lib/CMSIS/core" -I"/home/niks/stm32workspace/stm32f0discovery_stdperiph_lib/Utilities" -O0 -g3 -Wall -fmessage-length=0 -ffunction-sections -c -MMD -MP -MF"StdPeriph_Driver/src/stm32f0xx_syscfg.d" -MT"StdPeriph_Driver/src/stm32f0xx_syscfg.o" -o "StdPeriph_Driver/src/stm32f0xx_syscfg.o" "../StdPeriph_Driver/src/stm32f0xx_syscfg.c"
Finished building: ../StdPeriph_Driver/src/stm32f0xx_syscfg.c
 
Building file: ../StdPeriph_Driver/src/stm32f0xx_tim.c
Invoking: MCU GCC Compiler
/home/niks/stm32workspace/stm32f0discovery_stdperiph_lib/Debug
arm-none-eabi-gcc -mcpu=cortex-m0 -mthumb -mfloat-abi=soft -DSTM32F051R8Tx -DSTM32F0 -DSTM32 -DSTM32F0DISCOVERY -DUSE_STDPERIPH_DRIVER -DSTM32F051 -I"/home/niks/stm32workspace/stm32f0discovery_stdperiph_lib/StdPeriph_Driver/inc" -I"/home/niks/stm32workspace/stm32f0discovery_stdperiph_lib/CMSIS/device" -I"/home/niks/stm32workspace/stm32f0discovery_stdperiph_lib/CMSIS/core" -I"/home/niks/stm32workspace/stm32f0discovery_stdperiph_lib/Utilities" -O0 -g3 -Wall -fmessage-length=0 -ffunction-sections -c -MMD -MP -MF"StdPeriph_Driver/src/stm32f0xx_tim.d" -MT"StdPeriph_Driver/src/stm32f0xx_tim.o" -o "StdPeriph_Driver/src/stm32f0xx_tim.o" "../StdPeriph_Driver/src/stm32f0xx_tim.c"
Finished building: ../StdPeriph_Driver/src/stm32f0xx_tim.c
 
Building file: ../StdPeriph_Driver/src/stm32f0xx_usart.c
Invoking: MCU GCC Compiler
/home/niks/stm32workspace/stm32f0discovery_stdperiph_lib/Debug
arm-none-eabi-gcc -mcpu=cortex-m0 -mthumb -mfloat-abi=soft -DSTM32F051R8Tx -DSTM32F0 -DSTM32 -DSTM32F0DISCOVERY -DUSE_STDPERIPH_DRIVER -DSTM32F051 -I"/home/niks/stm32workspace/stm32f0discovery_stdperiph_lib/StdPeriph_Driver/inc" -I"/home/niks/stm32workspace/stm32f0discovery_stdperiph_lib/CMSIS/device" -I"/home/niks/stm32workspace/stm32f0discovery_stdperiph_lib/CMSIS/core" -I"/home/niks/stm32workspace/stm32f0discovery_stdperiph_lib/Utilities" -O0 -g3 -Wall -fmessage-length=0 -ffunction-sections -c -MMD -MP -MF"StdPeriph_Driver/src/stm32f0xx_usart.d" -MT"StdPeriph_Driver/src/stm32f0xx_usart.o" -o "StdPeriph_Driver/src/stm32f0xx_usart.o" "../StdPeriph_Driver/src/stm32f0xx_usart.c"
Finished building: ../StdPeriph_Driver/src/stm32f0xx_usart.c
 
Building file: ../StdPeriph_Driver/src/stm32f0xx_wwdg.c
Invoking: MCU GCC Compiler
/home/niks/stm32workspace/stm32f0discovery_stdperiph_lib/Debug
arm-none-eabi-gcc -mcpu=cortex-m0 -mthumb -mfloat-abi=soft -DSTM32F051R8Tx -DSTM32F0 -DSTM32 -DSTM32F0DISCOVERY -DUSE_STDPERIPH_DRIVER -DSTM32F051 -I"/home/niks/stm32workspace/stm32f0discovery_stdperiph_lib/StdPeriph_Driver/inc" -I"/home/niks/stm32workspace/stm32f0discovery_stdperiph_lib/CMSIS/device" -I"/home/niks/stm32workspace/stm32f0discovery_stdperiph_lib/CMSIS/core" -I"/home/niks/stm32workspace/stm32f0discovery_stdperiph_lib/Utilities" -O0 -g3 -Wall -fmessage-length=0 -ffunction-sections -c -MMD -MP -MF"StdPeriph_Driver/src/stm32f0xx_wwdg.d" -MT"StdPeriph_Driver/src/stm32f0xx_wwdg.o" -o "StdPeriph_Driver/src/stm32f0xx_wwdg.o" "../StdPeriph_Driver/src/stm32f0xx_wwdg.c"
Finished building: ../StdPeriph_Driver/src/stm32f0xx_wwdg.c
 
Building target: libstm32f0discovery_stdperiph_lib.a
Invoking: MCU GCC Archiver
arm-none-eabi-ar -r  "libstm32f0discovery_stdperiph_lib.a" @"objects.list"  
arm-none-eabi-ar: creating libstm32f0discovery_stdperiph_lib.a
Finished building target: libstm32f0discovery_stdperiph_lib.a
 
17:25:32 **** Build of configuration Debug for project advancedSerialComplete ****
make all 
Building file: ../startup/startup_stm32f0xx.S
Invoking: MCU GCC Compiler
/home/niks/stm32workspace/advancedSerialComplete/Debug
arm-none-eabi-gcc -mcpu=cortex-m0 -mthumb -mfloat-abi=soft -DSTM32F051R8Tx -DSTM32F0 -DSTM32 -DSTM32F0DISCOVERY -DDEBUG -DUSE_STDPERIPH_DRIVER -DSTM32F051 -I"/home/niks/stm32workspace/stm32f0discovery_stdperiph_lib" -I"/home/niks/stm32workspace/advancedSerialComplete/inc" -I"/home/niks/stm32workspace/stm32f0discovery_stdperiph_lib/StdPeriph_Driver/inc" -I"/home/niks/stm32workspace/stm32f0discovery_stdperiph_lib/CMSIS/device" -I"/home/niks/stm32workspace/stm32f0discovery_stdperiph_lib/CMSIS/core" -I"/home/niks/stm32workspace/stm32f0discovery_stdperiph_lib/Utilities" -O0 -g3 -Wall -fmessage-length=0 -ffunction-sections -c -MMD -MP -MF"startup/startup_stm32f0xx.d" -MT"startup/startup_stm32f0xx.o" -o "startup/startup_stm32f0xx.o" "../startup/startup_stm32f0xx.S"
Finished building: ../startup/startup_stm32f0xx.S
 
Building file: ../src/main.c
Invoking: MCU GCC Compiler
/home/niks/stm32workspace/advancedSerialComplete/Debug
arm-none-eabi-gcc -mcpu=cortex-m0 -mthumb -mfloat-abi=soft -DSTM32F051R8Tx -DSTM32F0 -DSTM32 -DSTM32F0DISCOVERY -DDEBUG -DUSE_STDPERIPH_DRIVER -DSTM32F051 -I"/home/niks/stm32workspace/stm32f0discovery_stdperiph_lib" -I"/home/niks/stm32workspace/advancedSerialComplete/inc" -I"/home/niks/stm32workspace/stm32f0discovery_stdperiph_lib/StdPeriph_Driver/inc" -I"/home/niks/stm32workspace/stm32f0discovery_stdperiph_lib/CMSIS/device" -I"/home/niks/stm32workspace/stm32f0discovery_stdperiph_lib/CMSIS/core" -I"/home/niks/stm32workspace/stm32f0discovery_stdperiph_lib/Utilities" -O0 -g3 -Wall -fmessage-length=0 -ffunction-sections -c -MMD -MP -MF"src/main.d" -MT"src/main.o" -o "src/main.o" "../src/main.c"
Finished building: ../src/main.c
 
Building file: ../src/syscalls.c
Invoking: MCU GCC Compiler
/home/niks/stm32workspace/advancedSerialComplete/Debug
arm-none-eabi-gcc -mcpu=cortex-m0 -mthumb -mfloat-abi=soft -DSTM32F051R8Tx -DSTM32F0 -DSTM32 -DSTM32F0DISCOVERY -DDEBUG -DUSE_STDPERIPH_DRIVER -DSTM32F051 -I"/home/niks/stm32workspace/stm32f0discovery_stdperiph_lib" -I"/home/niks/stm32workspace/advancedSerialComplete/inc" -I"/home/niks/stm32workspace/stm32f0discovery_stdperiph_lib/StdPeriph_Driver/inc" -I"/home/niks/stm32workspace/stm32f0discovery_stdperiph_lib/CMSIS/device" -I"/home/niks/stm32workspace/stm32f0discovery_stdperiph_lib/CMSIS/core" -I"/home/niks/stm32workspace/stm32f0discovery_stdperiph_lib/Utilities" -O0 -g3 -Wall -fmessage-length=0 -ffunction-sections -c -MMD -MP -MF"src/syscalls.d" -MT"src/syscalls.o" -o "src/syscalls.o" "../src/syscalls.c"
Finished building: ../src/syscalls.c
 
Building file: ../src/system_stm32f0xx.c
Invoking: MCU GCC Compiler
/home/niks/stm32workspace/advancedSerialComplete/Debug
arm-none-eabi-gcc -mcpu=cortex-m0 -mthumb -mfloat-abi=soft -DSTM32F051R8Tx -DSTM32F0 -DSTM32 -DSTM32F0DISCOVERY -DDEBUG -DUSE_STDPERIPH_DRIVER -DSTM32F051 -I"/home/niks/stm32workspace/stm32f0discovery_stdperiph_lib" -I"/home/niks/stm32workspace/advancedSerialComplete/inc" -I"/home/niks/stm32workspace/stm32f0discovery_stdperiph_lib/StdPeriph_Driver/inc" -I"/home/niks/stm32workspace/stm32f0discovery_stdperiph_lib/CMSIS/device" -I"/home/niks/stm32workspace/stm32f0discovery_stdperiph_lib/CMSIS/core" -I"/home/niks/stm32workspace/stm32f0discovery_stdperiph_lib/Utilities" -O0 -g3 -Wall -fmessage-length=0 -ffunction-sections -c -MMD -MP -MF"src/system_stm32f0xx.d" -MT"src/system_stm32f0xx.o" -o "src/system_stm32f0xx.o" "../src/system_stm32f0xx.c"
../src/system_stm32f0xx.c: In function 'SetSysClock':
../src/system_stm32f0xx.c:273:37: warning: unused variable 'HSEStatus' [-Wunused-variable]
   __IO uint32_t StartUpCounter = 0, HSEStatus = 0;
                                     ^
../src/system_stm32f0xx.c:273:17: warning: unused variable 'StartUpCounter' [-Wunused-variable]
   __IO uint32_t StartUpCounter = 0, HSEStatus = 0;
                 ^
Finished building: ../src/system_stm32f0xx.c
 
Building target: advancedSerialComplete.elf
Invoking: MCU GCC Linker
arm-none-eabi-gcc -mcpu=cortex-m0 -mthumb -mfloat-abi=soft -L"/home/niks/stm32workspace/stm32f0discovery_stdperiph_lib/Debug" -T"/home/niks/stm32workspace/advancedSerialComplete/LinkerScript.ld" -Wl,-Map=output.map -Wl,--gc-sections -lm -o "advancedSerialComplete.elf" @"objects.list"  -lstm32f0discovery_stdperiph_lib
Finished building target: advancedSerialComplete.elf
 
make --no-print-directory post-build
Generating binary and Printing size information:
arm-none-eabi-objcopy -O binary "advancedSerialComplete.elf" "advancedSerialComplete.bin"
arm-none-eabi-size "advancedSerialComplete.elf"
   text	   data	    bss	    dec	    hex	filename
   1080	   1076	    160	   2316	    90c	advancedSerialComplete.elf
 
17:25:57 **** Incremental Build of configuration Debug for project stm32f0discovery_stdperiph_lib ****
make all 
make: Nothing to be done for 'all'.
17:25:57 **** Incremental Build of configuration Debug for project advancedSerialComplete ****
make all 
make: Nothing to be done for 'all'.
17:26:17 **** Incremental Build of configuration Debug for project stm32f0discovery_stdperiph_lib ****
make all 
make: Nothing to be done for 'all'.
17:26:18 **** Incremental Build of configuration Debug for project advancedSerialComplete ****
make all 
make: Nothing to be done for 'all'.
17:26:54 **** Incremental Build of configuration Debug for project stm32f0discovery_stdperiph_lib ****
make all 
make: Nothing to be done for 'all'.
17:26:54 **** Incremental Build of configuration Debug for project advancedSerialComplete ****
make all 
make: Nothing to be done for 'all'.
17:27:26 **** Incremental Build of configuration Debug for project stm32f0discovery_stdperiph_lib ****
make all 
make: Nothing to be done for 'all'.
17:27:26 **** Incremental Build of configuration Debug for project advancedSerialComplete ****
make all 
make: Nothing to be done for 'all'.
17:27:43 **** Build of configuration Debug for project serialComplete ****
make all 
Building target: serialComplete.elf
Invoking: MCU GCC Linker
arm-none-eabi-gcc -mcpu=cortex-m0 -mthumb -mfloat-abi=soft -L"/home/niks/stm32workspace/stm32f0discovery_stdperiph_lib/Debug" -T"/home/niks/stm32workspace/serialComplete/LinkerScript.ld" -Wl,-Map=output.map -Wl,--gc-sections -lm -o "serialComplete.elf" @"objects.list"  -lstm32f0discovery_stdperiph_lib
Finished building target: serialComplete.elf
 
make --no-print-directory post-build
Generating binary and Printing size information:
arm-none-eabi-objcopy -O binary "serialComplete.elf" "serialComplete.bin"
arm-none-eabi-size "serialComplete.elf"
   text	   data	    bss	    dec	    hex	filename
  20368	   1356	    440	  22164	   5694	serialComplete.elf
 
17:29:24 **** Incremental Build of configuration Debug for project stm32f0discovery_stdperiph_lib ****
make all 
make: Nothing to be done for 'all'.
17:29:24 **** Incremental Build of configuration Debug for project advancedSerialComplete ****
make all 
make: Nothing to be done for 'all'.
17:29:59 **** Incremental Build of configuration Debug for project stm32f0discovery_stdperiph_lib ****
make all 
make: Nothing to be done for 'all'.
17:29:59 **** Incremental Build of configuration Debug for project advancedSerialComplete ****
make all 
make: Nothing to be done for 'all'.
17:35:43 **** Incremental Build of configuration Debug for project stm32f0discovery_stdperiph_lib ****
make all 
make: Nothing to be done for 'all'.
17:35:43 **** Incremental Build of configuration Debug for project advancedSerialComplete ****
make all 
Building file: ../src/main.c
Invoking: MCU GCC Compiler
/home/niks/stm32workspace/advancedSerialComplete/Debug
arm-none-eabi-gcc -mcpu=cortex-m0 -mthumb -mfloat-abi=soft -DSTM32F051R8Tx -DSTM32F0 -DSTM32 -DSTM32F0DISCOVERY -DDEBUG -DUSE_STDPERIPH_DRIVER -DSTM32F051 -I"/home/niks/stm32workspace/stm32f0discovery_stdperiph_lib" -I"/home/niks/stm32workspace/advancedSerialComplete/inc" -I"/home/niks/stm32workspace/stm32f0discovery_stdperiph_lib/StdPeriph_Driver/inc" -I"/home/niks/stm32workspace/stm32f0discovery_stdperiph_lib/CMSIS/device" -I"/home/niks/stm32workspace/stm32f0discovery_stdperiph_lib/CMSIS/core" -I"/home/niks/stm32workspace/stm32f0discovery_stdperiph_lib/Utilities" -O0 -g3 -Wall -fmessage-length=0 -ffunction-sections -c -MMD -MP -MF"src/main.d" -MT"src/main.o" -o "src/main.o" "../src/main.c"
../src/main.c: In function 'main':
../src/main.c:100:10: warning: unused variable 'frameID' [-Wunused-variable]
  uint8_t frameID;
          ^
Finished building: ../src/main.c
 
Building file: ../inc/A2035H.c
Invoking: MCU GCC Compiler
/home/niks/stm32workspace/advancedSerialComplete/Debug
arm-none-eabi-gcc -mcpu=cortex-m0 -mthumb -mfloat-abi=soft -DSTM32F051R8Tx -DSTM32F0 -DSTM32 -DSTM32F0DISCOVERY -DDEBUG -DUSE_STDPERIPH_DRIVER -DSTM32F051 -I"/home/niks/stm32workspace/stm32f0discovery_stdperiph_lib" -I"/home/niks/stm32workspace/advancedSerialComplete/inc" -I"/home/niks/stm32workspace/stm32f0discovery_stdperiph_lib/StdPeriph_Driver/inc" -I"/home/niks/stm32workspace/stm32f0discovery_stdperiph_lib/CMSIS/device" -I"/home/niks/stm32workspace/stm32f0discovery_stdperiph_lib/CMSIS/core" -I"/home/niks/stm32workspace/stm32f0discovery_stdperiph_lib/Utilities" -O0 -g3 -Wall -fmessage-length=0 -ffunction-sections -c -MMD -MP -MF"inc/A2035H.d" -MT"inc/A2035H.o" -o "inc/A2035H.o" "../inc/A2035H.c"
Finished building: ../inc/A2035H.c
 
Building file: ../inc/ADC.c
Invoking: MCU GCC Compiler
/home/niks/stm32workspace/advancedSerialComplete/Debug
arm-none-eabi-gcc -mcpu=cortex-m0 -mthumb -mfloat-abi=soft -DSTM32F051R8Tx -DSTM32F0 -DSTM32 -DSTM32F0DISCOVERY -DDEBUG -DUSE_STDPERIPH_DRIVER -DSTM32F051 -I"/home/niks/stm32workspace/stm32f0discovery_stdperiph_lib" -I"/home/niks/stm32workspace/advancedSerialComplete/inc" -I"/home/niks/stm32workspace/stm32f0discovery_stdperiph_lib/StdPeriph_Driver/inc" -I"/home/niks/stm32workspace/stm32f0discovery_stdperiph_lib/CMSIS/device" -I"/home/niks/stm32workspace/stm32f0discovery_stdperiph_lib/CMSIS/core" -I"/home/niks/stm32workspace/stm32f0discovery_stdperiph_lib/Utilities" -O0 -g3 -Wall -fmessage-length=0 -ffunction-sections -c -MMD -MP -MF"inc/ADC.d" -MT"inc/ADC.o" -o "inc/ADC.o" "../inc/ADC.c"
Finished building: ../inc/ADC.c
 
Building file: ../inc/ADXL362.c
Invoking: MCU GCC Compiler
/home/niks/stm32workspace/advancedSerialComplete/Debug
arm-none-eabi-gcc -mcpu=cortex-m0 -mthumb -mfloat-abi=soft -DSTM32F051R8Tx -DSTM32F0 -DSTM32 -DSTM32F0DISCOVERY -DDEBUG -DUSE_STDPERIPH_DRIVER -DSTM32F051 -I"/home/niks/stm32workspace/stm32f0discovery_stdperiph_lib" -I"/home/niks/stm32workspace/advancedSerialComplete/inc" -I"/home/niks/stm32workspace/stm32f0discovery_stdperiph_lib/StdPeriph_Driver/inc" -I"/home/niks/stm32workspace/stm32f0discovery_stdperiph_lib/CMSIS/device" -I"/home/niks/stm32workspace/stm32f0discovery_stdperiph_lib/CMSIS/core" -I"/home/niks/stm32workspace/stm32f0discovery_stdperiph_lib/Utilities" -O0 -g3 -Wall -fmessage-length=0 -ffunction-sections -c -MMD -MP -MF"inc/ADXL362.d" -MT"inc/ADXL362.o" -o "inc/ADXL362.o" "../inc/ADXL362.c"
Finished building: ../inc/ADXL362.c
 
Building file: ../inc/Button.c
Invoking: MCU GCC Compiler
/home/niks/stm32workspace/advancedSerialComplete/Debug
arm-none-eabi-gcc -mcpu=cortex-m0 -mthumb -mfloat-abi=soft -DSTM32F051R8Tx -DSTM32F0 -DSTM32 -DSTM32F0DISCOVERY -DDEBUG -DUSE_STDPERIPH_DRIVER -DSTM32F051 -I"/home/niks/stm32workspace/stm32f0discovery_stdperiph_lib" -I"/home/niks/stm32workspace/advancedSerialComplete/inc" -I"/home/niks/stm32workspace/stm32f0discovery_stdperiph_lib/StdPeriph_Driver/inc" -I"/home/niks/stm32workspace/stm32f0discovery_stdperiph_lib/CMSIS/device" -I"/home/niks/stm32workspace/stm32f0discovery_stdperiph_lib/CMSIS/core" -I"/home/niks/stm32workspace/stm32f0discovery_stdperiph_lib/Utilities" -O0 -g3 -Wall -fmessage-length=0 -ffunction-sections -c -MMD -MP -MF"inc/Button.d" -MT"inc/Button.o" -o "inc/Button.o" "../inc/Button.c"
Finished building: ../inc/Button.c
 
Building file: ../inc/IndicationGPIOs.c
Invoking: MCU GCC Compiler
/home/niks/stm32workspace/advancedSerialComplete/Debug
arm-none-eabi-gcc -mcpu=cortex-m0 -mthumb -mfloat-abi=soft -DSTM32F051R8Tx -DSTM32F0 -DSTM32 -DSTM32F0DISCOVERY -DDEBUG -DUSE_STDPERIPH_DRIVER -DSTM32F051 -I"/home/niks/stm32workspace/stm32f0discovery_stdperiph_lib" -I"/home/niks/stm32workspace/advancedSerialComplete/inc" -I"/home/niks/stm32workspace/stm32f0discovery_stdperiph_lib/StdPeriph_Driver/inc" -I"/home/niks/stm32workspace/stm32f0discovery_stdperiph_lib/CMSIS/device" -I"/home/niks/stm32workspace/stm32f0discovery_stdperiph_lib/CMSIS/core" -I"/home/niks/stm32workspace/stm32f0discovery_stdperiph_lib/Utilities" -O0 -g3 -Wall -fmessage-length=0 -ffunction-sections -c -MMD -MP -MF"inc/IndicationGPIOs.d" -MT"inc/IndicationGPIOs.o" -o "inc/IndicationGPIOs.o" "../inc/IndicationGPIOs.c"
Finished building: ../inc/IndicationGPIOs.c
 
Building file: ../inc/PWM.c
Invoking: MCU GCC Compiler
/home/niks/stm32workspace/advancedSerialComplete/Debug
arm-none-eabi-gcc -mcpu=cortex-m0 -mthumb -mfloat-abi=soft -DSTM32F051R8Tx -DSTM32F0 -DSTM32 -DSTM32F0DISCOVERY -DDEBUG -DUSE_STDPERIPH_DRIVER -DSTM32F051 -I"/home/niks/stm32workspace/stm32f0discovery_stdperiph_lib" -I"/home/niks/stm32workspace/advancedSerialComplete/inc" -I"/home/niks/stm32workspace/stm32f0discovery_stdperiph_lib/StdPeriph_Driver/inc" -I"/home/niks/stm32workspace/stm32f0discovery_stdperiph_lib/CMSIS/device" -I"/home/niks/stm32workspace/stm32f0discovery_stdperiph_lib/CMSIS/core" -I"/home/niks/stm32workspace/stm32f0discovery_stdperiph_lib/Utilities" -O0 -g3 -Wall -fmessage-length=0 -ffunction-sections -c -MMD -MP -MF"inc/PWM.d" -MT"inc/PWM.o" -o "inc/PWM.o" "../inc/PWM.c"
Finished building: ../inc/PWM.c
 
Building file: ../inc/SPI1.c
Invoking: MCU GCC Compiler
/home/niks/stm32workspace/advancedSerialComplete/Debug
arm-none-eabi-gcc -mcpu=cortex-m0 -mthumb -mfloat-abi=soft -DSTM32F051R8Tx -DSTM32F0 -DSTM32 -DSTM32F0DISCOVERY -DDEBUG -DUSE_STDPERIPH_DRIVER -DSTM32F051 -I"/home/niks/stm32workspace/stm32f0discovery_stdperiph_lib" -I"/home/niks/stm32workspace/advancedSerialComplete/inc" -I"/home/niks/stm32workspace/stm32f0discovery_stdperiph_lib/StdPeriph_Driver/inc" -I"/home/niks/stm32workspace/stm32f0discovery_stdperiph_lib/CMSIS/device" -I"/home/niks/stm32workspace/stm32f0discovery_stdperiph_lib/CMSIS/core" -I"/home/niks/stm32workspace/stm32f0discovery_stdperiph_lib/Utilities" -O0 -g3 -Wall -fmessage-length=0 -ffunction-sections -c -MMD -MP -MF"inc/SPI1.d" -MT"inc/SPI1.o" -o "inc/SPI1.o" "../inc/SPI1.c"
Finished building: ../inc/SPI1.c
 
Building file: ../inc/SPI2.c
Invoking: MCU GCC Compiler
/home/niks/stm32workspace/advancedSerialComplete/Debug
arm-none-eabi-gcc -mcpu=cortex-m0 -mthumb -mfloat-abi=soft -DSTM32F051R8Tx -DSTM32F0 -DSTM32 -DSTM32F0DISCOVERY -DDEBUG -DUSE_STDPERIPH_DRIVER -DSTM32F051 -I"/home/niks/stm32workspace/stm32f0discovery_stdperiph_lib" -I"/home/niks/stm32workspace/advancedSerialComplete/inc" -I"/home/niks/stm32workspace/stm32f0discovery_stdperiph_lib/StdPeriph_Driver/inc" -I"/home/niks/stm32workspace/stm32f0discovery_stdperiph_lib/CMSIS/device" -I"/home/niks/stm32workspace/stm32f0discovery_stdperiph_lib/CMSIS/core" -I"/home/niks/stm32workspace/stm32f0discovery_stdperiph_lib/Utilities" -O0 -g3 -Wall -fmessage-length=0 -ffunction-sections -c -MMD -MP -MF"inc/SPI2.d" -MT"inc/SPI2.o" -o "inc/SPI2.o" "../inc/SPI2.c"
Finished building: ../inc/SPI2.c
 
Building file: ../inc/SysTickDelay.c
Invoking: MCU GCC Compiler
/home/niks/stm32workspace/advancedSerialComplete/Debug
arm-none-eabi-gcc -mcpu=cortex-m0 -mthumb -mfloat-abi=soft -DSTM32F051R8Tx -DSTM32F0 -DSTM32 -DSTM32F0DISCOVERY -DDEBUG -DUSE_STDPERIPH_DRIVER -DSTM32F051 -I"/home/niks/stm32workspace/stm32f0discovery_stdperiph_lib" -I"/home/niks/stm32workspace/advancedSerialComplete/inc" -I"/home/niks/stm32workspace/stm32f0discovery_stdperiph_lib/StdPeriph_Driver/inc" -I"/home/niks/stm32workspace/stm32f0discovery_stdperiph_lib/CMSIS/device" -I"/home/niks/stm32workspace/stm32f0discovery_stdperiph_lib/CMSIS/core" -I"/home/niks/stm32workspace/stm32f0discovery_stdperiph_lib/Utilities" -O0 -g3 -Wall -fmessage-length=0 -ffunction-sections -c -MMD -MP -MF"inc/SysTickDelay.d" -MT"inc/SysTickDelay.o" -o "inc/SysTickDelay.o" "../inc/SysTickDelay.c"
Finished building: ../inc/SysTickDelay.c
 
Building file: ../inc/Timer.c
Invoking: MCU GCC Compiler
/home/niks/stm32workspace/advancedSerialComplete/Debug
arm-none-eabi-gcc -mcpu=cortex-m0 -mthumb -mfloat-abi=soft -DSTM32F051R8Tx -DSTM32F0 -DSTM32 -DSTM32F0DISCOVERY -DDEBUG -DUSE_STDPERIPH_DRIVER -DSTM32F051 -I"/home/niks/stm32workspace/stm32f0discovery_stdperiph_lib" -I"/home/niks/stm32workspace/advancedSerialComplete/inc" -I"/home/niks/stm32workspace/stm32f0discovery_stdperiph_lib/StdPeriph_Driver/inc" -I"/home/niks/stm32workspace/stm32f0discovery_stdperiph_lib/CMSIS/device" -I"/home/niks/stm32workspace/stm32f0discovery_stdperiph_lib/CMSIS/core" -I"/home/niks/stm32workspace/stm32f0discovery_stdperiph_lib/Utilities" -O0 -g3 -Wall -fmessage-length=0 -ffunction-sections -c -MMD -MP -MF"inc/Timer.d" -MT"inc/Timer.o" -o "inc/Timer.o" "../inc/Timer.c"
Finished building: ../inc/Timer.c
 
Building file: ../inc/USART1.c
Invoking: MCU GCC Compiler
/home/niks/stm32workspace/advancedSerialComplete/Debug
arm-none-eabi-gcc -mcpu=cortex-m0 -mthumb -mfloat-abi=soft -DSTM32F051R8Tx -DSTM32F0 -DSTM32 -DSTM32F0DISCOVERY -DDEBUG -DUSE_STDPERIPH_DRIVER -DSTM32F051 -I"/home/niks/stm32workspace/stm32f0discovery_stdperiph_lib" -I"/home/niks/stm32workspace/advancedSerialComplete/inc" -I"/home/niks/stm32workspace/stm32f0discovery_stdperiph_lib/StdPeriph_Driver/inc" -I"/home/niks/stm32workspace/stm32f0discovery_stdperiph_lib/CMSIS/device" -I"/home/niks/stm32workspace/stm32f0discovery_stdperiph_lib/CMSIS/core" -I"/home/niks/stm32workspace/stm32f0discovery_stdperiph_lib/Utilities" -O0 -g3 -Wall -fmessage-length=0 -ffunction-sections -c -MMD -MP -MF"inc/USART1.d" -MT"inc/USART1.o" -o "inc/USART1.o" "../inc/USART1.c"
Finished building: ../inc/USART1.c
 
Building file: ../inc/USART2.c
Invoking: MCU GCC Compiler
/home/niks/stm32workspace/advancedSerialComplete/Debug
arm-none-eabi-gcc -mcpu=cortex-m0 -mthumb -mfloat-abi=soft -DSTM32F051R8Tx -DSTM32F0 -DSTM32 -DSTM32F0DISCOVERY -DDEBUG -DUSE_STDPERIPH_DRIVER -DSTM32F051 -I"/home/niks/stm32workspace/stm32f0discovery_stdperiph_lib" -I"/home/niks/stm32workspace/advancedSerialComplete/inc" -I"/home/niks/stm32workspace/stm32f0discovery_stdperiph_lib/StdPeriph_Driver/inc" -I"/home/niks/stm32workspace/stm32f0discovery_stdperiph_lib/CMSIS/device" -I"/home/niks/stm32workspace/stm32f0discovery_stdperiph_lib/CMSIS/core" -I"/home/niks/stm32workspace/stm32f0discovery_stdperiph_lib/Utilities" -O0 -g3 -Wall -fmessage-length=0 -ffunction-sections -c -MMD -MP -MF"inc/USART2.d" -MT"inc/USART2.o" -o "inc/USART2.o" "../inc/USART2.c"
Finished building: ../inc/USART2.c
 
Building file: ../inc/XBee.c
Invoking: MCU GCC Compiler
/home/niks/stm32workspace/advancedSerialComplete/Debug
arm-none-eabi-gcc -mcpu=cortex-m0 -mthumb -mfloat-abi=soft -DSTM32F051R8Tx -DSTM32F0 -DSTM32 -DSTM32F0DISCOVERY -DDEBUG -DUSE_STDPERIPH_DRIVER -DSTM32F051 -I"/home/niks/stm32workspace/stm32f0discovery_stdperiph_lib" -I"/home/niks/stm32workspace/advancedSerialComplete/inc" -I"/home/niks/stm32workspace/stm32f0discovery_stdperiph_lib/StdPeriph_Driver/inc" -I"/home/niks/stm32workspace/stm32f0discovery_stdperiph_lib/CMSIS/device" -I"/home/niks/stm32workspace/stm32f0discovery_stdperiph_lib/CMSIS/core" -I"/home/niks/stm32workspace/stm32f0discovery_stdperiph_lib/Utilities" -O0 -g3 -Wall -fmessage-length=0 -ffunction-sections -c -MMD -MP -MF"inc/XBee.d" -MT"inc/XBee.o" -o "inc/XBee.o" "../inc/XBee.c"
Finished building: ../inc/XBee.c
 
Building file: ../inc/myStringFunctions.c
Invoking: MCU GCC Compiler
/home/niks/stm32workspace/advancedSerialComplete/Debug
arm-none-eabi-gcc -mcpu=cortex-m0 -mthumb -mfloat-abi=soft -DSTM32F051R8Tx -DSTM32F0 -DSTM32 -DSTM32F0DISCOVERY -DDEBUG -DUSE_STDPERIPH_DRIVER -DSTM32F051 -I"/home/niks/stm32workspace/stm32f0discovery_stdperiph_lib" -I"/home/niks/stm32workspace/advancedSerialComplete/inc" -I"/home/niks/stm32workspace/stm32f0discovery_stdperiph_lib/StdPeriph_Driver/inc" -I"/home/niks/stm32workspace/stm32f0discovery_stdperiph_lib/CMSIS/device" -I"/home/niks/stm32workspace/stm32f0discovery_stdperiph_lib/CMSIS/core" -I"/home/niks/stm32workspace/stm32f0discovery_stdperiph_lib/Utilities" -O0 -g3 -Wall -fmessage-length=0 -ffunction-sections -c -MMD -MP -MF"inc/myStringFunctions.d" -MT"inc/myStringFunctions.o" -o "inc/myStringFunctions.o" "../inc/myStringFunctions.c"
Finished building: ../inc/myStringFunctions.c
 
Building file: ../inc/sdCard.c
Invoking: MCU GCC Compiler
/home/niks/stm32workspace/advancedSerialComplete/Debug
arm-none-eabi-gcc -mcpu=cortex-m0 -mthumb -mfloat-abi=soft -DSTM32F051R8Tx -DSTM32F0 -DSTM32 -DSTM32F0DISCOVERY -DDEBUG -DUSE_STDPERIPH_DRIVER -DSTM32F051 -I"/home/niks/stm32workspace/stm32f0discovery_stdperiph_lib" -I"/home/niks/stm32workspace/advancedSerialComplete/inc" -I"/home/niks/stm32workspace/stm32f0discovery_stdperiph_lib/StdPeriph_Driver/inc" -I"/home/niks/stm32workspace/stm32f0discovery_stdperiph_lib/CMSIS/device" -I"/home/niks/stm32workspace/stm32f0discovery_stdperiph_lib/CMSIS/core" -I"/home/niks/stm32workspace/stm32f0discovery_stdperiph_lib/Utilities" -O0 -g3 -Wall -fmessage-length=0 -ffunction-sections -c -MMD -MP -MF"inc/sdCard.d" -MT"inc/sdCard.o" -o "inc/sdCard.o" "../inc/sdCard.c"
Finished building: ../inc/sdCard.c
 
Building file: ../inc/serial.c
Invoking: MCU GCC Compiler
/home/niks/stm32workspace/advancedSerialComplete/Debug
arm-none-eabi-gcc -mcpu=cortex-m0 -mthumb -mfloat-abi=soft -DSTM32F051R8Tx -DSTM32F0 -DSTM32 -DSTM32F0DISCOVERY -DDEBUG -DUSE_STDPERIPH_DRIVER -DSTM32F051 -I"/home/niks/stm32workspace/stm32f0discovery_stdperiph_lib" -I"/home/niks/stm32workspace/advancedSerialComplete/inc" -I"/home/niks/stm32workspace/stm32f0discovery_stdperiph_lib/StdPeriph_Driver/inc" -I"/home/niks/stm32workspace/stm32f0discovery_stdperiph_lib/CMSIS/device" -I"/home/niks/stm32workspace/stm32f0discovery_stdperiph_lib/CMSIS/core" -I"/home/niks/stm32workspace/stm32f0discovery_stdperiph_lib/Utilities" -O0 -g3 -Wall -fmessage-length=0 -ffunction-sections -c -MMD -MP -MF"inc/serial.d" -MT"inc/serial.o" -o "inc/serial.o" "../inc/serial.c"
Finished building: ../inc/serial.c
 
Building target: advancedSerialComplete.elf
Invoking: MCU GCC Linker
arm-none-eabi-gcc -mcpu=cortex-m0 -mthumb -mfloat-abi=soft -L"/home/niks/stm32workspace/stm32f0discovery_stdperiph_lib/Debug" -T"/home/niks/stm32workspace/advancedSerialComplete/LinkerScript.ld" -Wl,-Map=output.map -Wl,--gc-sections -lm -o "advancedSerialComplete.elf" @"objects.list"  -lstm32f0discovery_stdperiph_lib
Finished building target: advancedSerialComplete.elf
 
make --no-print-directory post-build
Generating binary and Printing size information:
arm-none-eabi-objcopy -O binary "advancedSerialComplete.elf" "advancedSerialComplete.bin"
arm-none-eabi-size "advancedSerialComplete.elf"
   text	   data	    bss	    dec	    hex	filename
  20368	   1356	    440	  22164	   5694	advancedSerialComplete.elf
 
17:35:57 **** Incremental Build of configuration Debug for project stm32f0discovery_stdperiph_lib ****
make all 
make: Nothing to be done for 'all'.
17:35:57 **** Incremental Build of configuration Debug for project advancedSerialComplete ****
make all 
Building file: ../src/main.c
Invoking: MCU GCC Compiler
/home/niks/stm32workspace/advancedSerialComplete/Debug
arm-none-eabi-gcc -mcpu=cortex-m0 -mthumb -mfloat-abi=soft -DSTM32F051R8Tx -DSTM32F0 -DSTM32 -DSTM32F0DISCOVERY -DDEBUG -DUSE_STDPERIPH_DRIVER -DSTM32F051 -I"/home/niks/stm32workspace/stm32f0discovery_stdperiph_lib" -I"/home/niks/stm32workspace/advancedSerialComplete/inc" -I"/home/niks/stm32workspace/stm32f0discovery_stdperiph_lib/StdPeriph_Driver/inc" -I"/home/niks/stm32workspace/stm32f0discovery_stdperiph_lib/CMSIS/device" -I"/home/niks/stm32workspace/stm32f0discovery_stdperiph_lib/CMSIS/core" -I"/home/niks/stm32workspace/stm32f0discovery_stdperiph_lib/Utilities" -O0 -g3 -Wall -fmessage-length=0 -ffunction-sections -c -MMD -MP -MF"src/main.d" -MT"src/main.o" -o "src/main.o" "../src/main.c"
Finished building: ../src/main.c
 
Building target: advancedSerialComplete.elf
Invoking: MCU GCC Linker
arm-none-eabi-gcc -mcpu=cortex-m0 -mthumb -mfloat-abi=soft -L"/home/niks/stm32workspace/stm32f0discovery_stdperiph_lib/Debug" -T"/home/niks/stm32workspace/advancedSerialComplete/LinkerScript.ld" -Wl,-Map=output.map -Wl,--gc-sections -lm -o "advancedSerialComplete.elf" @"objects.list"  -lstm32f0discovery_stdperiph_lib
Finished building target: advancedSerialComplete.elf
 
make --no-print-directory post-build
Generating binary and Printing size information:
arm-none-eabi-objcopy -O binary "advancedSerialComplete.elf" "advancedSerialComplete.bin"
arm-none-eabi-size "advancedSerialComplete.elf"
   text	   data	    bss	    dec	    hex	filename
  20368	   1356	    440	  22164	   5694	advancedSerialComplete.elf
 
18:36:38 **** Incremental Build of configuration Debug for project stm32f0discovery_stdperiph_lib ****
make all 
make: Nothing to be done for 'all'.
18:36:39 **** Build of configuration Debug for project advancedSerialComplete ****
make all 
Building file: ../src/main.c
Invoking: MCU GCC Compiler
/home/niks/stm32workspace/advancedSerialComplete/Debug
arm-none-eabi-gcc -mcpu=cortex-m0 -mthumb -mfloat-abi=soft -DSTM32F051R8Tx -DSTM32F0 -DSTM32 -DSTM32F0DISCOVERY -DDEBUG -DUSE_STDPERIPH_DRIVER -DSTM32F051 -I"/home/niks/stm32workspace/stm32f0discovery_stdperiph_lib" -I"/home/niks/stm32workspace/advancedSerialComplete/inc" -I"/home/niks/stm32workspace/stm32f0discovery_stdperiph_lib/StdPeriph_Driver/inc" -I"/home/niks/stm32workspace/stm32f0discovery_stdperiph_lib/CMSIS/device" -I"/home/niks/stm32workspace/stm32f0discovery_stdperiph_lib/CMSIS/core" -I"/home/niks/stm32workspace/stm32f0discovery_stdperiph_lib/Utilities" -O0 -g3 -Wall -fmessage-length=0 -ffunction-sections -c -MMD -MP -MF"src/main.d" -MT"src/main.o" -o "src/main.o" "../src/main.c"
Finished building: ../src/main.c
 
Building target: advancedSerialComplete.elf
Invoking: MCU GCC Linker
arm-none-eabi-gcc -mcpu=cortex-m0 -mthumb -mfloat-abi=soft -L"/home/niks/stm32workspace/stm32f0discovery_stdperiph_lib/Debug" -T"/home/niks/stm32workspace/advancedSerialComplete/LinkerScript.ld" -Wl,-Map=output.map -Wl,--gc-sections -lm -o "advancedSerialComplete.elf" @"objects.list"  -lstm32f0discovery_stdperiph_lib
Finished building target: advancedSerialComplete.elf
 
make --no-print-directory post-build
Generating binary and Printing size information:
arm-none-eabi-objcopy -O binary "advancedSerialComplete.elf" "advancedSerialComplete.bin"
arm-none-eabi-size "advancedSerialComplete.elf"
   text	   data	    bss	    dec	    hex	filename
  20500	   1356	    440	  22296	   5718	advancedSerialComplete.elf
 
